{"case": "smoke-q4", "method": "pcg64-fused_ai", "rep": 0, "solver_seconds": 0.046325305476784706, "physical_passed": true}
{"case": "smoke-q4", "method": "ir-fused_ai64-fused_ai32", "rep": 0, "solver_seconds": 0.7963852528482676, "physical_passed": true}
{"case": "smoke-q4", "method": "ir-fused_ai64-node32", "rep": 0, "solver_seconds": 0.07118786033242941, "physical_passed": true}
{"case": "smoke-q4", "method": "pcg64-modal8", "rep": 0, "solver_seconds": 0.0455800574272871, "physical_passed": true}
{"case": "smoke-q4", "method": "ir-modal8-node32", "rep": 0, "solver_seconds": 0.07108694966882467, "physical_passed": true}
{"case": "smoke-q4", "method": "pcg64-fused_ai", "rep": 1, "solver_seconds": 0.04650539439171553, "physical_passed": true}
{"case": "smoke-q4", "method": "ir-fused_ai64-node32", "rep": 1, "solver_seconds": 0.07143061980605125, "physical_passed": true}
{"case": "smoke-q4", "method": "pcg64-modal8", "rep": 1, "solver_seconds": 0.04548652842640877, "physical_passed": true}
{"case": "smoke-q4", "method": "ir-fused_ai64-fused_ai32", "rep": 1, "solver_seconds": 0.07270426582545042, "physical_passed": true}
{"case": "smoke-q4", "method": "ir-modal8-node32", "rep": 1, "solver_seconds": 0.07079753093421459, "physical_passed": true}
{"case": "optimized-q64-E1e-6", "method": "pcg64-modal8", "rep": 0, "solver_seconds": 3.524831572547555, "physical_passed": true}
{"case": "optimized-q64-E1e-6", "method": "ir-fused_ai64-fused_ai32", "rep": 0, "solver_seconds": 5.339225742034614, "physical_passed": true}
{"case": "optimized-q64-E1e-6", "method": "ir-modal8-node32", "rep": 0, "solver_seconds": 5.368524141609669, "physical_passed": true}
{"case": "optimized-q64-E1e-6", "method": "ir-fused_ai64-node32", "rep": 0, "solver_seconds": 5.240375950932503, "physical_passed": true}
{"case": "optimized-q64-E1e-6", "method": "ir-modal8-node32", "rep": 1, "solver_seconds": 5.209327030926943, "physical_passed": true}
{"case": "optimized-q64-E1e-6", "method": "pcg64-modal8", "rep": 1, "solver_seconds": 3.5350791066884995, "physical_passed": true}
{"case": "optimized-q64-E1e-6", "method": "ir-fused_ai64-fused_ai32", "rep": 1, "solver_seconds": 5.3591278763487935, "physical_passed": true}
{"case": "optimized-q64-E1e-6", "method": "ir-fused_ai64-node32", "rep": 1, "solver_seconds": 5.232824902050197, "physical_passed": true}
{"case": "optimized-q96-E1e-6", "method": "ir-modal8-node32", "rep": 0, "solver_seconds": 12.943582522682846, "physical_passed": true}
{"case": "optimized-q96-E1e-6", "method": "ir-fused_ai64-node32", "rep": 0, "solver_seconds": 12.96528338175267, "physical_passed": true}
{"case": "optimized-q96-E1e-6", "method": "pcg64-modal8", "rep": 0, "solver_seconds": 20.34294405207038, "physical_passed": true}
{"case": "optimized-q96-E1e-6", "method": "ir-fused_ai64-fused_ai32", "rep": 0, "solver_seconds": 16.088875425048172, "physical_passed": true}
{"case": "optimized-q96-E1e-6", "method": "ir-fused_ai64-fused_ai32", "rep": 1, "solver_seconds": 16.277239720337093, "physical_passed": true}
{"case": "optimized-q96-E1e-6", "method": "ir-fused_ai64-node32", "rep": 1, "solver_seconds": 12.916870073415339, "physical_passed": true}
{"case": "optimized-q96-E1e-6", "method": "ir-modal8-node32", "rep": 1, "solver_seconds": 13.121612182818353, "physical_passed": true}
{"case": "optimized-q96-E1e-6", "method": "pcg64-modal8", "rep": 1, "solver_seconds": 20.33729966916144, "physical_passed": true}
{"case": "optimized-q64-E1e-9", "method": "pcg64-modal8", "rep": 0, "solver_seconds": 3.6642245007678866, "physical_passed": true}
{"case": "optimized-q64-E1e-9", "method": "ir-fused_ai64-node32", "rep": 0, "solver_seconds": 4.4283372880890965, "physical_passed": true}
{"case": "optimized-q64-E1e-9", "method": "pcg64-fused_ai", "rep": 0, "solver_seconds": 4.202244443818927, "physical_passed": true}
{"case": "optimized-q64-E1e-9", "method": "ir-fused_ai64-fused_ai32", "rep": 0, "solver_seconds": 4.818540867418051, "physical_passed": true}
{"case": "optimized-q64-E1e-9", "method": "ir-modal8-node32", "rep": 0, "solver_seconds": 4.732603255659342, "physical_passed": true}
{"case": "optimized-q64-E1e-9", "method": "ir-modal8-node32", "rep": 1, "solver_seconds": 5.140308789908886, "physical_passed": true}
{"case": "optimized-q64-E1e-9", "method": "pcg64-fused_ai", "rep": 1, "solver_seconds": 4.359881094656885, "physical_passed": true}
{"case": "optimized-q64-E1e-9", "method": "ir-fused_ai64-fused_ai32", "rep": 1, "solver_seconds": 4.672905633226037, "physical_passed": true}
{"case": "optimized-q64-E1e-9", "method": "ir-fused_ai64-node32", "rep": 1, "solver_seconds": 4.520366041921079, "physical_passed": true}
{"case": "optimized-q64-E1e-9", "method": "pcg64-modal8", "rep": 1, "solver_seconds": 3.6434570467099547, "physical_passed": true}
{"case": "optimized-q96-E1e-9", "method": "pcg64-fused_ai", "rep": 0, "solver_seconds": 23.575384402647614, "physical_passed": true}
{"case": "optimized-q96-E1e-9", "method": "ir-fused_ai64-fused_ai32", "rep": 0, "solver_seconds": 17.252455194480717, "physical_passed": true}
{"case": "optimized-q96-E1e-9", "method": "ir-fused_ai64-node32", "rep": 0, "solver_seconds": 13.885233879089355, "physical_passed": true}
{"case": "optimized-q96-E1e-9", "method": "ir-modal8-node32", "rep": 0, "solver_seconds": 13.897717764601111, "physical_passed": true}
{"case": "optimized-q96-E1e-9", "method": "pcg64-modal8", "rep": 0, "solver_seconds": 20.824812513776124, "physical_passed": true}
{"case": "optimized-q96-E1e-9", "method": "ir-fused_ai64-node32", "rep": 1, "solver_seconds": 14.171414795331657, "physical_passed": true}
{"case": "optimized-q96-E1e-9", "method": "pcg64-fused_ai", "rep": 1, "solver_seconds": 23.589602859690785, "physical_passed": true}
{"case": "optimized-q96-E1e-9", "method": "ir-fused_ai64-fused_ai32", "rep": 1, "solver_seconds": 17.330796325579286, "physical_passed": true}
{"case": "optimized-q96-E1e-9", "method": "ir-modal8-node32", "rep": 1, "solver_seconds": 13.25285762641579, "physical_passed": true}
{"case": "optimized-q96-E1e-9", "method": "pcg64-modal8", "rep": 1, "solver_seconds": 20.967639206908643, "physical_passed": true}
