2026-09-26T04:53:51.640644+00:00 W2a 1M fp64 block 0 fused_ai_fp64
2026-09-26T04:55:07.315064+00:00 W2a 1M fp64 block 0 modal8_muladd
2026-09-26T04:56:12.932316+00:00 W2a 1M fp64 block 0 node_fp64
2026-09-26T04:57:17.088952+00:00 W2a 1M fp64 block 0 stock
2026-09-26T04:58:33.937911+00:00 W2a 1M fp64 block 1 modal8_muladd
2026-09-26T04:58:55.723235+00:00 W2a 1M fp64 block 1 fused_ai_fp64
2026-09-26T04:59:17.392429+00:00 W2a 1M fp64 block 1 stock
2026-09-26T04:59:40.733728+00:00 W2a 1M fp64 block 1 node_fp64
2026-09-26T05:00:02.110908+00:00 W2a 1M mixed block 0 node_fp64
2026-09-26T05:01:08.482235+00:00 W2a 1M mixed block 0 modal8_muladd
2026-09-26T05:02:14.216213+00:00 W2a 1M mixed block 0 fused_ai_fp64
2026-09-26T05:03:19.298942+00:00 W2a 1M mixed block 0 stock
2026-09-26T05:04:29.012808+00:00 W2a 1M mixed block 1 modal8_muladd
2026-09-26T05:04:50.602948+00:00 W2a 1M mixed block 1 node_fp64
2026-09-26T05:05:12.427909+00:00 W2a 1M mixed block 1 stock
2026-09-26T05:05:35.459819+00:00 W2a 1M mixed block 1 fused_ai_fp64
2026-09-26T05:05:57.060892+00:00 W2a 2M fp64 block 0 modal8_muladd
2026-09-26T05:07:22.412747+00:00 W2a 2M fp64 block 0 fused_ai_fp64
2026-09-26T05:08:44.633882+00:00 W2a 2M fp64 block 0 stock
2026-09-26T05:10:30.768739+00:00 W2a 2M fp64 block 0 node_fp64
2026-09-26T05:11:51.332022+00:00 W2a 2M fp64 block 1 modal8_muladd
2026-09-26T05:12:26.971027+00:00 W2a 2M fp64 block 1 stock
2026-09-26T05:13:05.581732+00:00 W2a 2M fp64 block 1 fused_ai_fp64
2026-09-26T05:13:41.026635+00:00 W2a 2M fp64 block 1 node_fp64
2026-09-26T05:14:16.249840+00:00 W2a 2M mixed block 0 modal8_muladd
2026-09-26T05:15:38.200040+00:00 W2a 2M mixed block 0 fused_ai_fp64
2026-09-26T05:16:58.817872+00:00 W2a 2M mixed block 0 node_fp64
2026-09-26T05:18:20.263592+00:00 W2a 2M mixed block 0 stock
2026-09-26T05:19:51.158662+00:00 W2a 2M mixed block 1 fused_ai_fp64
2026-09-26T05:20:26.900802+00:00 W2a 2M mixed block 1 node_fp64
2026-09-26T05:21:01.940738+00:00 W2a 2M mixed block 1 stock
2026-09-26T05:21:38.574478+00:00 W2a 2M mixed block 1 modal8_muladd
