{"case": "smoke-q4", "products_ms_median": {"fused_ai_fp64": 0.021555200219154358, "fused_fp64": 0.020326399803161622, "node_fp64": 0.022988800704479218, "dense8": 0.01730560064315796, "modal8": 0.016998399794101716, "modal8_muladd": 0.017153599858283998, "modal8_signbit": 0.017399999499320983}}
{"case": "smoke-q4", "arm": "mg64-modal8_muladd", "rep": 0, "iterations": 1, "solver_seconds": 0.001042448915541172, "physical_passed": true}
{"case": "smoke-q4", "arm": "mg64-node", "rep": 0, "iterations": 1, "solver_seconds": 0.0010487288236618042, "physical_passed": true}
{"case": "smoke-q4", "arm": "mg32-modal8-node32", "rep": 0, "iterations": 2, "solver_seconds": 0.002010225784033537, "physical_passed": true}
{"case": "smoke-q4", "arm": "mg64-dense8", "rep": 0, "iterations": 1, "solver_seconds": 0.0010444489307701588, "physical_passed": true}
{"case": "smoke-q4", "arm": "mg32-node64-node32", "rep": 0, "iterations": 2, "solver_seconds": 0.0019815568812191486, "physical_passed": true}
{"case": "smoke-q4", "arm": "mg32-modal8_muladd-node32", "rep": 0, "iterations": 2, "solver_seconds": 0.0020064562559127808, "physical_passed": true}
{"case": "smoke-q4", "arm": "mg64-modal8", "rep": 0, "iterations": 1, "solver_seconds": 0.0011319192126393318, "physical_passed": true}
{"case": "smoke-q4", "arm": "mg64-fused_ai", "rep": 0, "iterations": 1, "solver_seconds": 0.0010512080043554306, "physical_passed": true}
{"case": "smoke-q4", "arm": "mg64-modal8_signbit", "rep": 0, "iterations": 1, "solver_seconds": 0.00104523915797472, "physical_passed": true}
{"case": "smoke-q4", "arm": "mg32-fused_ai64-node32", "rep": 0, "iterations": 2, "solver_seconds": 0.0020896270871162415, "physical_passed": true}
{"case": "smoke-q4", "arm": "mg64-fused", "rep": 0, "iterations": 1, "solver_seconds": 0.001040459144860506, "physical_passed": true}
{"case": "smoke-q4", "arm": "mg64-modal8_signbit", "rep": 1, "iterations": 1, "solver_seconds": 0.001028378028422594, "physical_passed": true}
{"case": "smoke-q4", "arm": "mg32-fused_ai64-node32", "rep": 1, "iterations": 2, "solver_seconds": 0.0019858763553202152, "physical_passed": true}
{"case": "smoke-q4", "arm": "mg64-modal8_muladd", "rep": 1, "iterations": 1, "solver_seconds": 0.001033108215779066, "physical_passed": true}
{"case": "smoke-q4", "arm": "mg64-fused", "rep": 1, "iterations": 1, "solver_seconds": 0.0010184478014707565, "physical_passed": true}
{"case": "smoke-q4", "arm": "mg32-modal8_muladd-node32", "rep": 1, "iterations": 2, "solver_seconds": 0.0019713761284947395, "physical_passed": true}
{"case": "smoke-q4", "arm": "mg64-dense8", "rep": 1, "iterations": 1, "solver_seconds": 0.001027998048812151, "physical_passed": true}
{"case": "smoke-q4", "arm": "mg64-modal8", "rep": 1, "iterations": 1, "solver_seconds": 0.0010217479430139065, "physical_passed": true}
{"case": "smoke-q4", "arm": "mg64-node", "rep": 1, "iterations": 1, "solver_seconds": 0.0010250783525407314, "physical_passed": true}
{"case": "smoke-q4", "arm": "mg32-modal8-node32", "rep": 1, "iterations": 2, "solver_seconds": 0.001987906638532877, "physical_passed": true}
{"case": "smoke-q4", "arm": "mg64-fused_ai", "rep": 1, "iterations": 1, "solver_seconds": 0.001221930142492056, "physical_passed": true}
{"case": "smoke-q4", "arm": "mg32-node64-node32", "rep": 1, "iterations": 2, "solver_seconds": 0.0019717360846698284, "physical_passed": true}
{"case": "smoke-q4", "arm": "mg32-fused_ai64-node32", "rep": 2, "iterations": 2, "solver_seconds": 0.002030415926128626, "physical_passed": true}
{"case": "smoke-q4", "arm": "mg64-modal8", "rep": 2, "iterations": 1, "solver_seconds": 0.0010051988065242767, "physical_passed": true}
{"case": "smoke-q4", "arm": "mg64-fused_ai", "rep": 2, "iterations": 1, "solver_seconds": 0.0010307291522622108, "physical_passed": true}
{"case": "smoke-q4", "arm": "mg64-modal8_muladd", "rep": 2, "iterations": 1, "solver_seconds": 0.0010759290307760239, "physical_passed": true}
{"case": "smoke-q4", "arm": "mg32-modal8-node32", "rep": 2, "iterations": 2, "solver_seconds": 0.002025245688855648, "physical_passed": true}
{"case": "smoke-q4", "arm": "mg64-fused", "rep": 2, "iterations": 1, "solver_seconds": 0.0010283594019711018, "physical_passed": true}
{"case": "smoke-q4", "arm": "mg32-node64-node32", "rep": 2, "iterations": 2, "solver_seconds": 0.0020792572759091854, "physical_passed": true}
{"case": "smoke-q4", "arm": "mg64-dense8", "rep": 2, "iterations": 1, "solver_seconds": 0.0010467888787388802, "physical_passed": true}
{"case": "smoke-q4", "arm": "mg64-node", "rep": 2, "iterations": 1, "solver_seconds": 0.0010213591158390045, "physical_passed": true}
{"case": "smoke-q4", "arm": "mg32-modal8_muladd-node32", "rep": 2, "iterations": 2, "solver_seconds": 0.0020448057912290096, "physical_passed": true}
{"case": "smoke-q4", "arm": "mg64-modal8_signbit", "rep": 2, "iterations": 1, "solver_seconds": 0.0010541877709329128, "physical_passed": true}
{"case": "smoke-q4", "arm": "mg32-modal8_muladd-node32", "rep": 3, "iterations": 2, "solver_seconds": 0.001977086067199707, "physical_passed": true}
{"case": "smoke-q4", "arm": "mg32-modal8-node32", "rep": 3, "iterations": 2, "solver_seconds": 0.0020373971201479435, "physical_passed": true}
{"case": "smoke-q4", "arm": "mg64-modal8", "rep": 3, "iterations": 1, "solver_seconds": 0.001016899012029171, "physical_passed": true}
{"case": "smoke-q4", "arm": "mg64-modal8_muladd", "rep": 3, "iterations": 1, "solver_seconds": 0.0010457583703100681, "physical_passed": true}
{"case": "smoke-q4", "arm": "mg64-fused_ai", "rep": 3, "iterations": 1, "solver_seconds": 0.001028429251164198, "physical_passed": true}
{"case": "smoke-q4", "arm": "mg64-dense8", "rep": 3, "iterations": 1, "solver_seconds": 0.0010135583579540253, "physical_passed": true}
{"case": "smoke-q4", "arm": "mg64-node", "rep": 3, "iterations": 1, "solver_seconds": 0.0010232278145849705, "physical_passed": true}
{"case": "smoke-q4", "arm": "mg64-modal8_signbit", "rep": 3, "iterations": 1, "solver_seconds": 0.0010176780633628368, "physical_passed": true}
{"case": "smoke-q4", "arm": "mg32-node64-node32", "rep": 3, "iterations": 2, "solver_seconds": 0.0019132960587739944, "physical_passed": true}
{"case": "smoke-q4", "arm": "mg32-fused_ai64-node32", "rep": 3, "iterations": 2, "solver_seconds": 0.001972006168216467, "physical_passed": true}
{"case": "smoke-q4", "arm": "mg64-fused", "rep": 3, "iterations": 1, "solver_seconds": 0.0010308688506484032, "physical_passed": true}
{"case": "smoke-q4", "arm": "mg64-fused_ai", "rep": 4, "iterations": 1, "solver_seconds": 0.0010335687547922134, "physical_passed": true}
{"case": "smoke-q4", "arm": "mg64-node", "rep": 4, "iterations": 1, "solver_seconds": 0.0009970078244805336, "physical_passed": true}
{"case": "smoke-q4", "arm": "mg32-modal8-node32", "rep": 4, "iterations": 2, "solver_seconds": 0.002008995972573757, "physical_passed": true}
{"case": "smoke-q4", "arm": "mg64-modal8", "rep": 4, "iterations": 1, "solver_seconds": 0.0010701590217649937, "physical_passed": true}
{"case": "smoke-q4", "arm": "mg32-fused_ai64-node32", "rep": 4, "iterations": 2, "solver_seconds": 0.002075756900012493, "physical_passed": true}
{"case": "smoke-q4", "arm": "mg64-fused", "rep": 4, "iterations": 1, "solver_seconds": 0.001024818979203701, "physical_passed": true}
{"case": "smoke-q4", "arm": "mg64-modal8_signbit", "rep": 4, "iterations": 1, "solver_seconds": 0.0010170778259634972, "physical_passed": true}
{"case": "smoke-q4", "arm": "mg64-dense8", "rep": 4, "iterations": 1, "solver_seconds": 0.0010153688490390778, "physical_passed": true}
{"case": "smoke-q4", "arm": "mg32-node64-node32", "rep": 4, "iterations": 2, "solver_seconds": 0.0019774772226810455, "physical_passed": true}
{"case": "smoke-q4", "arm": "mg32-modal8_muladd-node32", "rep": 4, "iterations": 2, "solver_seconds": 0.0019801361486315727, "physical_passed": true}
{"case": "smoke-q4", "arm": "mg64-modal8_muladd", "rep": 4, "iterations": 1, "solver_seconds": 0.0010312884114682674, "physical_passed": true}
{"case": "optimized-q64", "products_ms_median": {"fused_ai_fp64": 0.4700672149658203, "fused_fp64": 0.4815360069274902, "node_fp64": 0.6310400009155274, "dense8": 0.4901887893676758, "modal8": 0.355731201171875, "modal8_muladd": 0.21672320365905762, "modal8_signbit": 0.22640480995178222}}
{"case": "optimized-q64", "arm": "mg32-fused_ai64-node32", "rep": 0, "iterations": 13, "solver_seconds": 0.09750755596905947, "physical_passed": true}
{"case": "optimized-q64", "arm": "mg64-modal8_signbit", "rep": 0, "iterations": 13, "solver_seconds": 0.10450954176485538, "physical_passed": true}
{"case": "optimized-q64", "arm": "mg32-node64-node32", "rep": 0, "iterations": 13, "solver_seconds": 0.10884022805839777, "physical_passed": true}
{"case": "optimized-q64", "arm": "mg32-modal8_muladd-node32", "rep": 0, "iterations": 13, "solver_seconds": 0.09247096395120025, "physical_passed": true}
{"case": "optimized-q64", "arm": "mg64-fused_ai", "rep": 0, "iterations": 13, "solver_seconds": 0.12454803520813584, "physical_passed": true}
{"case": "optimized-q64", "arm": "mg64-fused", "rep": 0, "iterations": 13, "solver_seconds": 0.12910090200603008, "physical_passed": true}
{"case": "optimized-q64", "arm": "mg32-modal8-node32", "rep": 0, "iterations": 13, "solver_seconds": 0.09288071701303124, "physical_passed": true}
{"case": "optimized-q64", "arm": "mg64-modal8_muladd", "rep": 0, "iterations": 13, "solver_seconds": 0.1005849689245224, "physical_passed": true}
{"case": "optimized-q64", "arm": "mg64-dense8", "rep": 0, "iterations": 13, "solver_seconds": 0.12783671030774713, "physical_passed": true}
{"case": "optimized-q64", "arm": "mg64-node", "rep": 0, "iterations": 13, "solver_seconds": 0.14018230978399515, "physical_passed": true}
{"case": "optimized-q64", "arm": "mg64-modal8", "rep": 0, "iterations": 13, "solver_seconds": 0.11092709191143513, "physical_passed": true}
{"case": "optimized-q64", "arm": "mg64-modal8", "rep": 1, "iterations": 13, "solver_seconds": 0.11136808525770903, "physical_passed": true}
{"case": "optimized-q64", "arm": "mg32-modal8-node32", "rep": 1, "iterations": 13, "solver_seconds": 0.0942655261605978, "physical_passed": true}
{"case": "optimized-q64", "arm": "mg32-modal8_muladd-node32", "rep": 1, "iterations": 13, "solver_seconds": 0.09096952993422747, "physical_passed": true}
{"case": "optimized-q64", "arm": "mg64-dense8", "rep": 1, "iterations": 13, "solver_seconds": 0.12361886538565159, "physical_passed": true}
{"case": "optimized-q64", "arm": "mg64-node", "rep": 1, "iterations": 13, "solver_seconds": 0.14013900887221098, "physical_passed": true}
{"case": "optimized-q64", "arm": "mg32-fused_ai64-node32", "rep": 1, "iterations": 13, "solver_seconds": 0.09800835605710745, "physical_passed": true}
{"case": "optimized-q64", "arm": "mg64-modal8_muladd", "rep": 1, "iterations": 13, "solver_seconds": 0.10184978693723679, "physical_passed": true}
{"case": "optimized-q64", "arm": "mg32-node64-node32", "rep": 1, "iterations": 13, "solver_seconds": 0.10085703898221254, "physical_passed": true}
{"case": "optimized-q64", "arm": "mg64-modal8_signbit", "rep": 1, "iterations": 13, "solver_seconds": 0.10213196882978082, "physical_passed": true}
{"case": "optimized-q64", "arm": "mg64-fused", "rep": 1, "iterations": 13, "solver_seconds": 0.12665991904214025, "physical_passed": true}
{"case": "optimized-q64", "arm": "mg64-fused_ai", "rep": 1, "iterations": 13, "solver_seconds": 0.12205541087314487, "physical_passed": true}
{"case": "optimized-q64", "arm": "mg64-modal8", "rep": 2, "iterations": 13, "solver_seconds": 0.11235483270138502, "physical_passed": true}
{"case": "optimized-q64", "arm": "mg64-modal8_signbit", "rep": 2, "iterations": 13, "solver_seconds": 0.10188078694045544, "physical_passed": true}
{"case": "optimized-q64", "arm": "mg64-fused", "rep": 2, "iterations": 13, "solver_seconds": 0.126957340631634, "physical_passed": true}
{"case": "optimized-q64", "arm": "mg64-modal8_muladd", "rep": 2, "iterations": 13, "solver_seconds": 0.10628004325553775, "physical_passed": true}
{"case": "optimized-q64", "arm": "mg32-modal8-node32", "rep": 2, "iterations": 13, "solver_seconds": 0.09521169308573008, "physical_passed": true}
{"case": "optimized-q64", "arm": "mg64-node", "rep": 2, "iterations": 13, "solver_seconds": 0.14035423006862402, "physical_passed": true}
{"case": "optimized-q64", "arm": "mg32-modal8_muladd-node32", "rep": 2, "iterations": 13, "solver_seconds": 0.09079481707885861, "physical_passed": true}
{"case": "optimized-q64", "arm": "mg64-dense8", "rep": 2, "iterations": 13, "solver_seconds": 0.12330843973904848, "physical_passed": true}
{"case": "optimized-q64", "arm": "mg32-node64-node32", "rep": 2, "iterations": 13, "solver_seconds": 0.10138649307191372, "physical_passed": true}
{"case": "optimized-q64", "arm": "mg64-fused_ai", "rep": 2, "iterations": 13, "solver_seconds": 0.12149085476994514, "physical_passed": true}
{"case": "optimized-q64", "arm": "mg32-fused_ai64-node32", "rep": 2, "iterations": 13, "solver_seconds": 0.0976101215928793, "physical_passed": true}
{"case": "optimized-q64", "arm": "mg32-fused_ai64-node32", "rep": 3, "iterations": 13, "solver_seconds": 0.09673526417464018, "physical_passed": true}
{"case": "optimized-q64", "arm": "mg64-modal8_muladd", "rep": 3, "iterations": 13, "solver_seconds": 0.10194320697337389, "physical_passed": true}
{"case": "optimized-q64", "arm": "mg32-modal8-node32", "rep": 3, "iterations": 13, "solver_seconds": 0.09446673607453704, "physical_passed": true}
{"case": "optimized-q64", "arm": "mg64-modal8", "rep": 3, "iterations": 13, "solver_seconds": 0.11208780901506543, "physical_passed": true}
{"case": "optimized-q64", "arm": "mg64-dense8", "rep": 3, "iterations": 13, "solver_seconds": 0.12259842408820987, "physical_passed": true}
{"case": "optimized-q64", "arm": "mg64-fused", "rep": 3, "iterations": 13, "solver_seconds": 0.12675973726436496, "physical_passed": true}
{"case": "optimized-q64", "arm": "mg64-modal8_signbit", "rep": 3, "iterations": 13, "solver_seconds": 0.10163282416760921, "physical_passed": true}
{"case": "optimized-q64", "arm": "mg64-fused_ai", "rep": 3, "iterations": 13, "solver_seconds": 0.12294328585267067, "physical_passed": true}
{"case": "optimized-q64", "arm": "mg32-modal8_muladd-node32", "rep": 3, "iterations": 13, "solver_seconds": 0.09369010897353292, "physical_passed": true}
{"case": "optimized-q64", "arm": "mg64-node", "rep": 3, "iterations": 13, "solver_seconds": 0.14202414127066731, "physical_passed": true}
{"case": "optimized-q64", "arm": "mg32-node64-node32", "rep": 3, "iterations": 13, "solver_seconds": 0.10178285418078303, "physical_passed": true}
{"case": "optimized-q64", "arm": "mg32-modal8_muladd-node32", "rep": 4, "iterations": 13, "solver_seconds": 0.09466768708080053, "physical_passed": true}
{"case": "optimized-q64", "arm": "mg64-fused", "rep": 4, "iterations": 13, "solver_seconds": 0.1269015371799469, "physical_passed": true}
{"case": "optimized-q64", "arm": "mg64-modal8_signbit", "rep": 4, "iterations": 13, "solver_seconds": 0.10240835882723331, "physical_passed": true}
{"case": "optimized-q64", "arm": "mg32-node64-node32", "rep": 4, "iterations": 13, "solver_seconds": 0.1010527079924941, "physical_passed": true}
{"case": "optimized-q64", "arm": "mg64-fused_ai", "rep": 4, "iterations": 13, "solver_seconds": 0.12162862438708544, "physical_passed": true}
{"case": "optimized-q64", "arm": "mg32-modal8-node32", "rep": 4, "iterations": 13, "solver_seconds": 0.09341593598946929, "physical_passed": true}
{"case": "optimized-q64", "arm": "mg64-modal8", "rep": 4, "iterations": 13, "solver_seconds": 0.11332778725773096, "physical_passed": true}
{"case": "optimized-q64", "arm": "mg32-fused_ai64-node32", "rep": 4, "iterations": 13, "solver_seconds": 0.09843384567648172, "physical_passed": true}
{"case": "optimized-q64", "arm": "mg64-dense8", "rep": 4, "iterations": 13, "solver_seconds": 0.124052703846246, "physical_passed": true}
{"case": "optimized-q64", "arm": "mg64-node", "rep": 4, "iterations": 13, "solver_seconds": 0.14054797682911158, "physical_passed": true}
{"case": "optimized-q64", "arm": "mg64-modal8_muladd", "rep": 4, "iterations": 13, "solver_seconds": 0.10328821605071425, "physical_passed": true}
{"case": "optimized-q96", "products_ms_median": {"fused_ai_fp64": 1.5773183822631835, "fused_fp64": 1.6073728561401368, "node_fp64": 2.0876287460327148, "dense8": 1.6416719436645508, "modal8": 1.1886079788208008, "modal8_muladd": 0.718017578125, "modal8_signbit": 0.7500400066375732}}
{"case": "optimized-q96", "arm": "mg32-modal8-node32", "rep": 0, "iterations": 24, "solver_seconds": 0.353846563026309, "physical_passed": true}
{"case": "optimized-q96", "arm": "mg32-modal8_muladd-node32", "rep": 0, "iterations": 24, "solver_seconds": 0.3267560522072017, "physical_passed": true}
{"case": "optimized-q96", "arm": "mg32-fused_ai64-node32", "rep": 0, "iterations": 24, "solver_seconds": 0.3767406395636499, "physical_passed": true}
{"case": "optimized-q96", "arm": "mg64-fused_ai", "rep": 0, "iterations": 24, "solver_seconds": 0.7547644949518144, "physical_passed": true}
{"case": "optimized-q96", "arm": "mg64-fused", "rep": 0, "iterations": 24, "solver_seconds": 0.7644931259565055, "physical_passed": true}
{"case": "optimized-q96", "arm": "mg32-node64-node32", "rep": 0, "iterations": 24, "solver_seconds": 0.3966366802342236, "physical_passed": true}
{"case": "optimized-q96", "arm": "mg64-dense8", "rep": 0, "iterations": 24, "solver_seconds": 0.7705520307645202, "physical_passed": true}
{"case": "optimized-q96", "arm": "mg64-modal8_muladd", "rep": 0, "iterations": 24, "solver_seconds": 0.5469007808715105, "physical_passed": true}
{"case": "optimized-q96", "arm": "mg64-modal8_signbit", "rep": 0, "iterations": 24, "solver_seconds": 0.5596934491768479, "physical_passed": true}
{"case": "optimized-q96", "arm": "mg64-modal8", "rep": 0, "iterations": 24, "solver_seconds": 0.6643975377082825, "physical_passed": true}
{"case": "optimized-q96", "arm": "mg64-node", "rep": 0, "iterations": 24, "solver_seconds": 0.872135282959789, "physical_passed": true}
{"case": "optimized-q96", "arm": "mg32-modal8_muladd-node32", "rep": 1, "iterations": 24, "solver_seconds": 0.3248355812393129, "physical_passed": true}
{"case": "optimized-q96", "arm": "mg64-modal8_signbit", "rep": 1, "iterations": 24, "solver_seconds": 0.5524071757681668, "physical_passed": true}
{"case": "optimized-q96", "arm": "mg64-dense8", "rep": 1, "iterations": 24, "solver_seconds": 0.766154739074409, "physical_passed": true}
{"case": "optimized-q96", "arm": "mg32-fused_ai64-node32", "rep": 1, "iterations": 24, "solver_seconds": 0.36541951866820455, "physical_passed": true}
{"case": "optimized-q96", "arm": "mg64-fused_ai", "rep": 1, "iterations": 24, "solver_seconds": 0.7515890700742602, "physical_passed": true}
{"case": "optimized-q96", "arm": "mg32-node64-node32", "rep": 1, "iterations": 24, "solver_seconds": 0.38788152299821377, "physical_passed": true}
{"case": "optimized-q96", "arm": "mg64-node", "rep": 1, "iterations": 24, "solver_seconds": 0.870112151838839, "physical_passed": true}
{"case": "optimized-q96", "arm": "mg64-modal8_muladd", "rep": 1, "iterations": 24, "solver_seconds": 0.5438130060210824, "physical_passed": true}
{"case": "optimized-q96", "arm": "mg32-modal8-node32", "rep": 1, "iterations": 24, "solver_seconds": 0.3456729860045016, "physical_passed": true}
{"case": "optimized-q96", "arm": "mg64-fused", "rep": 1, "iterations": 24, "solver_seconds": 0.7596960598602891, "physical_passed": true}
{"case": "optimized-q96", "arm": "mg64-modal8", "rep": 1, "iterations": 24, "solver_seconds": 0.6578118111938238, "physical_passed": true}
{"case": "optimized-q96", "arm": "mg64-modal8_signbit", "rep": 2, "iterations": 24, "solver_seconds": 0.5527584091760218, "physical_passed": true}
{"case": "optimized-q96", "arm": "mg32-modal8-node32", "rep": 2, "iterations": 24, "solver_seconds": 0.34350620303303003, "physical_passed": true}
{"case": "optimized-q96", "arm": "mg32-modal8_muladd-node32", "rep": 2, "iterations": 24, "solver_seconds": 0.32603244483470917, "physical_passed": true}
{"case": "optimized-q96", "arm": "mg64-fused", "rep": 2, "iterations": 24, "solver_seconds": 0.7591538126580417, "physical_passed": true}
{"case": "optimized-q96", "arm": "mg64-modal8_muladd", "rep": 2, "iterations": 24, "solver_seconds": 0.5441339039243758, "physical_passed": true}
{"case": "optimized-q96", "arm": "mg32-node64-node32", "rep": 2, "iterations": 24, "solver_seconds": 0.3911319151520729, "physical_passed": true}
{"case": "optimized-q96", "arm": "mg64-fused_ai", "rep": 2, "iterations": 24, "solver_seconds": 0.7509294808842242, "physical_passed": true}
{"case": "optimized-q96", "arm": "mg64-node", "rep": 2, "iterations": 24, "solver_seconds": 0.8701075059361756, "physical_passed": true}
{"case": "optimized-q96", "arm": "mg64-dense8", "rep": 2, "iterations": 24, "solver_seconds": 0.7667411086149514, "physical_passed": true}
{"case": "optimized-q96", "arm": "mg32-fused_ai64-node32", "rep": 2, "iterations": 24, "solver_seconds": 0.36525200633332133, "physical_passed": true}
{"case": "optimized-q96", "arm": "mg64-modal8", "rep": 2, "iterations": 24, "solver_seconds": 0.6582751199603081, "physical_passed": true}
{"case": "optimized-q96", "arm": "mg32-node64-node32", "rep": 3, "iterations": 24, "solver_seconds": 0.40682819997891784, "physical_passed": true}
{"case": "optimized-q96", "arm": "mg64-modal8", "rep": 3, "iterations": 24, "solver_seconds": 0.6573112490586936, "physical_passed": true}
{"case": "optimized-q96", "arm": "mg64-dense8", "rep": 3, "iterations": 24, "solver_seconds": 0.7662659119814634, "physical_passed": true}
{"case": "optimized-q96", "arm": "mg32-modal8-node32", "rep": 3, "iterations": 24, "solver_seconds": 0.3478969228453934, "physical_passed": true}
{"case": "optimized-q96", "arm": "mg64-modal8_muladd", "rep": 3, "iterations": 24, "solver_seconds": 0.544257934205234, "physical_passed": true}
{"case": "optimized-q96", "arm": "mg64-node", "rep": 3, "iterations": 24, "solver_seconds": 0.8688490488566458, "physical_passed": true}
{"case": "optimized-q96", "arm": "mg64-fused", "rep": 3, "iterations": 24, "solver_seconds": 0.7596641490235925, "physical_passed": true}
{"case": "optimized-q96", "arm": "mg32-modal8_muladd-node32", "rep": 3, "iterations": 24, "solver_seconds": 0.321494301315397, "physical_passed": true}
{"case": "optimized-q96", "arm": "mg64-modal8_signbit", "rep": 3, "iterations": 24, "solver_seconds": 0.5521265892311931, "physical_passed": true}
{"case": "optimized-q96", "arm": "mg64-fused_ai", "rep": 3, "iterations": 24, "solver_seconds": 0.7519705020822585, "physical_passed": true}
{"case": "optimized-q96", "arm": "mg32-fused_ai64-node32", "rep": 3, "iterations": 24, "solver_seconds": 0.37175678089261055, "physical_passed": true}
{"case": "optimized-q96", "arm": "mg64-dense8", "rep": 4, "iterations": 24, "solver_seconds": 0.7670003948733211, "physical_passed": true}
{"case": "optimized-q96", "arm": "mg64-node", "rep": 4, "iterations": 24, "solver_seconds": 0.8693431122228503, "physical_passed": true}
{"case": "optimized-q96", "arm": "mg32-node64-node32", "rep": 4, "iterations": 24, "solver_seconds": 0.3974078088067472, "physical_passed": true}
{"case": "optimized-q96", "arm": "mg32-modal8-node32", "rep": 4, "iterations": 24, "solver_seconds": 0.34939366206526756, "physical_passed": true}
{"case": "optimized-q96", "arm": "mg32-fused_ai64-node32", "rep": 4, "iterations": 24, "solver_seconds": 0.36891730409115553, "physical_passed": true}
{"case": "optimized-q96", "arm": "mg64-modal8_signbit", "rep": 4, "iterations": 24, "solver_seconds": 0.5533285033889115, "physical_passed": true}
{"case": "optimized-q96", "arm": "mg64-fused", "rep": 4, "iterations": 24, "solver_seconds": 0.7606256497092545, "physical_passed": true}
{"case": "optimized-q96", "arm": "mg64-modal8_muladd", "rep": 4, "iterations": 24, "solver_seconds": 0.544777253177017, "physical_passed": true}
{"case": "optimized-q96", "arm": "mg32-modal8_muladd-node32", "rep": 4, "iterations": 24, "solver_seconds": 0.33151997718960047, "physical_passed": true}
{"case": "optimized-q96", "arm": "mg64-fused_ai", "rep": 4, "iterations": 24, "solver_seconds": 0.7511559091508389, "physical_passed": true}
{"case": "optimized-q96", "arm": "mg64-modal8", "rep": 4, "iterations": 24, "solver_seconds": 0.6581953619606793, "physical_passed": true}
{"case": "uniform-q64", "products_ms_median": {"fused_ai_fp64": 0.4701695919036865, "fused_fp64": 0.48102397918701173, "node_fp64": 0.6306303977966309, "dense8": 0.4902912139892578, "modal8": 0.3555327892303467, "modal8_muladd": 0.21719040870666503, "modal8_signbit": 0.2264575958251953}}
{"case": "uniform-q64", "arm": "mg32-modal8-node32", "rep": 0, "iterations": 9, "solver_seconds": 0.06565292133018374, "physical_passed": true}
{"case": "uniform-q64", "arm": "mg32-fused_ai64-node32", "rep": 0, "iterations": 9, "solver_seconds": 0.07032756693661213, "physical_passed": true}
{"case": "uniform-q64", "arm": "mg32-node64-node32", "rep": 0, "iterations": 9, "solver_seconds": 0.07335703074932098, "physical_passed": true}
{"case": "uniform-q64", "arm": "mg64-dense8", "rep": 0, "iterations": 9, "solver_seconds": 0.08894086023792624, "physical_passed": true}
{"case": "uniform-q64", "arm": "mg32-modal8_muladd-node32", "rep": 0, "iterations": 9, "solver_seconds": 0.06560915103182197, "physical_passed": true}
{"case": "uniform-q64", "arm": "mg64-modal8_muladd", "rep": 0, "iterations": 9, "solver_seconds": 0.07348576094955206, "physical_passed": true}
{"case": "uniform-q64", "arm": "mg64-node", "rep": 0, "iterations": 9, "solver_seconds": 0.1019472680054605, "physical_passed": true}
{"case": "uniform-q64", "arm": "mg64-fused_ai", "rep": 0, "iterations": 9, "solver_seconds": 0.08728453516960144, "physical_passed": true}
{"case": "uniform-q64", "arm": "mg64-fused", "rep": 0, "iterations": 9, "solver_seconds": 0.0881568817421794, "physical_passed": true}
{"case": "uniform-q64", "arm": "mg64-modal8_signbit", "rep": 0, "iterations": 9, "solver_seconds": 0.07270344439893961, "physical_passed": true}
{"case": "uniform-q64", "arm": "mg64-modal8", "rep": 0, "iterations": 9, "solver_seconds": 0.08088542614132166, "physical_passed": true}
{"case": "uniform-q64", "arm": "mg64-node", "rep": 1, "iterations": 9, "solver_seconds": 0.10153594380244613, "physical_passed": true}
{"case": "uniform-q64", "arm": "mg64-modal8_muladd", "rep": 1, "iterations": 9, "solver_seconds": 0.0707865790463984, "physical_passed": true}
{"case": "uniform-q64", "arm": "mg64-fused", "rep": 1, "iterations": 9, "solver_seconds": 0.09100346406921744, "physical_passed": true}
{"case": "uniform-q64", "arm": "mg64-modal8", "rep": 1, "iterations": 9, "solver_seconds": 0.079243253916502, "physical_passed": true}
{"case": "uniform-q64", "arm": "mg32-node64-node32", "rep": 1, "iterations": 9, "solver_seconds": 0.07105970103293657, "physical_passed": true}
{"case": "uniform-q64", "arm": "mg32-modal8-node32", "rep": 1, "iterations": 9, "solver_seconds": 0.06533043785020709, "physical_passed": true}
{"case": "uniform-q64", "arm": "mg64-modal8_signbit", "rep": 1, "iterations": 9, "solver_seconds": 0.07136276410892606, "physical_passed": true}
{"case": "uniform-q64", "arm": "mg64-fused_ai", "rep": 1, "iterations": 9, "solver_seconds": 0.08744455594569445, "physical_passed": true}
{"case": "uniform-q64", "arm": "mg32-fused_ai64-node32", "rep": 1, "iterations": 9, "solver_seconds": 0.06688398867845535, "physical_passed": true}
{"case": "uniform-q64", "arm": "mg64-dense8", "rep": 1, "iterations": 9, "solver_seconds": 0.08822216186672449, "physical_passed": true}
{"case": "uniform-q64", "arm": "mg32-modal8_muladd-node32", "rep": 1, "iterations": 9, "solver_seconds": 0.06205472210422158, "physical_passed": true}
{"case": "uniform-q64", "arm": "mg32-node64-node32", "rep": 2, "iterations": 9, "solver_seconds": 0.07034859573468566, "physical_passed": true}
{"case": "uniform-q64", "arm": "mg64-fused_ai", "rep": 2, "iterations": 9, "solver_seconds": 0.08378778677433729, "physical_passed": true}
{"case": "uniform-q64", "arm": "mg64-node", "rep": 2, "iterations": 9, "solver_seconds": 0.09748621191829443, "physical_passed": true}
{"case": "uniform-q64", "arm": "mg64-modal8_signbit", "rep": 2, "iterations": 9, "solver_seconds": 0.07277194410562515, "physical_passed": true}
{"case": "uniform-q64", "arm": "mg64-modal8", "rep": 2, "iterations": 9, "solver_seconds": 0.07927001407369971, "physical_passed": true}
{"case": "uniform-q64", "arm": "mg32-modal8_muladd-node32", "rep": 2, "iterations": 9, "solver_seconds": 0.06357159372419119, "physical_passed": true}
{"case": "uniform-q64", "arm": "mg64-modal8_muladd", "rep": 2, "iterations": 9, "solver_seconds": 0.07122594304382801, "physical_passed": true}
{"case": "uniform-q64", "arm": "mg32-fused_ai64-node32", "rep": 2, "iterations": 9, "solver_seconds": 0.06756321433931589, "physical_passed": true}
{"case": "uniform-q64", "arm": "mg64-dense8", "rep": 2, "iterations": 9, "solver_seconds": 0.08607809478417039, "physical_passed": true}
{"case": "uniform-q64", "arm": "mg64-fused", "rep": 2, "iterations": 9, "solver_seconds": 0.09100508270785213, "physical_passed": true}
{"case": "uniform-q64", "arm": "mg32-modal8-node32", "rep": 2, "iterations": 9, "solver_seconds": 0.06484586419537663, "physical_passed": true}
{"case": "uniform-q64", "arm": "mg32-modal8_muladd-node32", "rep": 3, "iterations": 9, "solver_seconds": 0.06277800723910332, "physical_passed": true}
{"case": "uniform-q64", "arm": "mg32-modal8-node32", "rep": 3, "iterations": 9, "solver_seconds": 0.06470474228262901, "physical_passed": true}
{"case": "uniform-q64", "arm": "mg64-modal8_signbit", "rep": 3, "iterations": 9, "solver_seconds": 0.07083713868632913, "physical_passed": true}
{"case": "uniform-q64", "arm": "mg64-fused", "rep": 3, "iterations": 9, "solver_seconds": 0.09062745934352279, "physical_passed": true}
{"case": "uniform-q64", "arm": "mg64-node", "rep": 3, "iterations": 9, "solver_seconds": 0.09818564727902412, "physical_passed": true}
{"case": "uniform-q64", "arm": "mg64-dense8", "rep": 3, "iterations": 9, "solver_seconds": 0.08770525688305497, "physical_passed": true}
{"case": "uniform-q64", "arm": "mg32-node64-node32", "rep": 3, "iterations": 9, "solver_seconds": 0.07127207191661, "physical_passed": true}
{"case": "uniform-q64", "arm": "mg64-modal8", "rep": 3, "iterations": 9, "solver_seconds": 0.07792146317660809, "physical_passed": true}
{"case": "uniform-q64", "arm": "mg64-modal8_muladd", "rep": 3, "iterations": 9, "solver_seconds": 0.07232816983014345, "physical_passed": true}
{"case": "uniform-q64", "arm": "mg32-fused_ai64-node32", "rep": 3, "iterations": 9, "solver_seconds": 0.06892044516280293, "physical_passed": true}
{"case": "uniform-q64", "arm": "mg64-fused_ai", "rep": 3, "iterations": 9, "solver_seconds": 0.085705631878227, "physical_passed": true}
{"case": "uniform-q64", "arm": "mg32-modal8_muladd-node32", "rep": 4, "iterations": 9, "solver_seconds": 0.06288832938298583, "physical_passed": true}
{"case": "uniform-q64", "arm": "mg64-dense8", "rep": 4, "iterations": 9, "solver_seconds": 0.08556815981864929, "physical_passed": true}
{"case": "uniform-q64", "arm": "mg64-modal8", "rep": 4, "iterations": 9, "solver_seconds": 0.07848913688212633, "physical_passed": true}
{"case": "uniform-q64", "arm": "mg32-node64-node32", "rep": 4, "iterations": 9, "solver_seconds": 0.07106048986315727, "physical_passed": true}
{"case": "uniform-q64", "arm": "mg64-node", "rep": 4, "iterations": 9, "solver_seconds": 0.09755962109193206, "physical_passed": true}
{"case": "uniform-q64", "arm": "mg64-fused_ai", "rep": 4, "iterations": 9, "solver_seconds": 0.0846514031291008, "physical_passed": true}
{"case": "uniform-q64", "arm": "mg32-fused_ai64-node32", "rep": 4, "iterations": 9, "solver_seconds": 0.06652636593207717, "physical_passed": true}
{"case": "uniform-q64", "arm": "mg32-modal8-node32", "rep": 4, "iterations": 9, "solver_seconds": 0.06459478102624416, "physical_passed": true}
{"case": "uniform-q64", "arm": "mg64-modal8_muladd", "rep": 4, "iterations": 9, "solver_seconds": 0.0704658948816359, "physical_passed": true}
{"case": "uniform-q64", "arm": "mg64-modal8_signbit", "rep": 4, "iterations": 9, "solver_seconds": 0.07072109682485461, "physical_passed": true}
{"case": "uniform-q64", "arm": "mg64-fused", "rep": 4, "iterations": 9, "solver_seconds": 0.08760312618687749, "physical_passed": true}
