{"case": "smoke-q4", "arm": "mg64-dense8", "rep": 0, "iterations": 1, "solver_seconds": 0.0007174729835242033, "physical_passed": true}
{"case": "smoke-q4", "arm": "mg32-fused_ai64-fused_ai32", "rep": 0, "iterations": 2, "solver_seconds": 0.0013991058804094791, "physical_passed": true}
{"case": "smoke-q4", "arm": "mg64-fused_ai", "rep": 0, "iterations": 1, "solver_seconds": 0.0007898518815636635, "physical_passed": true}
{"case": "smoke-q4", "arm": "mg32-modal8-node32", "rep": 0, "iterations": 2, "solver_seconds": 0.001333785941824317, "physical_passed": true}
{"case": "smoke-q4", "arm": "mg32-fused_ai64-node32", "rep": 0, "iterations": 2, "solver_seconds": 0.0013884559739381075, "physical_passed": true}
{"case": "smoke-q4", "arm": "mg32-node64-node32", "rep": 0, "iterations": 2, "solver_seconds": 0.001326967030763626, "physical_passed": true}
{"case": "smoke-q4", "arm": "mg64-modal8", "rep": 0, "iterations": 1, "solver_seconds": 0.0008250919636338949, "physical_passed": true}
{"case": "smoke-q4", "arm": "mg64-fused", "rep": 0, "iterations": 1, "solver_seconds": 0.0007340831216424704, "physical_passed": true}
{"case": "smoke-q4", "arm": "mg32-modal8-modal8_32", "rep": 0, "iterations": 2, "solver_seconds": 0.0013440570328384638, "physical_passed": true}
{"case": "smoke-q4", "arm": "mg64-node", "rep": 0, "iterations": 1, "solver_seconds": 0.0007500231731683016, "physical_passed": true}
{"case": "smoke-q4", "arm": "mg64-dense8", "rep": 1, "iterations": 1, "solver_seconds": 0.0007437618914991617, "physical_passed": true}
{"case": "smoke-q4", "arm": "mg64-node", "rep": 1, "iterations": 1, "solver_seconds": 0.000831641023978591, "physical_passed": true}
{"case": "smoke-q4", "arm": "mg32-node64-node32", "rep": 1, "iterations": 2, "solver_seconds": 0.0013285370077937841, "physical_passed": true}
{"case": "smoke-q4", "arm": "mg32-fused_ai64-fused_ai32", "rep": 1, "iterations": 2, "solver_seconds": 0.0013696260284632444, "physical_passed": true}
{"case": "smoke-q4", "arm": "mg64-fused", "rep": 1, "iterations": 1, "solver_seconds": 0.0007189128082245588, "physical_passed": true}
{"case": "smoke-q4", "arm": "mg32-modal8-modal8_32", "rep": 1, "iterations": 2, "solver_seconds": 0.0013222170528024435, "physical_passed": true}
{"case": "smoke-q4", "arm": "mg64-modal8", "rep": 1, "iterations": 1, "solver_seconds": 0.0008119619451463223, "physical_passed": true}
{"case": "smoke-q4", "arm": "mg64-fused_ai", "rep": 1, "iterations": 1, "solver_seconds": 0.0007425630465149879, "physical_passed": true}
{"case": "smoke-q4", "arm": "mg32-fused_ai64-node32", "rep": 1, "iterations": 2, "solver_seconds": 0.0013556969352066517, "physical_passed": true}
{"case": "smoke-q4", "arm": "mg32-modal8-node32", "rep": 1, "iterations": 2, "solver_seconds": 0.0013123070821166039, "physical_passed": true}
{"case": "smoke-q4", "arm": "mg64-modal8", "rep": 2, "iterations": 1, "solver_seconds": 0.0007351429667323828, "physical_passed": true}
{"case": "smoke-q4", "arm": "mg32-fused_ai64-fused_ai32", "rep": 2, "iterations": 2, "solver_seconds": 0.0014283258933573961, "physical_passed": true}
{"case": "smoke-q4", "arm": "mg64-fused", "rep": 2, "iterations": 1, "solver_seconds": 0.0007265228778123856, "physical_passed": true}
{"case": "smoke-q4", "arm": "mg32-node64-node32", "rep": 2, "iterations": 2, "solver_seconds": 0.001335236942395568, "physical_passed": true}
{"case": "smoke-q4", "arm": "mg32-modal8-node32", "rep": 2, "iterations": 2, "solver_seconds": 0.0013250361662358046, "physical_passed": true}
{"case": "smoke-q4", "arm": "mg64-fused_ai", "rep": 2, "iterations": 1, "solver_seconds": 0.0007400230970233679, "physical_passed": true}
{"case": "smoke-q4", "arm": "mg64-node", "rep": 2, "iterations": 1, "solver_seconds": 0.0007333429530262947, "physical_passed": true}
{"case": "smoke-q4", "arm": "mg32-fused_ai64-node32", "rep": 2, "iterations": 2, "solver_seconds": 0.001353326952084899, "physical_passed": true}
{"case": "smoke-q4", "arm": "mg64-dense8", "rep": 2, "iterations": 1, "solver_seconds": 0.000760112889111042, "physical_passed": true}
{"case": "smoke-q4", "arm": "mg32-modal8-modal8_32", "rep": 2, "iterations": 2, "solver_seconds": 0.0013175371568650007, "physical_passed": true}
{"case": "smoke-q4", "arm": "mg64-node", "rep": 3, "iterations": 1, "solver_seconds": 0.0007272330112755299, "physical_passed": true}
{"case": "smoke-q4", "arm": "mg32-node64-node32", "rep": 3, "iterations": 2, "solver_seconds": 0.0013035680167376995, "physical_passed": true}
{"case": "smoke-q4", "arm": "mg64-fused", "rep": 3, "iterations": 1, "solver_seconds": 0.0007562120445072651, "physical_passed": true}
{"case": "smoke-q4", "arm": "mg64-fused_ai", "rep": 3, "iterations": 1, "solver_seconds": 0.0017393631860613823, "physical_passed": true}
{"case": "smoke-q4", "arm": "mg32-modal8-node32", "rep": 3, "iterations": 2, "solver_seconds": 0.0013917367905378342, "physical_passed": true}
{"case": "smoke-q4", "arm": "mg32-fused_ai64-fused_ai32", "rep": 3, "iterations": 2, "solver_seconds": 0.0013518568594008684, "physical_passed": true}
{"case": "smoke-q4", "arm": "mg64-dense8", "rep": 3, "iterations": 1, "solver_seconds": 0.0007382729090750217, "physical_passed": true}
{"case": "smoke-q4", "arm": "mg64-modal8", "rep": 3, "iterations": 1, "solver_seconds": 0.0007441730704158545, "physical_passed": true}
{"case": "smoke-q4", "arm": "mg32-modal8-modal8_32", "rep": 3, "iterations": 2, "solver_seconds": 0.0013205970171838999, "physical_passed": true}
{"case": "smoke-q4", "arm": "mg32-fused_ai64-node32", "rep": 3, "iterations": 2, "solver_seconds": 0.001362387090921402, "physical_passed": true}
{"case": "smoke-q4", "arm": "mg32-fused_ai64-fused_ai32", "rep": 4, "iterations": 2, "solver_seconds": 0.0013482070062309504, "physical_passed": true}
{"case": "smoke-q4", "arm": "mg64-fused", "rep": 4, "iterations": 1, "solver_seconds": 0.0007462028879672289, "physical_passed": true}
{"case": "smoke-q4", "arm": "mg64-fused_ai", "rep": 4, "iterations": 1, "solver_seconds": 0.0007430731784552336, "physical_passed": true}
{"case": "smoke-q4", "arm": "mg32-fused_ai64-node32", "rep": 4, "iterations": 2, "solver_seconds": 0.0013666870072484016, "physical_passed": true}
{"case": "smoke-q4", "arm": "mg32-node64-node32", "rep": 4, "iterations": 2, "solver_seconds": 0.001327407080680132, "physical_passed": true}
{"case": "smoke-q4", "arm": "mg32-modal8-node32", "rep": 4, "iterations": 2, "solver_seconds": 0.0014031659811735153, "physical_passed": true}
{"case": "smoke-q4", "arm": "mg64-node", "rep": 4, "iterations": 1, "solver_seconds": 0.0007334528490900993, "physical_passed": true}
{"case": "smoke-q4", "arm": "mg64-dense8", "rep": 4, "iterations": 1, "solver_seconds": 0.0008019020315259695, "physical_passed": true}
{"case": "smoke-q4", "arm": "mg64-modal8", "rep": 4, "iterations": 1, "solver_seconds": 0.0007283920422196388, "physical_passed": true}
{"case": "smoke-q4", "arm": "mg32-modal8-modal8_32", "rep": 4, "iterations": 2, "solver_seconds": 0.0014223160687834024, "physical_passed": true}
{"case": "optimized-q64", "arm": "mg32-fused_ai64-node32", "rep": 0, "iterations": 13, "solver_seconds": 0.06427747802808881, "physical_passed": true}
{"case": "optimized-q64", "arm": "mg64-fused_ai", "rep": 0, "iterations": 13, "solver_seconds": 0.11824189708568156, "physical_passed": true}
{"case": "optimized-q64", "arm": "mg32-modal8-modal8_32", "rep": 0, "iterations": 13, "solver_seconds": 0.06882477295584977, "physical_passed": true}
{"case": "optimized-q64", "arm": "mg32-fused_ai64-fused_ai32", "rep": 0, "iterations": 13, "solver_seconds": 0.06833858694881201, "physical_passed": true}
{"case": "optimized-q64", "arm": "mg64-fused", "rep": 0, "iterations": 13, "solver_seconds": 0.12533381604589522, "physical_passed": true}
{"case": "optimized-q64", "arm": "mg64-node", "rep": 0, "iterations": 13, "solver_seconds": 0.14034586818888783, "physical_passed": true}
{"case": "optimized-q64", "arm": "mg32-modal8-node32", "rep": 0, "iterations": 13, "solver_seconds": 0.06254958384670317, "physical_passed": true}
{"case": "optimized-q64", "arm": "mg64-dense8", "rep": 0, "iterations": 13, "solver_seconds": 0.12143315491266549, "physical_passed": true}
{"case": "optimized-q64", "arm": "mg32-node64-node32", "rep": 0, "iterations": 13, "solver_seconds": 0.06954810488969088, "physical_passed": true}
{"case": "optimized-q64", "arm": "mg64-modal8", "rep": 0, "iterations": 13, "solver_seconds": 0.1038098179269582, "physical_passed": true}
{"case": "optimized-q64", "arm": "mg64-modal8", "rep": 1, "iterations": 13, "solver_seconds": 0.10382771701551974, "physical_passed": true}
{"case": "optimized-q64", "arm": "mg64-node", "rep": 1, "iterations": 13, "solver_seconds": 0.13943087798543274, "physical_passed": true}
{"case": "optimized-q64", "arm": "mg32-fused_ai64-node32", "rep": 1, "iterations": 13, "solver_seconds": 0.06559009500779212, "physical_passed": true}
{"case": "optimized-q64", "arm": "mg32-node64-node32", "rep": 1, "iterations": 13, "solver_seconds": 0.0696461049374193, "physical_passed": true}
{"case": "optimized-q64", "arm": "mg64-fused_ai", "rep": 1, "iterations": 13, "solver_seconds": 0.11866638087667525, "physical_passed": true}
{"case": "optimized-q64", "arm": "mg32-fused_ai64-fused_ai32", "rep": 1, "iterations": 13, "solver_seconds": 0.06818496878258884, "physical_passed": true}
{"case": "optimized-q64", "arm": "mg32-modal8-modal8_32", "rep": 1, "iterations": 13, "solver_seconds": 0.06866969307884574, "physical_passed": true}
{"case": "optimized-q64", "arm": "mg64-fused", "rep": 1, "iterations": 13, "solver_seconds": 0.1266482211649418, "physical_passed": true}
{"case": "optimized-q64", "arm": "mg64-dense8", "rep": 1, "iterations": 13, "solver_seconds": 0.12142657395452261, "physical_passed": true}
{"case": "optimized-q64", "arm": "mg32-modal8-node32", "rep": 1, "iterations": 13, "solver_seconds": 0.0623575949575752, "physical_passed": true}
{"case": "optimized-q64", "arm": "mg64-modal8", "rep": 2, "iterations": 13, "solver_seconds": 0.10350629081949592, "physical_passed": true}
{"case": "optimized-q64", "arm": "mg32-node64-node32", "rep": 2, "iterations": 13, "solver_seconds": 0.06967331399209797, "physical_passed": true}
{"case": "optimized-q64", "arm": "mg64-fused_ai", "rep": 2, "iterations": 13, "solver_seconds": 0.1186287619639188, "physical_passed": true}
{"case": "optimized-q64", "arm": "mg64-fused", "rep": 2, "iterations": 13, "solver_seconds": 0.12541617499664426, "physical_passed": true}
{"case": "optimized-q64", "arm": "mg64-dense8", "rep": 2, "iterations": 13, "solver_seconds": 0.12144391378387809, "physical_passed": true}
{"case": "optimized-q64", "arm": "mg32-fused_ai64-node32", "rep": 2, "iterations": 13, "solver_seconds": 0.06576449191197753, "physical_passed": true}
{"case": "optimized-q64", "arm": "mg64-node", "rep": 2, "iterations": 13, "solver_seconds": 0.13922012690454721, "physical_passed": true}
{"case": "optimized-q64", "arm": "mg32-modal8-node32", "rep": 2, "iterations": 13, "solver_seconds": 0.06269201100803912, "physical_passed": true}
{"case": "optimized-q64", "arm": "mg32-fused_ai64-fused_ai32", "rep": 2, "iterations": 13, "solver_seconds": 0.06848187395371497, "physical_passed": true}
{"case": "optimized-q64", "arm": "mg32-modal8-modal8_32", "rep": 2, "iterations": 13, "solver_seconds": 0.06895410199649632, "physical_passed": true}
{"case": "optimized-q64", "arm": "mg64-fused", "rep": 3, "iterations": 13, "solver_seconds": 0.12525999709032476, "physical_passed": true}
{"case": "optimized-q64", "arm": "mg32-modal8-modal8_32", "rep": 3, "iterations": 13, "solver_seconds": 0.06885675084777176, "physical_passed": true}
{"case": "optimized-q64", "arm": "mg32-fused_ai64-fused_ai32", "rep": 3, "iterations": 13, "solver_seconds": 0.06830683606676757, "physical_passed": true}
{"case": "optimized-q64", "arm": "mg64-dense8", "rep": 3, "iterations": 13, "solver_seconds": 0.1212721939664334, "physical_passed": true}
{"case": "optimized-q64", "arm": "mg64-modal8", "rep": 3, "iterations": 13, "solver_seconds": 0.10366126801818609, "physical_passed": true}
{"case": "optimized-q64", "arm": "mg64-node", "rep": 3, "iterations": 13, "solver_seconds": 0.13939085695892572, "physical_passed": true}
{"case": "optimized-q64", "arm": "mg32-node64-node32", "rep": 3, "iterations": 13, "solver_seconds": 0.07002852996811271, "physical_passed": true}
{"case": "optimized-q64", "arm": "mg64-fused_ai", "rep": 3, "iterations": 13, "solver_seconds": 0.11867496091872454, "physical_passed": true}
{"case": "optimized-q64", "arm": "mg32-modal8-node32", "rep": 3, "iterations": 13, "solver_seconds": 0.06328981602564454, "physical_passed": true}
{"case": "optimized-q64", "arm": "mg32-fused_ai64-node32", "rep": 3, "iterations": 13, "solver_seconds": 0.0657086418941617, "physical_passed": true}
{"case": "optimized-q64", "arm": "mg64-node", "rep": 4, "iterations": 13, "solver_seconds": 0.13943989481776953, "physical_passed": true}
{"case": "optimized-q64", "arm": "mg64-dense8", "rep": 4, "iterations": 13, "solver_seconds": 0.12151695205830038, "physical_passed": true}
{"case": "optimized-q64", "arm": "mg64-fused", "rep": 4, "iterations": 13, "solver_seconds": 0.1252212841063738, "physical_passed": true}
{"case": "optimized-q64", "arm": "mg64-fused_ai", "rep": 4, "iterations": 13, "solver_seconds": 0.1186609819997102, "physical_passed": true}
{"case": "optimized-q64", "arm": "mg32-modal8-node32", "rep": 4, "iterations": 13, "solver_seconds": 0.06260764389298856, "physical_passed": true}
{"case": "optimized-q64", "arm": "mg32-fused_ai64-fused_ai32", "rep": 4, "iterations": 13, "solver_seconds": 0.06855075503699481, "physical_passed": true}
{"case": "optimized-q64", "arm": "mg32-node64-node32", "rep": 4, "iterations": 13, "solver_seconds": 0.07008525892160833, "physical_passed": true}
{"case": "optimized-q64", "arm": "mg64-modal8", "rep": 4, "iterations": 13, "solver_seconds": 0.10362498904578388, "physical_passed": true}
{"case": "optimized-q64", "arm": "mg32-modal8-modal8_32", "rep": 4, "iterations": 13, "solver_seconds": 0.0692062668967992, "physical_passed": true}
{"case": "optimized-q64", "arm": "mg32-fused_ai64-node32", "rep": 4, "iterations": 13, "solver_seconds": 0.06543528405018151, "physical_passed": true}
{"case": "optimized-q96", "arm": "mg64-node", "rep": 0, "iterations": 24, "solver_seconds": 0.8684191601350904, "physical_passed": true}
{"case": "optimized-q96", "arm": "mg32-modal8-modal8_32", "rep": 0, "iterations": 24, "solver_seconds": 0.344180759973824, "physical_passed": true}
{"case": "optimized-q96", "arm": "mg64-dense8", "rep": 0, "iterations": 24, "solver_seconds": 0.7717429308686405, "physical_passed": true}
{"case": "optimized-q96", "arm": "mg32-fused_ai64-fused_ai32", "rep": 0, "iterations": 24, "solver_seconds": 0.318558509927243, "physical_passed": true}
{"case": "optimized-q96", "arm": "mg32-fused_ai64-node32", "rep": 0, "iterations": 24, "solver_seconds": 0.3005012490320951, "physical_passed": true}
{"case": "optimized-q96", "arm": "mg64-fused", "rep": 0, "iterations": 24, "solver_seconds": 0.7700056210160255, "physical_passed": true}
{"case": "optimized-q96", "arm": "mg64-fused_ai", "rep": 0, "iterations": 24, "solver_seconds": 0.760597140993923, "physical_passed": true}
{"case": "optimized-q96", "arm": "mg32-node64-node32", "rep": 0, "iterations": 24, "solver_seconds": 0.32665379508398473, "physical_passed": true}
{"case": "optimized-q96", "arm": "mg64-modal8", "rep": 0, "iterations": 24, "solver_seconds": 0.6667486859951168, "physical_passed": true}
{"case": "optimized-q96", "arm": "mg32-modal8-node32", "rep": 0, "iterations": 24, "solver_seconds": 0.2824299009516835, "physical_passed": true}
{"case": "optimized-q96", "arm": "mg64-fused_ai", "rep": 1, "iterations": 24, "solver_seconds": 0.7604266228154302, "physical_passed": true}
{"case": "optimized-q96", "arm": "mg32-fused_ai64-node32", "rep": 1, "iterations": 24, "solver_seconds": 0.2967216889373958, "physical_passed": true}
{"case": "optimized-q96", "arm": "mg64-modal8", "rep": 1, "iterations": 24, "solver_seconds": 0.6571362540125847, "physical_passed": true}
{"case": "optimized-q96", "arm": "mg64-node", "rep": 1, "iterations": 24, "solver_seconds": 0.8681041807867587, "physical_passed": true}
{"case": "optimized-q96", "arm": "mg32-node64-node32", "rep": 1, "iterations": 24, "solver_seconds": 0.3204965810291469, "physical_passed": true}
{"case": "optimized-q96", "arm": "mg32-fused_ai64-fused_ai32", "rep": 1, "iterations": 24, "solver_seconds": 0.31211686390452087, "physical_passed": true}
{"case": "optimized-q96", "arm": "mg64-dense8", "rep": 1, "iterations": 24, "solver_seconds": 0.7657139240764081, "physical_passed": true}
{"case": "optimized-q96", "arm": "mg32-modal8-modal8_32", "rep": 1, "iterations": 24, "solver_seconds": 0.33852290199138224, "physical_passed": true}
{"case": "optimized-q96", "arm": "mg32-modal8-node32", "rep": 1, "iterations": 24, "solver_seconds": 0.2779854419641197, "physical_passed": true}
{"case": "optimized-q96", "arm": "mg64-fused", "rep": 1, "iterations": 24, "solver_seconds": 0.7596426110249013, "physical_passed": true}
{"case": "optimized-q96", "arm": "mg32-node64-node32", "rep": 2, "iterations": 24, "solver_seconds": 0.319895685184747, "physical_passed": true}
{"case": "optimized-q96", "arm": "mg32-fused_ai64-fused_ai32", "rep": 2, "iterations": 24, "solver_seconds": 0.31241561914794147, "physical_passed": true}
{"case": "optimized-q96", "arm": "mg64-fused_ai", "rep": 2, "iterations": 24, "solver_seconds": 0.7502080709673464, "physical_passed": true}
{"case": "optimized-q96", "arm": "mg64-fused", "rep": 2, "iterations": 24, "solver_seconds": 0.7607314761262387, "physical_passed": true}
{"case": "optimized-q96", "arm": "mg32-modal8-node32", "rep": 2, "iterations": 24, "solver_seconds": 0.279350294964388, "physical_passed": true}
{"case": "optimized-q96", "arm": "mg64-dense8", "rep": 2, "iterations": 24, "solver_seconds": 0.7659986410290003, "physical_passed": true}
{"case": "optimized-q96", "arm": "mg64-node", "rep": 2, "iterations": 24, "solver_seconds": 0.8688086199108511, "physical_passed": true}
{"case": "optimized-q96", "arm": "mg32-modal8-modal8_32", "rep": 2, "iterations": 24, "solver_seconds": 0.3385599171742797, "physical_passed": true}
{"case": "optimized-q96", "arm": "mg64-modal8", "rep": 2, "iterations": 24, "solver_seconds": 0.6572575888130814, "physical_passed": true}
{"case": "optimized-q96", "arm": "mg32-fused_ai64-node32", "rep": 2, "iterations": 24, "solver_seconds": 0.2959580288734287, "physical_passed": true}
{"case": "optimized-q96", "arm": "mg64-modal8", "rep": 3, "iterations": 24, "solver_seconds": 0.6580399791710079, "physical_passed": true}
{"case": "optimized-q96", "arm": "mg32-fused_ai64-fused_ai32", "rep": 3, "iterations": 24, "solver_seconds": 0.3124805127736181, "physical_passed": true}
{"case": "optimized-q96", "arm": "mg32-modal8-modal8_32", "rep": 3, "iterations": 24, "solver_seconds": 0.3390942190308124, "physical_passed": true}
{"case": "optimized-q96", "arm": "mg64-dense8", "rep": 3, "iterations": 24, "solver_seconds": 0.7669145138934255, "physical_passed": true}
{"case": "optimized-q96", "arm": "mg64-node", "rep": 3, "iterations": 24, "solver_seconds": 0.8694287529215217, "physical_passed": true}
{"case": "optimized-q96", "arm": "mg32-node64-node32", "rep": 3, "iterations": 24, "solver_seconds": 0.32139331311918795, "physical_passed": true}
{"case": "optimized-q96", "arm": "mg32-fused_ai64-node32", "rep": 3, "iterations": 24, "solver_seconds": 0.2965714889578521, "physical_passed": true}
{"case": "optimized-q96", "arm": "mg32-modal8-node32", "rep": 3, "iterations": 24, "solver_seconds": 0.2780829838011414, "physical_passed": true}
{"case": "optimized-q96", "arm": "mg64-fused", "rep": 3, "iterations": 24, "solver_seconds": 0.7605776810087264, "physical_passed": true}
{"case": "optimized-q96", "arm": "mg64-fused_ai", "rep": 3, "iterations": 24, "solver_seconds": 0.7503733618650585, "physical_passed": true}
{"case": "optimized-q96", "arm": "mg64-fused", "rep": 4, "iterations": 24, "solver_seconds": 0.7599482648074627, "physical_passed": true}
{"case": "optimized-q96", "arm": "mg32-node64-node32", "rep": 4, "iterations": 24, "solver_seconds": 0.32145754084922373, "physical_passed": true}
{"case": "optimized-q96", "arm": "mg32-modal8-modal8_32", "rep": 4, "iterations": 24, "solver_seconds": 0.339040253078565, "physical_passed": true}
{"case": "optimized-q96", "arm": "mg64-modal8", "rep": 4, "iterations": 24, "solver_seconds": 0.6582315859850496, "physical_passed": true}
{"case": "optimized-q96", "arm": "mg64-node", "rep": 4, "iterations": 24, "solver_seconds": 0.8692613730672747, "physical_passed": true}
{"case": "optimized-q96", "arm": "mg32-fused_ai64-node32", "rep": 4, "iterations": 24, "solver_seconds": 0.2965987760107964, "physical_passed": true}
{"case": "optimized-q96", "arm": "mg64-dense8", "rep": 4, "iterations": 24, "solver_seconds": 0.7666274420917034, "physical_passed": true}
{"case": "optimized-q96", "arm": "mg32-modal8-node32", "rep": 4, "iterations": 24, "solver_seconds": 0.27767659281380475, "physical_passed": true}
{"case": "optimized-q96", "arm": "mg64-fused_ai", "rep": 4, "iterations": 24, "solver_seconds": 0.7507308591157198, "physical_passed": true}
{"case": "optimized-q96", "arm": "mg32-fused_ai64-fused_ai32", "rep": 4, "iterations": 24, "solver_seconds": 0.3132604181300849, "physical_passed": true}
{"case": "uniform-q64", "arm": "mg64-node", "rep": 0, "iterations": 9, "solver_seconds": 0.09640119294635952, "physical_passed": true}
{"case": "uniform-q64", "arm": "mg32-modal8-modal8_32", "rep": 0, "iterations": 9, "solver_seconds": 0.048303615069016814, "physical_passed": true}
{"case": "uniform-q64", "arm": "mg32-fused_ai64-fused_ai32", "rep": 0, "iterations": 9, "solver_seconds": 0.049391053849831223, "physical_passed": true}
{"case": "uniform-q64", "arm": "mg32-modal8-node32", "rep": 0, "iterations": 9, "solver_seconds": 0.044127268018200994, "physical_passed": true}
{"case": "uniform-q64", "arm": "mg64-fused_ai", "rep": 0, "iterations": 9, "solver_seconds": 0.08842213288880885, "physical_passed": true}
{"case": "uniform-q64", "arm": "mg32-fused_ai64-node32", "rep": 0, "iterations": 9, "solver_seconds": 0.045933747896924615, "physical_passed": true}
{"case": "uniform-q64", "arm": "mg64-dense8", "rep": 0, "iterations": 9, "solver_seconds": 0.08451318182051182, "physical_passed": true}
{"case": "uniform-q64", "arm": "mg64-modal8", "rep": 0, "iterations": 9, "solver_seconds": 0.07216819608584046, "physical_passed": true}
{"case": "uniform-q64", "arm": "mg32-node64-node32", "rep": 0, "iterations": 9, "solver_seconds": 0.048780861077830195, "physical_passed": true}
{"case": "uniform-q64", "arm": "mg64-fused", "rep": 0, "iterations": 9, "solver_seconds": 0.08712784596718848, "physical_passed": true}
{"case": "uniform-q64", "arm": "mg64-dense8", "rep": 1, "iterations": 9, "solver_seconds": 0.0841134050861001, "physical_passed": true}
{"case": "uniform-q64", "arm": "mg32-modal8-node32", "rep": 1, "iterations": 9, "solver_seconds": 0.04512728797271848, "physical_passed": true}
{"case": "uniform-q64", "arm": "mg64-fused_ai", "rep": 1, "iterations": 9, "solver_seconds": 0.08226535399444401, "physical_passed": true}
{"case": "uniform-q64", "arm": "mg32-modal8-modal8_32", "rep": 1, "iterations": 9, "solver_seconds": 0.04863034188747406, "physical_passed": true}
{"case": "uniform-q64", "arm": "mg64-node", "rep": 1, "iterations": 9, "solver_seconds": 0.09674878907389939, "physical_passed": true}
{"case": "uniform-q64", "arm": "mg32-node64-node32", "rep": 1, "iterations": 9, "solver_seconds": 0.04876164114102721, "physical_passed": true}
{"case": "uniform-q64", "arm": "mg64-fused", "rep": 1, "iterations": 9, "solver_seconds": 0.08733202400617301, "physical_passed": true}
{"case": "uniform-q64", "arm": "mg64-modal8", "rep": 1, "iterations": 9, "solver_seconds": 0.07193933799862862, "physical_passed": true}
{"case": "uniform-q64", "arm": "mg32-fused_ai64-node32", "rep": 1, "iterations": 9, "solver_seconds": 0.04577772202901542, "physical_passed": true}
{"case": "uniform-q64", "arm": "mg32-fused_ai64-fused_ai32", "rep": 1, "iterations": 9, "solver_seconds": 0.04811046808026731, "physical_passed": true}
{"case": "uniform-q64", "arm": "mg64-dense8", "rep": 2, "iterations": 9, "solver_seconds": 0.08419614401645958, "physical_passed": true}
{"case": "uniform-q64", "arm": "mg64-fused_ai", "rep": 2, "iterations": 9, "solver_seconds": 0.08233870402909815, "physical_passed": true}
{"case": "uniform-q64", "arm": "mg32-fused_ai64-fused_ai32", "rep": 2, "iterations": 9, "solver_seconds": 0.04789054999127984, "physical_passed": true}
{"case": "uniform-q64", "arm": "mg64-modal8", "rep": 2, "iterations": 9, "solver_seconds": 0.0719834070187062, "physical_passed": true}
{"case": "uniform-q64", "arm": "mg32-modal8-node32", "rep": 2, "iterations": 9, "solver_seconds": 0.043903648853302, "physical_passed": true}
{"case": "uniform-q64", "arm": "mg64-fused", "rep": 2, "iterations": 9, "solver_seconds": 0.08702373621053994, "physical_passed": true}
{"case": "uniform-q64", "arm": "mg32-node64-node32", "rep": 2, "iterations": 9, "solver_seconds": 0.048601712100207806, "physical_passed": true}
{"case": "uniform-q64", "arm": "mg32-modal8-modal8_32", "rep": 2, "iterations": 9, "solver_seconds": 0.048225134843960404, "physical_passed": true}
{"case": "uniform-q64", "arm": "mg64-node", "rep": 2, "iterations": 9, "solver_seconds": 0.0966501000802964, "physical_passed": true}
{"case": "uniform-q64", "arm": "mg32-fused_ai64-node32", "rep": 2, "iterations": 9, "solver_seconds": 0.04608473810367286, "physical_passed": true}
{"case": "uniform-q64", "arm": "mg64-fused", "rep": 3, "iterations": 9, "solver_seconds": 0.08685769699513912, "physical_passed": true}
{"case": "uniform-q64", "arm": "mg64-modal8", "rep": 3, "iterations": 9, "solver_seconds": 0.07178985909558833, "physical_passed": true}
{"case": "uniform-q64", "arm": "mg32-node64-node32", "rep": 3, "iterations": 9, "solver_seconds": 0.04873982979916036, "physical_passed": true}
{"case": "uniform-q64", "arm": "mg32-modal8-modal8_32", "rep": 3, "iterations": 9, "solver_seconds": 0.04818456503562629, "physical_passed": true}
{"case": "uniform-q64", "arm": "mg64-node", "rep": 3, "iterations": 9, "solver_seconds": 0.09803089592605829, "physical_passed": true}
{"case": "uniform-q64", "arm": "mg32-fused_ai64-fused_ai32", "rep": 3, "iterations": 9, "solver_seconds": 0.048670641146600246, "physical_passed": true}
{"case": "uniform-q64", "arm": "mg32-modal8-node32", "rep": 3, "iterations": 9, "solver_seconds": 0.04394398909062147, "physical_passed": true}
{"case": "uniform-q64", "arm": "mg64-fused_ai", "rep": 3, "iterations": 9, "solver_seconds": 0.08238440216518939, "physical_passed": true}
{"case": "uniform-q64", "arm": "mg32-fused_ai64-node32", "rep": 3, "iterations": 9, "solver_seconds": 0.04587256792001426, "physical_passed": true}
{"case": "uniform-q64", "arm": "mg64-dense8", "rep": 3, "iterations": 9, "solver_seconds": 0.08411320601589978, "physical_passed": true}
{"case": "uniform-q64", "arm": "mg32-fused_ai64-node32", "rep": 4, "iterations": 9, "solver_seconds": 0.04595408006571233, "physical_passed": true}
{"case": "uniform-q64", "arm": "mg64-fused_ai", "rep": 4, "iterations": 9, "solver_seconds": 0.08234898210503161, "physical_passed": true}
{"case": "uniform-q64", "arm": "mg32-modal8-modal8_32", "rep": 4, "iterations": 9, "solver_seconds": 0.04798117792233825, "physical_passed": true}
{"case": "uniform-q64", "arm": "mg64-fused", "rep": 4, "iterations": 9, "solver_seconds": 0.0870942659676075, "physical_passed": true}
{"case": "uniform-q64", "arm": "mg32-fused_ai64-fused_ai32", "rep": 4, "iterations": 9, "solver_seconds": 0.04776743007823825, "physical_passed": true}
{"case": "uniform-q64", "arm": "mg64-node", "rep": 4, "iterations": 9, "solver_seconds": 0.09686454688198864, "physical_passed": true}
{"case": "uniform-q64", "arm": "mg32-modal8-node32", "rep": 4, "iterations": 9, "solver_seconds": 0.04370256117545068, "physical_passed": true}
{"case": "uniform-q64", "arm": "mg64-modal8", "rep": 4, "iterations": 9, "solver_seconds": 0.07198439701460302, "physical_passed": true}
{"case": "uniform-q64", "arm": "mg32-node64-node32", "rep": 4, "iterations": 9, "solver_seconds": 0.048685560934245586, "physical_passed": true}
{"case": "uniform-q64", "arm": "mg64-dense8", "rep": 4, "iterations": 9, "solver_seconds": 0.08407879597507417, "physical_passed": true}
