[GPUFEMSolver] Requested=cupy Resolved=cupy  ndof=686,433
[SolverV4] Building GalerkinMatFreeGMG: 120x60x30, 4 levels, fine=fp64, degree=2
[GPUFEMSolver] Requested=cupy Resolved=cupy  ndof=686,433
[SolverV4] Building GalerkinMatFreeGMG: 120x60x30, 4 levels, fine=fp64, degree=2
[GPUFEMSolver] Requested=cupy Resolved=cupy  ndof=686,433
[SolverV4] Building GalerkinMatFreeGMG: 120x60x30, 4 levels, fine=fp64, degree=2
[GPUFEMSolver] Requested=cupy Resolved=cupy  ndof=686,433
[SolverV4] FusedMatvec ready for paper-4 fine smoothing.
[SolverV4] Building GalerkinMatFreeGMG: 120x60x30, 4 levels, fine=fp32, degree=2
[GPUFEMSolver] Requested=cupy Resolved=cupy  ndof=686,433
[SolverV4] FusedMatvec ready for paper-4 fine smoothing.
[SolverV4] Building GalerkinMatFreeGMG: 120x60x30, 4 levels, fine=fp32, degree=2
[GPUFEMSolver] Requested=cupy Resolved=cupy  ndof=686,433
[SolverV4] FusedMatvec ready for paper-4 fine smoothing.
[SolverV4] Building GalerkinMatFreeGMG: 120x60x30, 4 levels, fine=fp32, degree=2
[GPUFEMSolver] Requested=cupy Resolved=cupy  ndof=1,604,043
[SolverV4] Building GalerkinMatFreeGMG: 160x80x40, 4 levels, fine=fp64, degree=2
[GPUFEMSolver] Requested=cupy Resolved=cupy  ndof=1,604,043
[SolverV4] Building GalerkinMatFreeGMG: 160x80x40, 4 levels, fine=fp64, degree=2
[GPUFEMSolver] Requested=cupy Resolved=cupy  ndof=1,604,043
[SolverV4] Building GalerkinMatFreeGMG: 160x80x40, 4 levels, fine=fp64, degree=2
[GPUFEMSolver] Requested=cupy Resolved=cupy  ndof=1,604,043
[SolverV4] FusedMatvec ready for paper-4 fine smoothing.
[SolverV4] Building GalerkinMatFreeGMG: 160x80x40, 4 levels, fine=fp32, degree=2
[GPUFEMSolver] Requested=cupy Resolved=cupy  ndof=1,604,043
[SolverV4] FusedMatvec ready for paper-4 fine smoothing.
[SolverV4] Building GalerkinMatFreeGMG: 160x80x40, 4 levels, fine=fp32, degree=2
[GPUFEMSolver] Requested=cupy Resolved=cupy  ndof=1,604,043
[SolverV4] FusedMatvec ready for paper-4 fine smoothing.
[SolverV4] Building GalerkinMatFreeGMG: 160x80x40, 4 levels, fine=fp32, degree=2
[GPUFEMSolver] Requested=cupy Resolved=cupy  ndof=1,617,948
[SolverV4] Building GalerkinMatFreeGMG: 210x70x35, 4 levels, fine=fp64, degree=2
[GMG] coarsest matrix regularised (eps=3.03e-08): Cholesky OK
[GPUFEMSolver] Requested=cupy Resolved=cupy  ndof=1,617,948
[SolverV4] Building GalerkinMatFreeGMG: 210x70x35, 4 levels, fine=fp64, degree=2
[GMG] coarsest matrix regularised (eps=3.03e-08): Cholesky OK
[GPUFEMSolver] Requested=cupy Resolved=cupy  ndof=1,617,948
[SolverV4] Building GalerkinMatFreeGMG: 210x70x35, 4 levels, fine=fp64, degree=2
[GMG] coarsest matrix regularised (eps=3.03e-08): Cholesky OK
[GPUFEMSolver] Requested=cupy Resolved=cupy  ndof=1,617,948
[SolverV4] FusedMatvec ready for paper-4 fine smoothing.
[SolverV4] Building GalerkinMatFreeGMG: 210x70x35, 4 levels, fine=fp32, degree=2
[GMG] coarsest matrix regularised (eps=3.03e-08): Cholesky OK
[GPUFEMSolver] Requested=cupy Resolved=cupy  ndof=1,617,948
[SolverV4] FusedMatvec ready for paper-4 fine smoothing.
[SolverV4] Building GalerkinMatFreeGMG: 210x70x35, 4 levels, fine=fp32, degree=2
[GMG] coarsest matrix regularised (eps=3.03e-08): Cholesky OK
[GPUFEMSolver] Requested=cupy Resolved=cupy  ndof=1,617,948
[SolverV4] FusedMatvec ready for paper-4 fine smoothing.
[SolverV4] Building GalerkinMatFreeGMG: 210x70x35, 4 levels, fine=fp32, degree=2
[GMG] coarsest matrix regularised (eps=3.03e-08): Cholesky OK
[GPUFEMSolver] Requested=cupy Resolved=cupy  ndof=1,561,728
[SolverV4] Building GalerkinMatFreeGMG: 165x55x55, 4 levels, fine=fp64, degree=2
[GPUFEMSolver] Requested=cupy Resolved=cupy  ndof=1,561,728
[SolverV4] Building GalerkinMatFreeGMG: 165x55x55, 4 levels, fine=fp64, degree=2
[GPUFEMSolver] Requested=cupy Resolved=cupy  ndof=1,561,728
[SolverV4] Building GalerkinMatFreeGMG: 165x55x55, 4 levels, fine=fp64, degree=2
[GPUFEMSolver] Requested=cupy Resolved=cupy  ndof=1,561,728
[SolverV4] FusedMatvec ready for paper-4 fine smoothing.
[SolverV4] Building GalerkinMatFreeGMG: 165x55x55, 4 levels, fine=fp32, degree=2
[GPUFEMSolver] Requested=cupy Resolved=cupy  ndof=1,561,728
[SolverV4] FusedMatvec ready for paper-4 fine smoothing.
[SolverV4] Building GalerkinMatFreeGMG: 165x55x55, 4 levels, fine=fp32, degree=2
[GPUFEMSolver] Requested=cupy Resolved=cupy  ndof=1,561,728
[SolverV4] FusedMatvec ready for paper-4 fine smoothing.
[SolverV4] Building GalerkinMatFreeGMG: 165x55x55, 4 levels, fine=fp32, degree=2
[GPUFEMSolver] Requested=cupy Resolved=cupy  ndof=686,433
[SolverV4] FusedMatvec ready for paper-4 fine smoothing.
[SolverV4] Building GalerkinMatFreeGMG: 120x60x30, 4 levels, fine=fp32, degree=2
2026-09-26T01:48:39.990341+00:00 rep 1 cantilever-216k fp64 stock
[GPUFEMSolver] Requested=cupy Resolved=cupy  ndof=686,433
[SolverV4] Building GalerkinMatFreeGMG: 120x60x30, 4 levels, fine=fp64, degree=2
2026-09-26T01:49:00.407783+00:00 rep 1 cantilever-216k fp64 fused_ai_fp64
[GPUFEMSolver] Requested=cupy Resolved=cupy  ndof=686,433
[SolverV4] Building GalerkinMatFreeGMG: 120x60x30, 4 levels, fine=fp64, degree=2
2026-09-26T01:49:17.213093+00:00 rep 1 cantilever-216k fp64 modal8_muladd
[GPUFEMSolver] Requested=cupy Resolved=cupy  ndof=686,433
[SolverV4] Building GalerkinMatFreeGMG: 120x60x30, 4 levels, fine=fp64, degree=2
2026-09-26T01:49:33.935892+00:00 rep 1 cantilever-216k mixed stock
[GPUFEMSolver] Requested=cupy Resolved=cupy  ndof=686,433
[SolverV4] FusedMatvec ready for paper-4 fine smoothing.
[SolverV4] Building GalerkinMatFreeGMG: 120x60x30, 4 levels, fine=fp32, degree=2
2026-09-26T01:49:52.251338+00:00 rep 1 cantilever-216k mixed modal8_muladd
[GPUFEMSolver] Requested=cupy Resolved=cupy  ndof=686,433
[SolverV4] FusedMatvec ready for paper-4 fine smoothing.
[SolverV4] Building GalerkinMatFreeGMG: 120x60x30, 4 levels, fine=fp32, degree=2
2026-09-26T01:50:09.383142+00:00 rep 1 cantilever-216k mixed fused_ai_fp64
[GPUFEMSolver] Requested=cupy Resolved=cupy  ndof=686,433
[SolverV4] FusedMatvec ready for paper-4 fine smoothing.
[SolverV4] Building GalerkinMatFreeGMG: 120x60x30, 4 levels, fine=fp32, degree=2
2026-09-26T01:50:26.496780+00:00 rep 1 cantilever-512k fp64 modal8_muladd
[GPUFEMSolver] Requested=cupy Resolved=cupy  ndof=1,604,043
[SolverV4] Building GalerkinMatFreeGMG: 160x80x40, 4 levels, fine=fp64, degree=2
2026-09-26T01:51:01.780697+00:00 rep 1 cantilever-512k fp64 fused_ai_fp64
[GPUFEMSolver] Requested=cupy Resolved=cupy  ndof=1,604,043
[SolverV4] Building GalerkinMatFreeGMG: 160x80x40, 4 levels, fine=fp64, degree=2
2026-09-26T01:51:37.660514+00:00 rep 1 cantilever-512k fp64 stock
[GPUFEMSolver] Requested=cupy Resolved=cupy  ndof=1,604,043
[SolverV4] Building GalerkinMatFreeGMG: 160x80x40, 4 levels, fine=fp64, degree=2
2026-09-26T01:52:17.870255+00:00 rep 1 cantilever-512k mixed modal8_muladd
[GPUFEMSolver] Requested=cupy Resolved=cupy  ndof=1,604,043
[SolverV4] FusedMatvec ready for paper-4 fine smoothing.
[SolverV4] Building GalerkinMatFreeGMG: 160x80x40, 4 levels, fine=fp32, degree=2
2026-09-26T01:52:53.505210+00:00 rep 1 cantilever-512k mixed fused_ai_fp64
[GPUFEMSolver] Requested=cupy Resolved=cupy  ndof=1,604,043
[SolverV4] FusedMatvec ready for paper-4 fine smoothing.
[SolverV4] Building GalerkinMatFreeGMG: 160x80x40, 4 levels, fine=fp32, degree=2
2026-09-26T01:53:28.884121+00:00 rep 1 cantilever-512k mixed stock
[GPUFEMSolver] Requested=cupy Resolved=cupy  ndof=1,604,043
[SolverV4] FusedMatvec ready for paper-4 fine smoothing.
[SolverV4] Building GalerkinMatFreeGMG: 160x80x40, 4 levels, fine=fp32, degree=2
2026-09-26T01:54:05.669628+00:00 rep 1 mbb-514k fp64 stock
[GPUFEMSolver] Requested=cupy Resolved=cupy  ndof=1,617,948
[SolverV4] Building GalerkinMatFreeGMG: 210x70x35, 4 levels, fine=fp64, degree=2
[GMG] coarsest matrix regularised (eps=3.03e-08): Cholesky OK
[GMG] coarsest matrix regularised (eps=3.68e-08): Cholesky OK
[GMG] coarsest matrix regularised (eps=4.37e-08): Cholesky OK
[GMG] coarsest matrix regularised (eps=5.41e-08): Cholesky OK
[GMG] coarsest matrix regularised (eps=5.89e-08): Cholesky OK
[GMG] coarsest matrix regularised (eps=6.10e-08): Cholesky OK
[GMG] coarsest matrix regularised (eps=6.43e-08): Cholesky OK
[GMG] coarsest matrix regularised (eps=6.80e-08): Cholesky OK
[GMG] coarsest matrix regularised (eps=7.31e-08): Cholesky OK
[GMG] coarsest matrix regularised (eps=8.05e-08): Cholesky OK
[GMG] coarsest matrix regularised (eps=8.92e-08): Cholesky OK
[GMG] coarsest matrix regularised (eps=9.74e-08): Cholesky OK
[GMG] coarsest matrix regularised (eps=1.04e-07): Cholesky OK
[GMG] coarsest matrix regularised (eps=1.08e-07): Cholesky OK
[GMG] coarsest matrix regularised (eps=1.10e-07): Cholesky OK
[GMG] coarsest matrix regularised (eps=1.11e-07): Cholesky OK
[GMG] coarsest matrix regularised (eps=1.12e-07): Cholesky OK
[GMG] coarsest matrix regularised (eps=1.12e-07): Cholesky OK
[GMG] coarsest matrix regularised (eps=1.13e-07): Cholesky OK
[GMG] coarsest matrix regularised (eps=1.13e-07): Cholesky OK
[GMG] coarsest matrix regularised (eps=1.13e-07): Cholesky OK
[GMG] coarsest matrix regularised (eps=1.13e-07): Cholesky OK
[GMG] coarsest matrix regularised (eps=1.13e-07): Cholesky OK
[GMG] coarsest matrix regularised (eps=1.13e-07): Cholesky OK
[GMG] coarsest matrix regularised (eps=1.13e-07): Cholesky OK
[GMG] coarsest matrix regularised (eps=1.13e-07): Cholesky OK
[GMG] coarsest matrix regularised (eps=1.13e-07): Cholesky OK
[GMG] coarsest matrix regularised (eps=1.13e-07): Cholesky OK
[GMG] coarsest matrix regularised (eps=1.13e-07): Cholesky OK
[GMG] coarsest matrix regularised (eps=1.13e-07): Cholesky OK
2026-09-26T01:55:09.216779+00:00 rep 1 mbb-514k fp64 fused_ai_fp64
[GPUFEMSolver] Requested=cupy Resolved=cupy  ndof=1,617,948
[SolverV4] Building GalerkinMatFreeGMG: 210x70x35, 4 levels, fine=fp64, degree=2
[GMG] coarsest matrix regularised (eps=3.03e-08): Cholesky OK
[GMG] coarsest matrix regularised (eps=3.68e-08): Cholesky OK
[GMG] coarsest matrix regularised (eps=4.37e-08): Cholesky OK
[GMG] coarsest matrix regularised (eps=5.41e-08): Cholesky OK
[GMG] coarsest matrix regularised (eps=5.89e-08): Cholesky OK
[GMG] coarsest matrix regularised (eps=6.10e-08): Cholesky OK
[GMG] coarsest matrix regularised (eps=6.43e-08): Cholesky OK
[GMG] coarsest matrix regularised (eps=6.80e-08): Cholesky OK
[GMG] coarsest matrix regularised (eps=7.31e-08): Cholesky OK
[GMG] coarsest matrix regularised (eps=8.05e-08): Cholesky OK
[GMG] coarsest matrix regularised (eps=8.92e-08): Cholesky OK
[GMG] coarsest matrix regularised (eps=9.74e-08): Cholesky OK
[GMG] coarsest matrix regularised (eps=1.04e-07): Cholesky OK
[GMG] coarsest matrix regularised (eps=1.08e-07): Cholesky OK
[GMG] coarsest matrix regularised (eps=1.10e-07): Cholesky OK
[GMG] coarsest matrix regularised (eps=1.11e-07): Cholesky OK
[GMG] coarsest matrix regularised (eps=1.12e-07): Cholesky OK
[GMG] coarsest matrix regularised (eps=1.12e-07): Cholesky OK
[GMG] coarsest matrix regularised (eps=1.13e-07): Cholesky OK
[GMG] coarsest matrix regularised (eps=1.13e-07): Cholesky OK
[GMG] coarsest matrix regularised (eps=1.13e-07): Cholesky OK
[GMG] coarsest matrix regularised (eps=1.13e-07): Cholesky OK
[GMG] coarsest matrix regularised (eps=1.13e-07): Cholesky OK
[GMG] coarsest matrix regularised (eps=1.13e-07): Cholesky OK
[GMG] coarsest matrix regularised (eps=1.13e-07): Cholesky OK
[GMG] coarsest matrix regularised (eps=1.13e-07): Cholesky OK
[GMG] coarsest matrix regularised (eps=1.13e-07): Cholesky OK
[GMG] coarsest matrix regularised (eps=1.13e-07): Cholesky OK
[GMG] coarsest matrix regularised (eps=1.13e-07): Cholesky OK
[GMG] coarsest matrix regularised (eps=1.13e-07): Cholesky OK
2026-09-26T01:55:55.104675+00:00 rep 1 mbb-514k fp64 modal8_muladd
[GPUFEMSolver] Requested=cupy Resolved=cupy  ndof=1,617,948
[SolverV4] Building GalerkinMatFreeGMG: 210x70x35, 4 levels, fine=fp64, degree=2
[GMG] coarsest matrix regularised (eps=3.03e-08): Cholesky OK
[GMG] coarsest matrix regularised (eps=3.68e-08): Cholesky OK
[GMG] coarsest matrix regularised (eps=4.37e-08): Cholesky OK
[GMG] coarsest matrix regularised (eps=5.41e-08): Cholesky OK
[GMG] coarsest matrix regularised (eps=5.89e-08): Cholesky OK
[GMG] coarsest matrix regularised (eps=6.10e-08): Cholesky OK
[GMG] coarsest matrix regularised (eps=6.43e-08): Cholesky OK
[GMG] coarsest matrix regularised (eps=6.80e-08): Cholesky OK
[GMG] coarsest matrix regularised (eps=7.31e-08): Cholesky OK
[GMG] coarsest matrix regularised (eps=8.05e-08): Cholesky OK
[GMG] coarsest matrix regularised (eps=8.92e-08): Cholesky OK
[GMG] coarsest matrix regularised (eps=9.74e-08): Cholesky OK
[GMG] coarsest matrix regularised (eps=1.04e-07): Cholesky OK
[GMG] coarsest matrix regularised (eps=1.08e-07): Cholesky OK
[GMG] coarsest matrix regularised (eps=1.10e-07): Cholesky OK
[GMG] coarsest matrix regularised (eps=1.11e-07): Cholesky OK
[GMG] coarsest matrix regularised (eps=1.12e-07): Cholesky OK
[GMG] coarsest matrix regularised (eps=1.12e-07): Cholesky OK
[GMG] coarsest matrix regularised (eps=1.13e-07): Cholesky OK
[GMG] coarsest matrix regularised (eps=1.13e-07): Cholesky OK
[GMG] coarsest matrix regularised (eps=1.13e-07): Cholesky OK
[GMG] coarsest matrix regularised (eps=1.13e-07): Cholesky OK
[GMG] coarsest matrix regularised (eps=1.13e-07): Cholesky OK
[GMG] coarsest matrix regularised (eps=1.13e-07): Cholesky OK
[GMG] coarsest matrix regularised (eps=1.13e-07): Cholesky OK
[GMG] coarsest matrix regularised (eps=1.13e-07): Cholesky OK
[GMG] coarsest matrix regularised (eps=1.13e-07): Cholesky OK
[GMG] coarsest matrix regularised (eps=1.13e-07): Cholesky OK
[GMG] coarsest matrix regularised (eps=1.13e-07): Cholesky OK
[GMG] coarsest matrix regularised (eps=1.13e-07): Cholesky OK
2026-09-26T01:56:38.126072+00:00 rep 1 mbb-514k mixed fused_ai_fp64
[GPUFEMSolver] Requested=cupy Resolved=cupy  ndof=1,617,948
[SolverV4] FusedMatvec ready for paper-4 fine smoothing.
[SolverV4] Building GalerkinMatFreeGMG: 210x70x35, 4 levels, fine=fp32, degree=2
[GMG] coarsest matrix regularised (eps=3.03e-08): Cholesky OK
[GMG] coarsest matrix regularised (eps=3.68e-08): Cholesky OK
[GMG] coarsest matrix regularised (eps=4.37e-08): Cholesky OK
[GMG] coarsest matrix regularised (eps=5.41e-08): Cholesky OK
[GMG] coarsest matrix regularised (eps=5.89e-08): Cholesky OK
[GMG] coarsest matrix regularised (eps=6.10e-08): Cholesky OK
[GMG] coarsest matrix regularised (eps=6.43e-08): Cholesky OK
[GMG] coarsest matrix regularised (eps=6.80e-08): Cholesky OK
[GMG] coarsest matrix regularised (eps=7.31e-08): Cholesky OK
[GMG] coarsest matrix regularised (eps=8.05e-08): Cholesky OK
[GMG] coarsest matrix regularised (eps=8.92e-08): Cholesky OK
[GMG] coarsest matrix regularised (eps=9.74e-08): Cholesky OK
[GMG] coarsest matrix regularised (eps=1.04e-07): Cholesky OK
[GMG] coarsest matrix regularised (eps=1.08e-07): Cholesky OK
[GMG] coarsest matrix regularised (eps=1.10e-07): Cholesky OK
[GMG] coarsest matrix regularised (eps=1.11e-07): Cholesky OK
[GMG] coarsest matrix regularised (eps=1.12e-07): Cholesky OK
[GMG] coarsest matrix regularised (eps=1.12e-07): Cholesky OK
[GMG] coarsest matrix regularised (eps=1.13e-07): Cholesky OK
[GMG] coarsest matrix regularised (eps=1.13e-07): Cholesky OK
[GMG] coarsest matrix regularised (eps=1.13e-07): Cholesky OK
[SolverV4] WARNING: pcg did not converge in 1000 iters (n_free=1,615,391).
[GMG] coarsest matrix regularised (eps=1.13e-07): Cholesky OK
[GMG] coarsest matrix regularised (eps=1.13e-07): Cholesky OK
[GMG] coarsest matrix regularised (eps=1.13e-07): Cholesky OK
[GMG] coarsest matrix regularised (eps=1.13e-07): Cholesky OK
[GMG] coarsest matrix regularised (eps=1.13e-07): Cholesky OK
[GMG] coarsest matrix regularised (eps=1.13e-07): Cholesky OK
[GMG] coarsest matrix regularised (eps=1.13e-07): Cholesky OK
[GMG] coarsest matrix regularised (eps=1.13e-07): Cholesky OK
[GMG] coarsest matrix regularised (eps=1.13e-07): Cholesky OK
2026-09-26T01:57:41.785375+00:00 rep 1 mbb-514k mixed modal8_muladd
[GPUFEMSolver] Requested=cupy Resolved=cupy  ndof=1,617,948
[SolverV4] FusedMatvec ready for paper-4 fine smoothing.
[SolverV4] Building GalerkinMatFreeGMG: 210x70x35, 4 levels, fine=fp32, degree=2
[GMG] coarsest matrix regularised (eps=3.03e-08): Cholesky OK
[GMG] coarsest matrix regularised (eps=3.68e-08): Cholesky OK
[GMG] coarsest matrix regularised (eps=4.37e-08): Cholesky OK
[GMG] coarsest matrix regularised (eps=5.41e-08): Cholesky OK
[GMG] coarsest matrix regularised (eps=5.89e-08): Cholesky OK
[GMG] coarsest matrix regularised (eps=6.10e-08): Cholesky OK
[GMG] coarsest matrix regularised (eps=6.43e-08): Cholesky OK
[GMG] coarsest matrix regularised (eps=6.80e-08): Cholesky OK
[GMG] coarsest matrix regularised (eps=7.31e-08): Cholesky OK
[GMG] coarsest matrix regularised (eps=8.05e-08): Cholesky OK
[GMG] coarsest matrix regularised (eps=8.92e-08): Cholesky OK
[GMG] coarsest matrix regularised (eps=9.74e-08): Cholesky OK
[GMG] coarsest matrix regularised (eps=1.04e-07): Cholesky OK
[GMG] coarsest matrix regularised (eps=1.08e-07): Cholesky OK
[GMG] coarsest matrix regularised (eps=1.10e-07): Cholesky OK
[GMG] coarsest matrix regularised (eps=1.11e-07): Cholesky OK
[GMG] coarsest matrix regularised (eps=1.12e-07): Cholesky OK
[GMG] coarsest matrix regularised (eps=1.12e-07): Cholesky OK
[GMG] coarsest matrix regularised (eps=1.13e-07): Cholesky OK
[GMG] coarsest matrix regularised (eps=1.13e-07): Cholesky OK
[GMG] coarsest matrix regularised (eps=1.13e-07): Cholesky OK
[GMG] coarsest matrix regularised (eps=1.13e-07): Cholesky OK
[GMG] coarsest matrix regularised (eps=1.13e-07): Cholesky OK
[GMG] coarsest matrix regularised (eps=1.13e-07): Cholesky OK
[GMG] coarsest matrix regularised (eps=1.13e-07): Cholesky OK
[GMG] coarsest matrix regularised (eps=1.13e-07): Cholesky OK
[GMG] coarsest matrix regularised (eps=1.13e-07): Cholesky OK
[GMG] coarsest matrix regularised (eps=1.13e-07): Cholesky OK
[GMG] coarsest matrix regularised (eps=1.13e-07): Cholesky OK
[GMG] coarsest matrix regularised (eps=1.13e-07): Cholesky OK
2026-09-26T01:58:31.762589+00:00 rep 1 mbb-514k mixed stock
[GPUFEMSolver] Requested=cupy Resolved=cupy  ndof=1,617,948
[SolverV4] FusedMatvec ready for paper-4 fine smoothing.
[SolverV4] Building GalerkinMatFreeGMG: 210x70x35, 4 levels, fine=fp32, degree=2
[GMG] coarsest matrix regularised (eps=3.03e-08): Cholesky OK
[GMG] coarsest matrix regularised (eps=3.68e-08): Cholesky OK
[GMG] coarsest matrix regularised (eps=4.37e-08): Cholesky OK
[GMG] coarsest matrix regularised (eps=5.41e-08): Cholesky OK
[GMG] coarsest matrix regularised (eps=5.89e-08): Cholesky OK
[GMG] coarsest matrix regularised (eps=6.10e-08): Cholesky OK
[GMG] coarsest matrix regularised (eps=6.43e-08): Cholesky OK
[GMG] coarsest matrix regularised (eps=6.80e-08): Cholesky OK
[GMG] coarsest matrix regularised (eps=7.31e-08): Cholesky OK
[GMG] coarsest matrix regularised (eps=8.05e-08): Cholesky OK
[GMG] coarsest matrix regularised (eps=8.92e-08): Cholesky OK
[GMG] coarsest matrix regularised (eps=9.74e-08): Cholesky OK
[GMG] coarsest matrix regularised (eps=1.04e-07): Cholesky OK
[GMG] coarsest matrix regularised (eps=1.08e-07): Cholesky OK
[GMG] coarsest matrix regularised (eps=1.10e-07): Cholesky OK
[GMG] coarsest matrix regularised (eps=1.11e-07): Cholesky OK
[GMG] coarsest matrix regularised (eps=1.12e-07): Cholesky OK
[GMG] coarsest matrix regularised (eps=1.12e-07): Cholesky OK
[GMG] coarsest matrix regularised (eps=1.13e-07): Cholesky OK
[GMG] coarsest matrix regularised (eps=1.13e-07): Cholesky OK
[GMG] coarsest matrix regularised (eps=1.13e-07): Cholesky OK
[GMG] coarsest matrix regularised (eps=1.13e-07): Cholesky OK
[GMG] coarsest matrix regularised (eps=1.13e-07): Cholesky OK
[GMG] coarsest matrix regularised (eps=1.13e-07): Cholesky OK
[GMG] coarsest matrix regularised (eps=1.13e-07): Cholesky OK
[GMG] coarsest matrix regularised (eps=1.13e-07): Cholesky OK
[GMG] coarsest matrix regularised (eps=1.13e-07): Cholesky OK
[GMG] coarsest matrix regularised (eps=1.13e-07): Cholesky OK
[GMG] coarsest matrix regularised (eps=1.13e-07): Cholesky OK
[GMG] coarsest matrix regularised (eps=1.13e-07): Cholesky OK
2026-09-26T01:59:36.585882+00:00 rep 1 torsion-499k fp64 fused_ai_fp64
[GPUFEMSolver] Requested=cupy Resolved=cupy  ndof=1,561,728
[SolverV4] Building GalerkinMatFreeGMG: 165x55x55, 4 levels, fine=fp64, degree=2
2026-09-26T02:00:14.521649+00:00 rep 1 torsion-499k fp64 stock
[GPUFEMSolver] Requested=cupy Resolved=cupy  ndof=1,561,728
[SolverV4] Building GalerkinMatFreeGMG: 165x55x55, 4 levels, fine=fp64, degree=2
2026-09-26T02:01:02.164983+00:00 rep 1 torsion-499k fp64 modal8_muladd
[GPUFEMSolver] Requested=cupy Resolved=cupy  ndof=1,561,728
[SolverV4] Building GalerkinMatFreeGMG: 165x55x55, 4 levels, fine=fp64, degree=2
2026-09-26T02:01:38.326258+00:00 rep 1 torsion-499k mixed modal8_muladd
[GPUFEMSolver] Requested=cupy Resolved=cupy  ndof=1,561,728
[SolverV4] FusedMatvec ready for paper-4 fine smoothing.
[SolverV4] Building GalerkinMatFreeGMG: 165x55x55, 4 levels, fine=fp32, degree=2
2026-09-26T02:02:14.796019+00:00 rep 1 torsion-499k mixed stock
[GPUFEMSolver] Requested=cupy Resolved=cupy  ndof=1,561,728
[SolverV4] FusedMatvec ready for paper-4 fine smoothing.
[SolverV4] Building GalerkinMatFreeGMG: 165x55x55, 4 levels, fine=fp32, degree=2
2026-09-26T02:02:55.700584+00:00 rep 1 torsion-499k mixed fused_ai_fp64
[GPUFEMSolver] Requested=cupy Resolved=cupy  ndof=1,561,728
[SolverV4] FusedMatvec ready for paper-4 fine smoothing.
[SolverV4] Building GalerkinMatFreeGMG: 165x55x55, 4 levels, fine=fp32, degree=2
2026-09-26T02:03:32.896438+00:00 rep 2 cantilever-216k fp64 modal8_muladd
[GPUFEMSolver] Requested=cupy Resolved=cupy  ndof=686,433
[SolverV4] Building GalerkinMatFreeGMG: 120x60x30, 4 levels, fine=fp64, degree=2
2026-09-26T02:03:49.520793+00:00 rep 2 cantilever-216k fp64 fused_ai_fp64
[GPUFEMSolver] Requested=cupy Resolved=cupy  ndof=686,433
[SolverV4] Building GalerkinMatFreeGMG: 120x60x30, 4 levels, fine=fp64, degree=2
2026-09-26T02:04:06.322733+00:00 rep 2 cantilever-216k fp64 stock
[GPUFEMSolver] Requested=cupy Resolved=cupy  ndof=686,433
[SolverV4] Building GalerkinMatFreeGMG: 120x60x30, 4 levels, fine=fp64, degree=2
2026-09-26T02:04:26.648859+00:00 rep 2 cantilever-216k mixed modal8_muladd
[GPUFEMSolver] Requested=cupy Resolved=cupy  ndof=686,433
[SolverV4] FusedMatvec ready for paper-4 fine smoothing.
[SolverV4] Building GalerkinMatFreeGMG: 120x60x30, 4 levels, fine=fp32, degree=2
2026-09-26T02:04:43.552087+00:00 rep 2 cantilever-216k mixed stock
[GPUFEMSolver] Requested=cupy Resolved=cupy  ndof=686,433
[SolverV4] FusedMatvec ready for paper-4 fine smoothing.
[SolverV4] Building GalerkinMatFreeGMG: 120x60x30, 4 levels, fine=fp32, degree=2
2026-09-26T02:05:01.887855+00:00 rep 2 cantilever-216k mixed fused_ai_fp64
[GPUFEMSolver] Requested=cupy Resolved=cupy  ndof=686,433
[SolverV4] FusedMatvec ready for paper-4 fine smoothing.
[SolverV4] Building GalerkinMatFreeGMG: 120x60x30, 4 levels, fine=fp32, degree=2
2026-09-26T02:05:18.982595+00:00 rep 2 cantilever-512k fp64 modal8_muladd
[GPUFEMSolver] Requested=cupy Resolved=cupy  ndof=1,604,043
[SolverV4] Building GalerkinMatFreeGMG: 160x80x40, 4 levels, fine=fp64, degree=2
2026-09-26T02:05:53.964105+00:00 rep 2 cantilever-512k fp64 stock
[GPUFEMSolver] Requested=cupy Resolved=cupy  ndof=1,604,043
[SolverV4] Building GalerkinMatFreeGMG: 160x80x40, 4 levels, fine=fp64, degree=2
2026-09-26T02:06:34.042337+00:00 rep 2 cantilever-512k fp64 fused_ai_fp64
[GPUFEMSolver] Requested=cupy Resolved=cupy  ndof=1,604,043
[SolverV4] Building GalerkinMatFreeGMG: 160x80x40, 4 levels, fine=fp64, degree=2
2026-09-26T02:07:09.951142+00:00 rep 2 cantilever-512k mixed modal8_muladd
[GPUFEMSolver] Requested=cupy Resolved=cupy  ndof=1,604,043
[SolverV4] FusedMatvec ready for paper-4 fine smoothing.
[SolverV4] Building GalerkinMatFreeGMG: 160x80x40, 4 levels, fine=fp32, degree=2
2026-09-26T02:07:44.910707+00:00 rep 2 cantilever-512k mixed fused_ai_fp64
[GPUFEMSolver] Requested=cupy Resolved=cupy  ndof=1,604,043
[SolverV4] FusedMatvec ready for paper-4 fine smoothing.
[SolverV4] Building GalerkinMatFreeGMG: 160x80x40, 4 levels, fine=fp32, degree=2
2026-09-26T02:08:19.931880+00:00 rep 2 cantilever-512k mixed stock
[GPUFEMSolver] Requested=cupy Resolved=cupy  ndof=1,604,043
[SolverV4] FusedMatvec ready for paper-4 fine smoothing.
[SolverV4] Building GalerkinMatFreeGMG: 160x80x40, 4 levels, fine=fp32, degree=2
2026-09-26T02:08:56.752440+00:00 rep 2 mbb-514k fp64 modal8_muladd
[GPUFEMSolver] Requested=cupy Resolved=cupy  ndof=1,617,948
[SolverV4] Building GalerkinMatFreeGMG: 210x70x35, 4 levels, fine=fp64, degree=2
[GMG] coarsest matrix regularised (eps=3.03e-08): Cholesky OK
[GMG] coarsest matrix regularised (eps=3.68e-08): Cholesky OK
[GMG] coarsest matrix regularised (eps=4.37e-08): Cholesky OK
[GMG] coarsest matrix regularised (eps=5.41e-08): Cholesky OK
[GMG] coarsest matrix regularised (eps=5.89e-08): Cholesky OK
[GMG] coarsest matrix regularised (eps=6.10e-08): Cholesky OK
[GMG] coarsest matrix regularised (eps=6.43e-08): Cholesky OK
[GMG] coarsest matrix regularised (eps=6.80e-08): Cholesky OK
[GMG] coarsest matrix regularised (eps=7.31e-08): Cholesky OK
[GMG] coarsest matrix regularised (eps=8.05e-08): Cholesky OK
[GMG] coarsest matrix regularised (eps=8.92e-08): Cholesky OK
[GMG] coarsest matrix regularised (eps=9.74e-08): Cholesky OK
[GMG] coarsest matrix regularised (eps=1.04e-07): Cholesky OK
[GMG] coarsest matrix regularised (eps=1.08e-07): Cholesky OK
[GMG] coarsest matrix regularised (eps=1.10e-07): Cholesky OK
[GMG] coarsest matrix regularised (eps=1.11e-07): Cholesky OK
[GMG] coarsest matrix regularised (eps=1.12e-07): Cholesky OK
[GMG] coarsest matrix regularised (eps=1.12e-07): Cholesky OK
[GMG] coarsest matrix regularised (eps=1.13e-07): Cholesky OK
[GMG] coarsest matrix regularised (eps=1.13e-07): Cholesky OK
[GMG] coarsest matrix regularised (eps=1.13e-07): Cholesky OK
[GMG] coarsest matrix regularised (eps=1.13e-07): Cholesky OK
[GMG] coarsest matrix regularised (eps=1.13e-07): Cholesky OK
[GMG] coarsest matrix regularised (eps=1.13e-07): Cholesky OK
[GMG] coarsest matrix regularised (eps=1.13e-07): Cholesky OK
[GMG] coarsest matrix regularised (eps=1.13e-07): Cholesky OK
[GMG] coarsest matrix regularised (eps=1.13e-07): Cholesky OK
[GMG] coarsest matrix regularised (eps=1.13e-07): Cholesky OK
[GMG] coarsest matrix regularised (eps=1.13e-07): Cholesky OK
[GMG] coarsest matrix regularised (eps=1.13e-07): Cholesky OK
2026-09-26T02:09:39.603881+00:00 rep 2 mbb-514k fp64 stock
[GPUFEMSolver] Requested=cupy Resolved=cupy  ndof=1,617,948
[SolverV4] Building GalerkinMatFreeGMG: 210x70x35, 4 levels, fine=fp64, degree=2
[GMG] coarsest matrix regularised (eps=3.03e-08): Cholesky OK
[GMG] coarsest matrix regularised (eps=3.68e-08): Cholesky OK
[GMG] coarsest matrix regularised (eps=4.37e-08): Cholesky OK
[GMG] coarsest matrix regularised (eps=5.41e-08): Cholesky OK
[GMG] coarsest matrix regularised (eps=5.89e-08): Cholesky OK
[GMG] coarsest matrix regularised (eps=6.10e-08): Cholesky OK
[GMG] coarsest matrix regularised (eps=6.43e-08): Cholesky OK
[GMG] coarsest matrix regularised (eps=6.80e-08): Cholesky OK
[GMG] coarsest matrix regularised (eps=7.31e-08): Cholesky OK
[GMG] coarsest matrix regularised (eps=8.05e-08): Cholesky OK
[GMG] coarsest matrix regularised (eps=8.92e-08): Cholesky OK
[GMG] coarsest matrix regularised (eps=9.74e-08): Cholesky OK
[GMG] coarsest matrix regularised (eps=1.04e-07): Cholesky OK
[GMG] coarsest matrix regularised (eps=1.08e-07): Cholesky OK
[GMG] coarsest matrix regularised (eps=1.10e-07): Cholesky OK
[GMG] coarsest matrix regularised (eps=1.11e-07): Cholesky OK
[GMG] coarsest matrix regularised (eps=1.12e-07): Cholesky OK
[GMG] coarsest matrix regularised (eps=1.12e-07): Cholesky OK
[GMG] coarsest matrix regularised (eps=1.13e-07): Cholesky OK
[GMG] coarsest matrix regularised (eps=1.13e-07): Cholesky OK
[GMG] coarsest matrix regularised (eps=1.13e-07): Cholesky OK
[GMG] coarsest matrix regularised (eps=1.13e-07): Cholesky OK
[GMG] coarsest matrix regularised (eps=1.13e-07): Cholesky OK
[GMG] coarsest matrix regularised (eps=1.13e-07): Cholesky OK
[GMG] coarsest matrix regularised (eps=1.13e-07): Cholesky OK
[GMG] coarsest matrix regularised (eps=1.13e-07): Cholesky OK
[GMG] coarsest matrix regularised (eps=1.13e-07): Cholesky OK
[GMG] coarsest matrix regularised (eps=1.13e-07): Cholesky OK
[GMG] coarsest matrix regularised (eps=1.13e-07): Cholesky OK
[GMG] coarsest matrix regularised (eps=1.13e-07): Cholesky OK
2026-09-26T02:10:43.271290+00:00 rep 2 mbb-514k fp64 fused_ai_fp64
[GPUFEMSolver] Requested=cupy Resolved=cupy  ndof=1,617,948
[SolverV4] Building GalerkinMatFreeGMG: 210x70x35, 4 levels, fine=fp64, degree=2
[GMG] coarsest matrix regularised (eps=3.03e-08): Cholesky OK
[GMG] coarsest matrix regularised (eps=3.68e-08): Cholesky OK
[GMG] coarsest matrix regularised (eps=4.37e-08): Cholesky OK
[GMG] coarsest matrix regularised (eps=5.41e-08): Cholesky OK
[GMG] coarsest matrix regularised (eps=5.89e-08): Cholesky OK
[GMG] coarsest matrix regularised (eps=6.10e-08): Cholesky OK
[GMG] coarsest matrix regularised (eps=6.43e-08): Cholesky OK
[GMG] coarsest matrix regularised (eps=6.80e-08): Cholesky OK
[GMG] coarsest matrix regularised (eps=7.31e-08): Cholesky OK
[GMG] coarsest matrix regularised (eps=8.05e-08): Cholesky OK
[GMG] coarsest matrix regularised (eps=8.92e-08): Cholesky OK
[GMG] coarsest matrix regularised (eps=9.74e-08): Cholesky OK
[GMG] coarsest matrix regularised (eps=1.04e-07): Cholesky OK
[GMG] coarsest matrix regularised (eps=1.08e-07): Cholesky OK
[GMG] coarsest matrix regularised (eps=1.10e-07): Cholesky OK
[GMG] coarsest matrix regularised (eps=1.11e-07): Cholesky OK
[GMG] coarsest matrix regularised (eps=1.12e-07): Cholesky OK
[GMG] coarsest matrix regularised (eps=1.12e-07): Cholesky OK
[GMG] coarsest matrix regularised (eps=1.13e-07): Cholesky OK
[GMG] coarsest matrix regularised (eps=1.13e-07): Cholesky OK
[GMG] coarsest matrix regularised (eps=1.13e-07): Cholesky OK
[GMG] coarsest matrix regularised (eps=1.13e-07): Cholesky OK
[GMG] coarsest matrix regularised (eps=1.13e-07): Cholesky OK
[GMG] coarsest matrix regularised (eps=1.13e-07): Cholesky OK
[GMG] coarsest matrix regularised (eps=1.13e-07): Cholesky OK
[GMG] coarsest matrix regularised (eps=1.13e-07): Cholesky OK
[GMG] coarsest matrix regularised (eps=1.13e-07): Cholesky OK
[GMG] coarsest matrix regularised (eps=1.13e-07): Cholesky OK
[GMG] coarsest matrix regularised (eps=1.13e-07): Cholesky OK
[GMG] coarsest matrix regularised (eps=1.13e-07): Cholesky OK
2026-09-26T02:11:29.373522+00:00 rep 2 mbb-514k mixed fused_ai_fp64
[GPUFEMSolver] Requested=cupy Resolved=cupy  ndof=1,617,948
[SolverV4] FusedMatvec ready for paper-4 fine smoothing.
[SolverV4] Building GalerkinMatFreeGMG: 210x70x35, 4 levels, fine=fp32, degree=2
[GMG] coarsest matrix regularised (eps=3.03e-08): Cholesky OK
[GMG] coarsest matrix regularised (eps=3.68e-08): Cholesky OK
[GMG] coarsest matrix regularised (eps=4.37e-08): Cholesky OK
[GMG] coarsest matrix regularised (eps=5.41e-08): Cholesky OK
[GMG] coarsest matrix regularised (eps=5.89e-08): Cholesky OK
[GMG] coarsest matrix regularised (eps=6.10e-08): Cholesky OK
[GMG] coarsest matrix regularised (eps=6.43e-08): Cholesky OK
[GMG] coarsest matrix regularised (eps=6.80e-08): Cholesky OK
[GMG] coarsest matrix regularised (eps=7.31e-08): Cholesky OK
[GMG] coarsest matrix regularised (eps=8.05e-08): Cholesky OK
[GMG] coarsest matrix regularised (eps=8.92e-08): Cholesky OK
[GMG] coarsest matrix regularised (eps=9.74e-08): Cholesky OK
[GMG] coarsest matrix regularised (eps=1.04e-07): Cholesky OK
[GMG] coarsest matrix regularised (eps=1.08e-07): Cholesky OK
[GMG] coarsest matrix regularised (eps=1.10e-07): Cholesky OK
[GMG] coarsest matrix regularised (eps=1.11e-07): Cholesky OK
[GMG] coarsest matrix regularised (eps=1.12e-07): Cholesky OK
[GMG] coarsest matrix regularised (eps=1.12e-07): Cholesky OK
[GMG] coarsest matrix regularised (eps=1.13e-07): Cholesky OK
[GMG] coarsest matrix regularised (eps=1.13e-07): Cholesky OK
[GMG] coarsest matrix regularised (eps=1.13e-07): Cholesky OK
[SolverV4] WARNING: pcg did not converge in 1000 iters (n_free=1,615,391).
[GMG] coarsest matrix regularised (eps=1.13e-07): Cholesky OK
[GMG] coarsest matrix regularised (eps=1.13e-07): Cholesky OK
[GMG] coarsest matrix regularised (eps=1.13e-07): Cholesky OK
[GMG] coarsest matrix regularised (eps=1.13e-07): Cholesky OK
[GMG] coarsest matrix regularised (eps=1.13e-07): Cholesky OK
[GMG] coarsest matrix regularised (eps=1.13e-07): Cholesky OK
[GMG] coarsest matrix regularised (eps=1.13e-07): Cholesky OK
[GMG] coarsest matrix regularised (eps=1.13e-07): Cholesky OK
[GMG] coarsest matrix regularised (eps=1.13e-07): Cholesky OK
2026-09-26T02:12:41.574198+00:00 rep 2 mbb-514k mixed modal8_muladd
[GPUFEMSolver] Requested=cupy Resolved=cupy  ndof=1,617,948
[SolverV4] FusedMatvec ready for paper-4 fine smoothing.
[SolverV4] Building GalerkinMatFreeGMG: 210x70x35, 4 levels, fine=fp32, degree=2
[GMG] coarsest matrix regularised (eps=3.03e-08): Cholesky OK
[GMG] coarsest matrix regularised (eps=3.68e-08): Cholesky OK
[GMG] coarsest matrix regularised (eps=4.37e-08): Cholesky OK
[GMG] coarsest matrix regularised (eps=5.41e-08): Cholesky OK
[GMG] coarsest matrix regularised (eps=5.89e-08): Cholesky OK
[GMG] coarsest matrix regularised (eps=6.10e-08): Cholesky OK
[GMG] coarsest matrix regularised (eps=6.43e-08): Cholesky OK
[GMG] coarsest matrix regularised (eps=6.80e-08): Cholesky OK
[GMG] coarsest matrix regularised (eps=7.31e-08): Cholesky OK
[GMG] coarsest matrix regularised (eps=8.05e-08): Cholesky OK
[GMG] coarsest matrix regularised (eps=8.92e-08): Cholesky OK
[GMG] coarsest matrix regularised (eps=9.74e-08): Cholesky OK
[GMG] coarsest matrix regularised (eps=1.04e-07): Cholesky OK
[GMG] coarsest matrix regularised (eps=1.08e-07): Cholesky OK
[GMG] coarsest matrix regularised (eps=1.10e-07): Cholesky OK
[GMG] coarsest matrix regularised (eps=1.11e-07): Cholesky OK
[GMG] coarsest matrix regularised (eps=1.12e-07): Cholesky OK
[GMG] coarsest matrix regularised (eps=1.12e-07): Cholesky OK
[GMG] coarsest matrix regularised (eps=1.13e-07): Cholesky OK
[GMG] coarsest matrix regularised (eps=1.13e-07): Cholesky OK
[GMG] coarsest matrix regularised (eps=1.13e-07): Cholesky OK
[GMG] coarsest matrix regularised (eps=1.13e-07): Cholesky OK
[GMG] coarsest matrix regularised (eps=1.13e-07): Cholesky OK
[GMG] coarsest matrix regularised (eps=1.13e-07): Cholesky OK
[GMG] coarsest matrix regularised (eps=1.13e-07): Cholesky OK
[GMG] coarsest matrix regularised (eps=1.13e-07): Cholesky OK
[GMG] coarsest matrix regularised (eps=1.13e-07): Cholesky OK
[GMG] coarsest matrix regularised (eps=1.13e-07): Cholesky OK
[GMG] coarsest matrix regularised (eps=1.13e-07): Cholesky OK
[GMG] coarsest matrix regularised (eps=1.13e-07): Cholesky OK
2026-09-26T02:13:39.145438+00:00 rep 2 mbb-514k mixed stock
[GPUFEMSolver] Requested=cupy Resolved=cupy  ndof=1,617,948
[SolverV4] FusedMatvec ready for paper-4 fine smoothing.
[SolverV4] Building GalerkinMatFreeGMG: 210x70x35, 4 levels, fine=fp32, degree=2
[GMG] coarsest matrix regularised (eps=3.03e-08): Cholesky OK
[GMG] coarsest matrix regularised (eps=3.68e-08): Cholesky OK
[GMG] coarsest matrix regularised (eps=4.37e-08): Cholesky OK
[GMG] coarsest matrix regularised (eps=5.41e-08): Cholesky OK
[GMG] coarsest matrix regularised (eps=5.89e-08): Cholesky OK
[GMG] coarsest matrix regularised (eps=6.10e-08): Cholesky OK
[GMG] coarsest matrix regularised (eps=6.43e-08): Cholesky OK
[GMG] coarsest matrix regularised (eps=6.80e-08): Cholesky OK
[GMG] coarsest matrix regularised (eps=7.31e-08): Cholesky OK
[GMG] coarsest matrix regularised (eps=8.05e-08): Cholesky OK
[GMG] coarsest matrix regularised (eps=8.92e-08): Cholesky OK
[GMG] coarsest matrix regularised (eps=9.74e-08): Cholesky OK
[GMG] coarsest matrix regularised (eps=1.04e-07): Cholesky OK
[GMG] coarsest matrix regularised (eps=1.08e-07): Cholesky OK
[GMG] coarsest matrix regularised (eps=1.10e-07): Cholesky OK
[GMG] coarsest matrix regularised (eps=1.11e-07): Cholesky OK
[GMG] coarsest matrix regularised (eps=1.12e-07): Cholesky OK
[GMG] coarsest matrix regularised (eps=1.12e-07): Cholesky OK
[GMG] coarsest matrix regularised (eps=1.13e-07): Cholesky OK
[GMG] coarsest matrix regularised (eps=1.13e-07): Cholesky OK
[GMG] coarsest matrix regularised (eps=1.13e-07): Cholesky OK
[GMG] coarsest matrix regularised (eps=1.13e-07): Cholesky OK
[GMG] coarsest matrix regularised (eps=1.13e-07): Cholesky OK
[GMG] coarsest matrix regularised (eps=1.13e-07): Cholesky OK
[GMG] coarsest matrix regularised (eps=1.13e-07): Cholesky OK
[GMG] coarsest matrix regularised (eps=1.13e-07): Cholesky OK
[GMG] coarsest matrix regularised (eps=1.13e-07): Cholesky OK
[GMG] coarsest matrix regularised (eps=1.13e-07): Cholesky OK
[GMG] coarsest matrix regularised (eps=1.13e-07): Cholesky OK
[GMG] coarsest matrix regularised (eps=1.13e-07): Cholesky OK
2026-09-26T02:14:35.705512+00:00 rep 2 torsion-499k fp64 modal8_muladd
[GPUFEMSolver] Requested=cupy Resolved=cupy  ndof=1,561,728
[SolverV4] Building GalerkinMatFreeGMG: 165x55x55, 4 levels, fine=fp64, degree=2
2026-09-26T02:15:11.983115+00:00 rep 2 torsion-499k fp64 fused_ai_fp64
[GPUFEMSolver] Requested=cupy Resolved=cupy  ndof=1,561,728
[SolverV4] Building GalerkinMatFreeGMG: 165x55x55, 4 levels, fine=fp64, degree=2
2026-09-26T02:15:50.037718+00:00 rep 2 torsion-499k fp64 stock
[GPUFEMSolver] Requested=cupy Resolved=cupy  ndof=1,561,728
[SolverV4] Building GalerkinMatFreeGMG: 165x55x55, 4 levels, fine=fp64, degree=2
2026-09-26T02:16:37.822190+00:00 rep 2 torsion-499k mixed fused_ai_fp64
[GPUFEMSolver] Requested=cupy Resolved=cupy  ndof=1,561,728
[SolverV4] FusedMatvec ready for paper-4 fine smoothing.
[SolverV4] Building GalerkinMatFreeGMG: 165x55x55, 4 levels, fine=fp32, degree=2
2026-09-26T02:17:15.032837+00:00 rep 2 torsion-499k mixed modal8_muladd
[GPUFEMSolver] Requested=cupy Resolved=cupy  ndof=1,561,728
[SolverV4] FusedMatvec ready for paper-4 fine smoothing.
[SolverV4] Building GalerkinMatFreeGMG: 165x55x55, 4 levels, fine=fp32, degree=2
2026-09-26T02:17:51.671531+00:00 rep 2 torsion-499k mixed stock
[GPUFEMSolver] Requested=cupy Resolved=cupy  ndof=1,561,728
[SolverV4] FusedMatvec ready for paper-4 fine smoothing.
[SolverV4] Building GalerkinMatFreeGMG: 165x55x55, 4 levels, fine=fp32, degree=2
2026-09-26T02:18:32.355776+00:00 rep 3 cantilever-216k fp64 stock
[GPUFEMSolver] Requested=cupy Resolved=cupy  ndof=686,433
[SolverV4] Building GalerkinMatFreeGMG: 120x60x30, 4 levels, fine=fp64, degree=2
2026-09-26T02:18:52.687578+00:00 rep 3 cantilever-216k fp64 fused_ai_fp64
[GPUFEMSolver] Requested=cupy Resolved=cupy  ndof=686,433
[SolverV4] Building GalerkinMatFreeGMG: 120x60x30, 4 levels, fine=fp64, degree=2
2026-09-26T02:19:09.459104+00:00 rep 3 cantilever-216k fp64 modal8_muladd
[GPUFEMSolver] Requested=cupy Resolved=cupy  ndof=686,433
[SolverV4] Building GalerkinMatFreeGMG: 120x60x30, 4 levels, fine=fp64, degree=2
2026-09-26T02:19:26.073231+00:00 rep 3 cantilever-216k mixed fused_ai_fp64
[GPUFEMSolver] Requested=cupy Resolved=cupy  ndof=686,433
[SolverV4] FusedMatvec ready for paper-4 fine smoothing.
[SolverV4] Building GalerkinMatFreeGMG: 120x60x30, 4 levels, fine=fp32, degree=2
2026-09-26T02:19:43.122615+00:00 rep 3 cantilever-216k mixed modal8_muladd
[GPUFEMSolver] Requested=cupy Resolved=cupy  ndof=686,433
[SolverV4] FusedMatvec ready for paper-4 fine smoothing.
[SolverV4] Building GalerkinMatFreeGMG: 120x60x30, 4 levels, fine=fp32, degree=2
2026-09-26T02:20:04.064552+00:00 rep 3 cantilever-216k mixed stock
[GPUFEMSolver] Requested=cupy Resolved=cupy  ndof=686,433
[SolverV4] FusedMatvec ready for paper-4 fine smoothing.
[SolverV4] Building GalerkinMatFreeGMG: 120x60x30, 4 levels, fine=fp32, degree=2
2026-09-26T02:20:22.401252+00:00 rep 3 cantilever-512k fp64 modal8_muladd
[GPUFEMSolver] Requested=cupy Resolved=cupy  ndof=1,604,043
[SolverV4] Building GalerkinMatFreeGMG: 160x80x40, 4 levels, fine=fp64, degree=2
2026-09-26T02:20:57.416080+00:00 rep 3 cantilever-512k fp64 fused_ai_fp64
[GPUFEMSolver] Requested=cupy Resolved=cupy  ndof=1,604,043
[SolverV4] Building GalerkinMatFreeGMG: 160x80x40, 4 levels, fine=fp64, degree=2
2026-09-26T02:21:32.907007+00:00 rep 3 cantilever-512k fp64 stock
[GPUFEMSolver] Requested=cupy Resolved=cupy  ndof=1,604,043
[SolverV4] Building GalerkinMatFreeGMG: 160x80x40, 4 levels, fine=fp64, degree=2
2026-09-26T02:22:12.910002+00:00 rep 3 cantilever-512k mixed modal8_muladd
[GPUFEMSolver] Requested=cupy Resolved=cupy  ndof=1,604,043
[SolverV4] FusedMatvec ready for paper-4 fine smoothing.
[SolverV4] Building GalerkinMatFreeGMG: 160x80x40, 4 levels, fine=fp32, degree=2
2026-09-26T02:22:47.673264+00:00 rep 3 cantilever-512k mixed fused_ai_fp64
[GPUFEMSolver] Requested=cupy Resolved=cupy  ndof=1,604,043
[SolverV4] FusedMatvec ready for paper-4 fine smoothing.
[SolverV4] Building GalerkinMatFreeGMG: 160x80x40, 4 levels, fine=fp32, degree=2
2026-09-26T02:23:22.881979+00:00 rep 3 cantilever-512k mixed stock
[GPUFEMSolver] Requested=cupy Resolved=cupy  ndof=1,604,043
[SolverV4] FusedMatvec ready for paper-4 fine smoothing.
[SolverV4] Building GalerkinMatFreeGMG: 160x80x40, 4 levels, fine=fp32, degree=2
2026-09-26T02:23:59.392574+00:00 rep 3 mbb-514k fp64 modal8_muladd
[GPUFEMSolver] Requested=cupy Resolved=cupy  ndof=1,617,948
[SolverV4] Building GalerkinMatFreeGMG: 210x70x35, 4 levels, fine=fp64, degree=2
[GMG] coarsest matrix regularised (eps=3.03e-08): Cholesky OK
[GMG] coarsest matrix regularised (eps=3.68e-08): Cholesky OK
[GMG] coarsest matrix regularised (eps=4.37e-08): Cholesky OK
[GMG] coarsest matrix regularised (eps=5.41e-08): Cholesky OK
[GMG] coarsest matrix regularised (eps=5.89e-08): Cholesky OK
[GMG] coarsest matrix regularised (eps=6.10e-08): Cholesky OK
[GMG] coarsest matrix regularised (eps=6.43e-08): Cholesky OK
[GMG] coarsest matrix regularised (eps=6.80e-08): Cholesky OK
[GMG] coarsest matrix regularised (eps=7.31e-08): Cholesky OK
[GMG] coarsest matrix regularised (eps=8.05e-08): Cholesky OK
[GMG] coarsest matrix regularised (eps=8.92e-08): Cholesky OK
[GMG] coarsest matrix regularised (eps=9.74e-08): Cholesky OK
[GMG] coarsest matrix regularised (eps=1.04e-07): Cholesky OK
[GMG] coarsest matrix regularised (eps=1.08e-07): Cholesky OK
[GMG] coarsest matrix regularised (eps=1.10e-07): Cholesky OK
[GMG] coarsest matrix regularised (eps=1.11e-07): Cholesky OK
[GMG] coarsest matrix regularised (eps=1.12e-07): Cholesky OK
[GMG] coarsest matrix regularised (eps=1.12e-07): Cholesky OK
[GMG] coarsest matrix regularised (eps=1.13e-07): Cholesky OK
[GMG] coarsest matrix regularised (eps=1.13e-07): Cholesky OK
[GMG] coarsest matrix regularised (eps=1.13e-07): Cholesky OK
[GMG] coarsest matrix regularised (eps=1.13e-07): Cholesky OK
[GMG] coarsest matrix regularised (eps=1.13e-07): Cholesky OK
[GMG] coarsest matrix regularised (eps=1.13e-07): Cholesky OK
[GMG] coarsest matrix regularised (eps=1.13e-07): Cholesky OK
[GMG] coarsest matrix regularised (eps=1.13e-07): Cholesky OK
[GMG] coarsest matrix regularised (eps=1.13e-07): Cholesky OK
[GMG] coarsest matrix regularised (eps=1.13e-07): Cholesky OK
[GMG] coarsest matrix regularised (eps=1.13e-07): Cholesky OK
[GMG] coarsest matrix regularised (eps=1.13e-07): Cholesky OK
2026-09-26T02:24:42.410113+00:00 rep 3 mbb-514k fp64 stock
[GPUFEMSolver] Requested=cupy Resolved=cupy  ndof=1,617,948
[SolverV4] Building GalerkinMatFreeGMG: 210x70x35, 4 levels, fine=fp64, degree=2
[GMG] coarsest matrix regularised (eps=3.03e-08): Cholesky OK
[GMG] coarsest matrix regularised (eps=3.68e-08): Cholesky OK
[GMG] coarsest matrix regularised (eps=4.37e-08): Cholesky OK
[GMG] coarsest matrix regularised (eps=5.41e-08): Cholesky OK
[GMG] coarsest matrix regularised (eps=5.89e-08): Cholesky OK
[GMG] coarsest matrix regularised (eps=6.10e-08): Cholesky OK
[GMG] coarsest matrix regularised (eps=6.43e-08): Cholesky OK
[GMG] coarsest matrix regularised (eps=6.80e-08): Cholesky OK
[GMG] coarsest matrix regularised (eps=7.31e-08): Cholesky OK
[GMG] coarsest matrix regularised (eps=8.05e-08): Cholesky OK
[GMG] coarsest matrix regularised (eps=8.92e-08): Cholesky OK
[GMG] coarsest matrix regularised (eps=9.74e-08): Cholesky OK
[GMG] coarsest matrix regularised (eps=1.04e-07): Cholesky OK
[GMG] coarsest matrix regularised (eps=1.08e-07): Cholesky OK
[GMG] coarsest matrix regularised (eps=1.10e-07): Cholesky OK
[GMG] coarsest matrix regularised (eps=1.11e-07): Cholesky OK
[GMG] coarsest matrix regularised (eps=1.12e-07): Cholesky OK
[GMG] coarsest matrix regularised (eps=1.12e-07): Cholesky OK
[GMG] coarsest matrix regularised (eps=1.13e-07): Cholesky OK
[GMG] coarsest matrix regularised (eps=1.13e-07): Cholesky OK
[GMG] coarsest matrix regularised (eps=1.13e-07): Cholesky OK
[GMG] coarsest matrix regularised (eps=1.13e-07): Cholesky OK
[GMG] coarsest matrix regularised (eps=1.13e-07): Cholesky OK
[GMG] coarsest matrix regularised (eps=1.13e-07): Cholesky OK
[GMG] coarsest matrix regularised (eps=1.13e-07): Cholesky OK
[GMG] coarsest matrix regularised (eps=1.13e-07): Cholesky OK
[GMG] coarsest matrix regularised (eps=1.13e-07): Cholesky OK
[GMG] coarsest matrix regularised (eps=1.13e-07): Cholesky OK
[GMG] coarsest matrix regularised (eps=1.13e-07): Cholesky OK
[GMG] coarsest matrix regularised (eps=1.13e-07): Cholesky OK
2026-09-26T02:25:46.442929+00:00 rep 3 mbb-514k fp64 fused_ai_fp64
[GPUFEMSolver] Requested=cupy Resolved=cupy  ndof=1,617,948
[SolverV4] Building GalerkinMatFreeGMG: 210x70x35, 4 levels, fine=fp64, degree=2
[GMG] coarsest matrix regularised (eps=3.03e-08): Cholesky OK
[GMG] coarsest matrix regularised (eps=3.68e-08): Cholesky OK
[GMG] coarsest matrix regularised (eps=4.37e-08): Cholesky OK
[GMG] coarsest matrix regularised (eps=5.41e-08): Cholesky OK
[GMG] coarsest matrix regularised (eps=5.89e-08): Cholesky OK
[GMG] coarsest matrix regularised (eps=6.10e-08): Cholesky OK
[GMG] coarsest matrix regularised (eps=6.43e-08): Cholesky OK
[GMG] coarsest matrix regularised (eps=6.80e-08): Cholesky OK
[GMG] coarsest matrix regularised (eps=7.31e-08): Cholesky OK
[GMG] coarsest matrix regularised (eps=8.05e-08): Cholesky OK
[GMG] coarsest matrix regularised (eps=8.92e-08): Cholesky OK
[GMG] coarsest matrix regularised (eps=9.74e-08): Cholesky OK
[GMG] coarsest matrix regularised (eps=1.04e-07): Cholesky OK
[GMG] coarsest matrix regularised (eps=1.08e-07): Cholesky OK
[GMG] coarsest matrix regularised (eps=1.10e-07): Cholesky OK
[GMG] coarsest matrix regularised (eps=1.11e-07): Cholesky OK
[GMG] coarsest matrix regularised (eps=1.12e-07): Cholesky OK
[GMG] coarsest matrix regularised (eps=1.12e-07): Cholesky OK
[GMG] coarsest matrix regularised (eps=1.13e-07): Cholesky OK
[GMG] coarsest matrix regularised (eps=1.13e-07): Cholesky OK
[GMG] coarsest matrix regularised (eps=1.13e-07): Cholesky OK
[GMG] coarsest matrix regularised (eps=1.13e-07): Cholesky OK
[GMG] coarsest matrix regularised (eps=1.13e-07): Cholesky OK
[GMG] coarsest matrix regularised (eps=1.13e-07): Cholesky OK
[GMG] coarsest matrix regularised (eps=1.13e-07): Cholesky OK
[GMG] coarsest matrix regularised (eps=1.13e-07): Cholesky OK
[GMG] coarsest matrix regularised (eps=1.13e-07): Cholesky OK
[GMG] coarsest matrix regularised (eps=1.13e-07): Cholesky OK
[GMG] coarsest matrix regularised (eps=1.13e-07): Cholesky OK
[GMG] coarsest matrix regularised (eps=1.13e-07): Cholesky OK
2026-09-26T02:26:32.364216+00:00 rep 3 mbb-514k mixed modal8_muladd
[GPUFEMSolver] Requested=cupy Resolved=cupy  ndof=1,617,948
[SolverV4] FusedMatvec ready for paper-4 fine smoothing.
[SolverV4] Building GalerkinMatFreeGMG: 210x70x35, 4 levels, fine=fp32, degree=2
[GMG] coarsest matrix regularised (eps=3.03e-08): Cholesky OK
[GMG] coarsest matrix regularised (eps=3.68e-08): Cholesky OK
[GMG] coarsest matrix regularised (eps=4.37e-08): Cholesky OK
[GMG] coarsest matrix regularised (eps=5.41e-08): Cholesky OK
[GMG] coarsest matrix regularised (eps=5.89e-08): Cholesky OK
[GMG] coarsest matrix regularised (eps=6.10e-08): Cholesky OK
[GMG] coarsest matrix regularised (eps=6.43e-08): Cholesky OK
[GMG] coarsest matrix regularised (eps=6.80e-08): Cholesky OK
[GMG] coarsest matrix regularised (eps=7.31e-08): Cholesky OK
[GMG] coarsest matrix regularised (eps=8.05e-08): Cholesky OK
[GMG] coarsest matrix regularised (eps=8.92e-08): Cholesky OK
[GMG] coarsest matrix regularised (eps=9.74e-08): Cholesky OK
[GMG] coarsest matrix regularised (eps=1.04e-07): Cholesky OK
[GMG] coarsest matrix regularised (eps=1.08e-07): Cholesky OK
[GMG] coarsest matrix regularised (eps=1.10e-07): Cholesky OK
[GMG] coarsest matrix regularised (eps=1.11e-07): Cholesky OK
[GMG] coarsest matrix regularised (eps=1.12e-07): Cholesky OK
[GMG] coarsest matrix regularised (eps=1.12e-07): Cholesky OK
[GMG] coarsest matrix regularised (eps=1.13e-07): Cholesky OK
[GMG] coarsest matrix regularised (eps=1.13e-07): Cholesky OK
[GMG] coarsest matrix regularised (eps=1.13e-07): Cholesky OK
[GMG] coarsest matrix regularised (eps=1.13e-07): Cholesky OK
[GMG] coarsest matrix regularised (eps=1.13e-07): Cholesky OK
[GMG] coarsest matrix regularised (eps=1.13e-07): Cholesky OK
[GMG] coarsest matrix regularised (eps=1.13e-07): Cholesky OK
[GMG] coarsest matrix regularised (eps=1.13e-07): Cholesky OK
[GMG] coarsest matrix regularised (eps=1.13e-07): Cholesky OK
[GMG] coarsest matrix regularised (eps=1.13e-07): Cholesky OK
[GMG] coarsest matrix regularised (eps=1.13e-07): Cholesky OK
[GMG] coarsest matrix regularised (eps=1.13e-07): Cholesky OK
2026-09-26T02:27:26.691013+00:00 rep 3 mbb-514k mixed stock
[GPUFEMSolver] Requested=cupy Resolved=cupy  ndof=1,617,948
[SolverV4] FusedMatvec ready for paper-4 fine smoothing.
[SolverV4] Building GalerkinMatFreeGMG: 210x70x35, 4 levels, fine=fp32, degree=2
[GMG] coarsest matrix regularised (eps=3.03e-08): Cholesky OK
[GMG] coarsest matrix regularised (eps=3.68e-08): Cholesky OK
[GMG] coarsest matrix regularised (eps=4.37e-08): Cholesky OK
[GMG] coarsest matrix regularised (eps=5.41e-08): Cholesky OK
[GMG] coarsest matrix regularised (eps=5.89e-08): Cholesky OK
[GMG] coarsest matrix regularised (eps=6.10e-08): Cholesky OK
[GMG] coarsest matrix regularised (eps=6.43e-08): Cholesky OK
[GMG] coarsest matrix regularised (eps=6.80e-08): Cholesky OK
[GMG] coarsest matrix regularised (eps=7.31e-08): Cholesky OK
[GMG] coarsest matrix regularised (eps=8.05e-08): Cholesky OK
[GMG] coarsest matrix regularised (eps=8.92e-08): Cholesky OK
[GMG] coarsest matrix regularised (eps=9.74e-08): Cholesky OK
[GMG] coarsest matrix regularised (eps=1.04e-07): Cholesky OK
[GMG] coarsest matrix regularised (eps=1.08e-07): Cholesky OK
[GMG] coarsest matrix regularised (eps=1.10e-07): Cholesky OK
[GMG] coarsest matrix regularised (eps=1.11e-07): Cholesky OK
[GMG] coarsest matrix regularised (eps=1.12e-07): Cholesky OK
[GMG] coarsest matrix regularised (eps=1.12e-07): Cholesky OK
[GMG] coarsest matrix regularised (eps=1.13e-07): Cholesky OK
[GMG] coarsest matrix regularised (eps=1.13e-07): Cholesky OK
[GMG] coarsest matrix regularised (eps=1.13e-07): Cholesky OK
[SolverV4] WARNING: pcg did not converge in 1000 iters (n_free=1,615,391).
[GMG] coarsest matrix regularised (eps=1.13e-07): Cholesky OK
[SolverV4] WARNING: pcg did not converge in 1000 iters (n_free=1,615,391).
[GMG] coarsest matrix regularised (eps=1.13e-07): Cholesky OK
[GMG] coarsest matrix regularised (eps=1.13e-07): Cholesky OK
[GMG] coarsest matrix regularised (eps=1.13e-07): Cholesky OK
[GMG] coarsest matrix regularised (eps=1.13e-07): Cholesky OK
[GMG] coarsest matrix regularised (eps=1.13e-07): Cholesky OK
[GMG] coarsest matrix regularised (eps=1.13e-07): Cholesky OK
[GMG] coarsest matrix regularised (eps=1.13e-07): Cholesky OK
[GMG] coarsest matrix regularised (eps=1.13e-07): Cholesky OK
2026-09-26T02:28:58.040246+00:00 rep 3 mbb-514k mixed fused_ai_fp64
[GPUFEMSolver] Requested=cupy Resolved=cupy  ndof=1,617,948
[SolverV4] FusedMatvec ready for paper-4 fine smoothing.
[SolverV4] Building GalerkinMatFreeGMG: 210x70x35, 4 levels, fine=fp32, degree=2
[GMG] coarsest matrix regularised (eps=3.03e-08): Cholesky OK
[GMG] coarsest matrix regularised (eps=3.68e-08): Cholesky OK
[GMG] coarsest matrix regularised (eps=4.37e-08): Cholesky OK
[GMG] coarsest matrix regularised (eps=5.41e-08): Cholesky OK
[GMG] coarsest matrix regularised (eps=5.89e-08): Cholesky OK
[GMG] coarsest matrix regularised (eps=6.10e-08): Cholesky OK
[GMG] coarsest matrix regularised (eps=6.43e-08): Cholesky OK
[GMG] coarsest matrix regularised (eps=6.80e-08): Cholesky OK
[GMG] coarsest matrix regularised (eps=7.31e-08): Cholesky OK
[GMG] coarsest matrix regularised (eps=8.05e-08): Cholesky OK
[GMG] coarsest matrix regularised (eps=8.92e-08): Cholesky OK
[GMG] coarsest matrix regularised (eps=9.74e-08): Cholesky OK
[GMG] coarsest matrix regularised (eps=1.04e-07): Cholesky OK
[GMG] coarsest matrix regularised (eps=1.08e-07): Cholesky OK
[GMG] coarsest matrix regularised (eps=1.10e-07): Cholesky OK
[GMG] coarsest matrix regularised (eps=1.11e-07): Cholesky OK
[GMG] coarsest matrix regularised (eps=1.12e-07): Cholesky OK
[GMG] coarsest matrix regularised (eps=1.12e-07): Cholesky OK
[GMG] coarsest matrix regularised (eps=1.13e-07): Cholesky OK
[GMG] coarsest matrix regularised (eps=1.13e-07): Cholesky OK
[GMG] coarsest matrix regularised (eps=1.13e-07): Cholesky OK
[GMG] coarsest matrix regularised (eps=1.13e-07): Cholesky OK
[GMG] coarsest matrix regularised (eps=1.13e-07): Cholesky OK
[GMG] coarsest matrix regularised (eps=1.13e-07): Cholesky OK
[GMG] coarsest matrix regularised (eps=1.13e-07): Cholesky OK
[GMG] coarsest matrix regularised (eps=1.13e-07): Cholesky OK
[GMG] coarsest matrix regularised (eps=1.13e-07): Cholesky OK
[GMG] coarsest matrix regularised (eps=1.13e-07): Cholesky OK
[GMG] coarsest matrix regularised (eps=1.13e-07): Cholesky OK
[GMG] coarsest matrix regularised (eps=1.13e-07): Cholesky OK
2026-09-26T02:29:52.162153+00:00 rep 3 torsion-499k fp64 stock
[GPUFEMSolver] Requested=cupy Resolved=cupy  ndof=1,561,728
[SolverV4] Building GalerkinMatFreeGMG: 165x55x55, 4 levels, fine=fp64, degree=2
2026-09-26T02:30:39.972720+00:00 rep 3 torsion-499k fp64 modal8_muladd
[GPUFEMSolver] Requested=cupy Resolved=cupy  ndof=1,561,728
[SolverV4] Building GalerkinMatFreeGMG: 165x55x55, 4 levels, fine=fp64, degree=2
2026-09-26T02:31:16.292769+00:00 rep 3 torsion-499k fp64 fused_ai_fp64
[GPUFEMSolver] Requested=cupy Resolved=cupy  ndof=1,561,728
[SolverV4] Building GalerkinMatFreeGMG: 165x55x55, 4 levels, fine=fp64, degree=2
2026-09-26T02:31:54.185402+00:00 rep 3 torsion-499k mixed modal8_muladd
[GPUFEMSolver] Requested=cupy Resolved=cupy  ndof=1,561,728
[SolverV4] FusedMatvec ready for paper-4 fine smoothing.
[SolverV4] Building GalerkinMatFreeGMG: 165x55x55, 4 levels, fine=fp32, degree=2
2026-09-26T02:32:30.846751+00:00 rep 3 torsion-499k mixed stock
[GPUFEMSolver] Requested=cupy Resolved=cupy  ndof=1,561,728
[SolverV4] FusedMatvec ready for paper-4 fine smoothing.
[SolverV4] Building GalerkinMatFreeGMG: 165x55x55, 4 levels, fine=fp32, degree=2
2026-09-26T02:33:11.863619+00:00 rep 3 torsion-499k mixed fused_ai_fp64
[GPUFEMSolver] Requested=cupy Resolved=cupy  ndof=1,561,728
[SolverV4] FusedMatvec ready for paper-4 fine smoothing.
[SolverV4] Building GalerkinMatFreeGMG: 165x55x55, 4 levels, fine=fp32, degree=2
2026-09-26T02:33:48.969734+00:00 complete cantilever-216k fp64 stock
[GPUFEMSolver] Requested=cupy Resolved=cupy  ndof=686,433
[SolverV4] Building GalerkinMatFreeGMG: 120x60x30, 4 levels, fine=fp64, degree=2
2026-09-26T02:35:09.879083+00:00 complete cantilever-216k fp64 fused_ai_fp64
[GPUFEMSolver] Requested=cupy Resolved=cupy  ndof=686,433
[SolverV4] Building GalerkinMatFreeGMG: 120x60x30, 4 levels, fine=fp64, degree=2
2026-09-26T02:36:15.617399+00:00 complete cantilever-216k fp64 modal8_muladd
[GPUFEMSolver] Requested=cupy Resolved=cupy  ndof=686,433
[SolverV4] Building GalerkinMatFreeGMG: 120x60x30, 4 levels, fine=fp64, degree=2
2026-09-26T02:37:20.892695+00:00 complete cantilever-216k mixed stock
[GPUFEMSolver] Requested=cupy Resolved=cupy  ndof=686,433
[SolverV4] FusedMatvec ready for paper-4 fine smoothing.
[SolverV4] Building GalerkinMatFreeGMG: 120x60x30, 4 levels, fine=fp32, degree=2
2026-09-26T02:38:32.681303+00:00 complete cantilever-216k mixed fused_ai_fp64
[GPUFEMSolver] Requested=cupy Resolved=cupy  ndof=686,433
[SolverV4] FusedMatvec ready for paper-4 fine smoothing.
[SolverV4] Building GalerkinMatFreeGMG: 120x60x30, 4 levels, fine=fp32, degree=2
2026-09-26T02:39:39.554520+00:00 complete cantilever-216k mixed modal8_muladd
[GPUFEMSolver] Requested=cupy Resolved=cupy  ndof=686,433
[SolverV4] FusedMatvec ready for paper-4 fine smoothing.
[SolverV4] Building GalerkinMatFreeGMG: 120x60x30, 4 levels, fine=fp32, degree=2
