Selecting previously unselected package cuda-keyring.
(Reading database ... 79216 files and directories currently installed.)
Preparing to unpack /tmp/cuda-keyring.deb ...
Unpacking cuda-keyring (1.1-1) ...
Setting up cuda-keyring (1.1-1) ...
Get:1 https://developer.download.nvidia.com/compute/cuda/repos/ubuntu2204/x86_64  InRelease [1578 B]
Hit:2 http://security.ubuntu.com/ubuntu jammy-security InRelease
Hit:3 http://archive.ubuntu.com/ubuntu jammy InRelease
Hit:4 http://archive.ubuntu.com/ubuntu jammy-updates InRelease
Hit:5 http://archive.ubuntu.com/ubuntu jammy-backports InRelease
Get:6 https://developer.download.nvidia.com/compute/cuda/repos/ubuntu2204/x86_64  Packages [3037 kB]
Fetched 3038 kB in 1s (3566 kB/s)
Reading package lists...
Reading package lists...
Building dependency tree...
Reading state information...
The following additional packages will be installed:
  nsight-compute-2023.2.2
The following NEW packages will be installed:
  cuda-nsight-compute-12-2 nsight-compute-2023.2.2
0 upgraded, 2 newly installed, 0 to remove and 315 not upgraded.
1 not fully installed or removed.
Need to get 721 MB of archives.
After this operation, 1538 MB of additional disk space will be used.
Get:1 https://developer.download.nvidia.com/compute/cuda/repos/ubuntu2204/x86_64  nsight-compute-2023.2.2 2023.2.2.3-1 [721 MB]
Get:2 https://developer.download.nvidia.com/compute/cuda/repos/ubuntu2204/x86_64  cuda-nsight-compute-12-2 12.2.2-1 [4052 B]
Fetched 721 MB in 3min 20s (3597 kB/s)
Setting up install-info (6.8-4build1) ...
/usr/sbin/update-info-dir: 11: /etc/environment: AAAAC3NzaC1lZDI1NTE5AAAAIHENcJN/BcnV9w1ww6bQ/EjX1n907eHUqcOZA+bNegwk: not found
dpkg: error processing package install-info (--configure):
 installed install-info package post-installation script subprocess returned error exit status 127
Errors were encountered while processing:
 install-info
needrestart is being skipped since dpkg has failed
E: Sub-process /usr/bin/dpkg returned an error code (1)
