2026-09-26T05:38:15.991173+00:00 W2a 1M fp64 block 0 fused_ai_fp64
2026-09-26T05:39:02.664023+00:00 W2a 1M fp64 block 0 modal8_muladd
2026-09-26T05:39:42.405775+00:00 W2a 1M fp64 block 0 node_fp64
2026-09-26T05:40:21.734628+00:00 W2a 1M fp64 block 0 stock
2026-09-26T05:41:09.776750+00:00 W2a 1M fp64 block 1 modal8_muladd
2026-09-26T05:41:24.451956+00:00 W2a 1M fp64 block 1 fused_ai_fp64
2026-09-26T05:41:39.099919+00:00 W2a 1M fp64 block 1 stock
2026-09-26T05:41:54.791716+00:00 W2a 1M fp64 block 1 node_fp64
2026-09-26T05:42:09.333325+00:00 W2a 1M mixed block 0 node_fp64
2026-09-26T05:42:49.665000+00:00 W2a 1M mixed block 0 modal8_muladd
2026-09-26T05:43:29.929087+00:00 W2a 1M mixed block 0 fused_ai_fp64
2026-09-26T05:44:09.693975+00:00 W2a 1M mixed block 0 stock
2026-09-26T05:44:52.378146+00:00 W2a 1M mixed block 1 modal8_muladd
2026-09-26T05:45:07.042590+00:00 W2a 1M mixed block 1 node_fp64
2026-09-26T05:45:21.542158+00:00 W2a 1M mixed block 1 stock
2026-09-26T05:45:36.397944+00:00 W2a 1M mixed block 1 fused_ai_fp64
2026-09-26T05:45:50.879536+00:00 W2a 2M fp64 block 0 modal8_muladd
2026-09-26T05:46:45.841146+00:00 W2a 2M fp64 block 0 fused_ai_fp64
2026-09-26T05:47:37.999352+00:00 W2a 2M fp64 block 0 stock
2026-09-26T05:48:47.752397+00:00 W2a 2M fp64 block 0 node_fp64
2026-09-26T05:49:39.818041+00:00 W2a 2M fp64 block 1 modal8_muladd
2026-09-26T05:50:04.951526+00:00 W2a 2M fp64 block 1 stock
2026-09-26T05:50:32.536359+00:00 W2a 2M fp64 block 1 fused_ai_fp64
2026-09-26T05:50:57.713749+00:00 W2a 2M fp64 block 1 node_fp64
2026-09-26T05:51:23.051664+00:00 W2a 2M mixed block 0 modal8_muladd
2026-09-26T05:52:14.969791+00:00 W2a 2M mixed block 0 fused_ai_fp64
2026-09-26T05:53:07.192225+00:00 W2a 2M mixed block 0 node_fp64
2026-09-26T05:53:58.926526+00:00 W2a 2M mixed block 0 stock
2026-09-26T05:54:57.303552+00:00 W2a 2M mixed block 1 fused_ai_fp64
2026-09-26T05:55:22.292804+00:00 W2a 2M mixed block 1 node_fp64
2026-09-26T05:55:47.240668+00:00 W2a 2M mixed block 1 stock
2026-09-26T05:56:13.163883+00:00 W2a 2M mixed block 1 modal8_muladd
