Collecting numpy==2.2.6
  Downloading numpy-2.2.6-cp312-cp312-manylinux_2_17_x86_64.manylinux2014_x86_64.whl.metadata (62 kB)
     ━━━━━━━━━━━━━━━━━━━━━━━━━━━━━━━━━━━━━━━ 62.0/62.0 kB 856.8 kB/s eta 0:00:00
Collecting cupy-cuda12x==13.6.0
  Downloading cupy_cuda12x-13.6.0-cp312-cp312-manylinux2014_x86_64.whl.metadata (2.4 kB)
Collecting scipy==1.15.3
  Downloading scipy-1.15.3-cp312-cp312-manylinux_2_17_x86_64.manylinux2014_x86_64.whl.metadata (61 kB)
     ━━━━━━━━━━━━━━━━━━━━━━━━━━━━━━━━━━━━━━━━ 62.0/62.0 kB 3.5 MB/s eta 0:00:00
Collecting pyamg==5.3.0
  Downloading pyamg-5.3.0-cp312-cp312-manylinux_2_24_x86_64.manylinux_2_28_x86_64.whl.metadata (8.1 kB)
Collecting fastrlock>=0.5 (from cupy-cuda12x==13.6.0)
  Downloading fastrlock-0.8.3-cp312-cp312-manylinux_2_5_x86_64.manylinux1_x86_64.manylinux_2_28_x86_64.whl.metadata (7.7 kB)
Downloading numpy-2.2.6-cp312-cp312-manylinux_2_17_x86_64.manylinux2014_x86_64.whl (16.5 MB)
   ━━━━━━━━━━━━━━━━━━━━━━━━━━━━━━━━━━━━━━━━ 16.5/16.5 MB 48.7 MB/s eta 0:00:00
Downloading cupy_cuda12x-13.6.0-cp312-cp312-manylinux2014_x86_64.whl (112.9 MB)
   ━━━━━━━━━━━━━━━━━━━━━━━━━━━━━━━━━━━━━━━━ 112.9/112.9 MB 8.7 MB/s eta 0:00:00
Downloading scipy-1.15.3-cp312-cp312-manylinux_2_17_x86_64.manylinux2014_x86_64.whl (37.3 MB)
   ━━━━━━━━━━━━━━━━━━━━━━━━━━━━━━━━━━━━━━━━ 37.3/37.3 MB 14.1 MB/s eta 0:00:00
Downloading pyamg-5.3.0-cp312-cp312-manylinux_2_24_x86_64.manylinux_2_28_x86_64.whl (1.9 MB)
   ━━━━━━━━━━━━━━━━━━━━━━━━━━━━━━━━━━━━━━━━ 1.9/1.9 MB 15.6 MB/s eta 0:00:00
Downloading fastrlock-0.8.3-cp312-cp312-manylinux_2_5_x86_64.manylinux1_x86_64.manylinux_2_28_x86_64.whl (53 kB)
   ━━━━━━━━━━━━━━━━━━━━━━━━━━━━━━━━━━━━━━━━ 53.9/53.9 kB 17.7 MB/s eta 0:00:00
Installing collected packages: fastrlock, numpy, scipy, cupy-cuda12x, pyamg
Successfully installed cupy-cuda12x-13.6.0 fastrlock-0.8.3 numpy-2.2.6 pyamg-5.3.0 scipy-1.15.3
