{"case": "smoke-q4", "products_ms_median": {"fused_ai_fp64": 0.02447360008955002, "fused_fp64": 0.025036799907684325, "node_fp64": 0.02831520140171051, "dense8": 0.017459200322628023, "modal8": 0.017766399681568144, "modal8_muladd": 0.0173567995429039, "modal8_signbit": 0.018068799376487733}}
{"case": "smoke-q4", "arm": "mg64-modal8_muladd", "rep": 0, "iterations": 1, "solver_seconds": 0.0010328739881515503, "physical_passed": true}
{"case": "smoke-q4", "arm": "mg64-node", "rep": 0, "iterations": 1, "solver_seconds": 0.0010833749547600746, "physical_passed": true}
{"case": "smoke-q4", "arm": "mg32-modal8-node32", "rep": 0, "iterations": 2, "solver_seconds": 0.0020461473613977432, "physical_passed": true}
{"case": "smoke-q4", "arm": "mg64-dense8", "rep": 0, "iterations": 1, "solver_seconds": 0.0010726554319262505, "physical_passed": true}
{"case": "smoke-q4", "arm": "mg32-node64-node32", "rep": 0, "iterations": 2, "solver_seconds": 0.0020543979480862617, "physical_passed": true}
{"case": "smoke-q4", "arm": "mg32-modal8_muladd-node32", "rep": 0, "iterations": 2, "solver_seconds": 0.0020319074392318726, "physical_passed": true}
{"case": "smoke-q4", "arm": "mg64-modal8", "rep": 0, "iterations": 1, "solver_seconds": 0.0010642334818840027, "physical_passed": true}
{"case": "smoke-q4", "arm": "mg64-fused_ai", "rep": 0, "iterations": 1, "solver_seconds": 0.0012096073478460312, "physical_passed": true}
{"case": "smoke-q4", "arm": "mg64-modal8_signbit", "rep": 0, "iterations": 1, "solver_seconds": 0.0011470159515738487, "physical_passed": true}
{"case": "smoke-q4", "arm": "mg32-fused_ai64-node32", "rep": 0, "iterations": 2, "solver_seconds": 0.002064407803118229, "physical_passed": true}
{"case": "smoke-q4", "arm": "mg64-fused", "rep": 0, "iterations": 1, "solver_seconds": 0.001125735230743885, "physical_passed": true}
{"case": "smoke-q4", "arm": "mg64-modal8_signbit", "rep": 1, "iterations": 1, "solver_seconds": 0.0010805651545524597, "physical_passed": true}
{"case": "smoke-q4", "arm": "mg32-fused_ai64-node32", "rep": 1, "iterations": 2, "solver_seconds": 0.002050356939435005, "physical_passed": true}
{"case": "smoke-q4", "arm": "mg64-modal8_muladd", "rep": 1, "iterations": 1, "solver_seconds": 0.0011009350419044495, "physical_passed": true}
{"case": "smoke-q4", "arm": "mg64-fused", "rep": 1, "iterations": 1, "solver_seconds": 0.0010538939386606216, "physical_passed": true}
{"case": "smoke-q4", "arm": "mg32-modal8_muladd-node32", "rep": 1, "iterations": 2, "solver_seconds": 0.002038787119090557, "physical_passed": true}
{"case": "smoke-q4", "arm": "mg64-dense8", "rep": 1, "iterations": 1, "solver_seconds": 0.00108314398676157, "physical_passed": true}
{"case": "smoke-q4", "arm": "mg64-modal8", "rep": 1, "iterations": 1, "solver_seconds": 0.0011187754571437836, "physical_passed": true}
{"case": "smoke-q4", "arm": "mg64-node", "rep": 1, "iterations": 1, "solver_seconds": 0.0010587945580482483, "physical_passed": true}
{"case": "smoke-q4", "arm": "mg32-modal8-node32", "rep": 1, "iterations": 2, "solver_seconds": 0.0020274175330996513, "physical_passed": true}
{"case": "smoke-q4", "arm": "mg64-fused_ai", "rep": 1, "iterations": 1, "solver_seconds": 0.001115645281970501, "physical_passed": true}
{"case": "smoke-q4", "arm": "mg32-node64-node32", "rep": 1, "iterations": 2, "solver_seconds": 0.0020308271050453186, "physical_passed": true}
{"case": "smoke-q4", "arm": "mg32-fused_ai64-node32", "rep": 2, "iterations": 2, "solver_seconds": 0.002033468335866928, "physical_passed": true}
{"case": "smoke-q4", "arm": "mg64-modal8", "rep": 2, "iterations": 1, "solver_seconds": 0.001079244539141655, "physical_passed": true}
{"case": "smoke-q4", "arm": "mg64-fused_ai", "rep": 2, "iterations": 1, "solver_seconds": 0.0010676337406039238, "physical_passed": true}
{"case": "smoke-q4", "arm": "mg64-modal8_muladd", "rep": 2, "iterations": 1, "solver_seconds": 0.0010658139362931252, "physical_passed": true}
{"case": "smoke-q4", "arm": "mg32-modal8-node32", "rep": 2, "iterations": 2, "solver_seconds": 0.0020130565389990807, "physical_passed": true}
{"case": "smoke-q4", "arm": "mg64-fused", "rep": 2, "iterations": 1, "solver_seconds": 0.0010627135634422302, "physical_passed": true}
{"case": "smoke-q4", "arm": "mg32-node64-node32", "rep": 2, "iterations": 2, "solver_seconds": 0.0021079080179333687, "physical_passed": true}
{"case": "smoke-q4", "arm": "mg64-dense8", "rep": 2, "iterations": 1, "solver_seconds": 0.0010558338835835457, "physical_passed": true}
{"case": "smoke-q4", "arm": "mg64-node", "rep": 2, "iterations": 1, "solver_seconds": 0.001052534207701683, "physical_passed": true}
{"case": "smoke-q4", "arm": "mg32-modal8_muladd-node32", "rep": 2, "iterations": 2, "solver_seconds": 0.0020247669890522957, "physical_passed": true}
{"case": "smoke-q4", "arm": "mg64-modal8_signbit", "rep": 2, "iterations": 1, "solver_seconds": 0.0010671736672520638, "physical_passed": true}
{"case": "smoke-q4", "arm": "mg32-modal8_muladd-node32", "rep": 3, "iterations": 2, "solver_seconds": 0.0020749783143401146, "physical_passed": true}
{"case": "smoke-q4", "arm": "mg32-modal8-node32", "rep": 3, "iterations": 2, "solver_seconds": 0.00203055702149868, "physical_passed": true}
{"case": "smoke-q4", "arm": "mg64-modal8", "rep": 3, "iterations": 1, "solver_seconds": 0.0010522035881876945, "physical_passed": true}
{"case": "smoke-q4", "arm": "mg64-modal8_muladd", "rep": 3, "iterations": 1, "solver_seconds": 0.0010510841384530067, "physical_passed": true}
{"case": "smoke-q4", "arm": "mg64-fused_ai", "rep": 3, "iterations": 1, "solver_seconds": 0.0010696342214941978, "physical_passed": true}
{"case": "smoke-q4", "arm": "mg64-dense8", "rep": 3, "iterations": 1, "solver_seconds": 0.0010518841445446014, "physical_passed": true}
{"case": "smoke-q4", "arm": "mg64-node", "rep": 3, "iterations": 1, "solver_seconds": 0.001112404279410839, "physical_passed": true}
{"case": "smoke-q4", "arm": "mg64-modal8_signbit", "rep": 3, "iterations": 1, "solver_seconds": 0.0010528545826673508, "physical_passed": true}
{"case": "smoke-q4", "arm": "mg32-node64-node32", "rep": 3, "iterations": 2, "solver_seconds": 0.002016635611653328, "physical_passed": true}
{"case": "smoke-q4", "arm": "mg32-fused_ai64-node32", "rep": 3, "iterations": 2, "solver_seconds": 0.0020602475851774216, "physical_passed": true}
{"case": "smoke-q4", "arm": "mg64-fused", "rep": 3, "iterations": 1, "solver_seconds": 0.001068115234375, "physical_passed": true}
{"case": "smoke-q4", "arm": "mg64-fused_ai", "rep": 4, "iterations": 1, "solver_seconds": 0.0010616043582558632, "physical_passed": true}
{"case": "smoke-q4", "arm": "mg64-node", "rep": 4, "iterations": 1, "solver_seconds": 0.0010972945019602776, "physical_passed": true}
{"case": "smoke-q4", "arm": "mg32-modal8-node32", "rep": 4, "iterations": 2, "solver_seconds": 0.002021217718720436, "physical_passed": true}
{"case": "smoke-q4", "arm": "mg64-modal8", "rep": 4, "iterations": 1, "solver_seconds": 0.0010619740933179855, "physical_passed": true}
{"case": "smoke-q4", "arm": "mg32-fused_ai64-node32", "rep": 4, "iterations": 2, "solver_seconds": 0.0020599383860826492, "physical_passed": true}
{"case": "smoke-q4", "arm": "mg64-fused", "rep": 4, "iterations": 1, "solver_seconds": 0.0010783039033412933, "physical_passed": true}
{"case": "smoke-q4", "arm": "mg64-modal8_signbit", "rep": 4, "iterations": 1, "solver_seconds": 0.0010653352364897728, "physical_passed": true}
{"case": "smoke-q4", "arm": "mg64-dense8", "rep": 4, "iterations": 1, "solver_seconds": 0.0011029848828911781, "physical_passed": true}
{"case": "smoke-q4", "arm": "mg32-node64-node32", "rep": 4, "iterations": 2, "solver_seconds": 0.0020743580535054207, "physical_passed": true}
{"case": "smoke-q4", "arm": "mg32-modal8_muladd-node32", "rep": 4, "iterations": 2, "solver_seconds": 0.002030397765338421, "physical_passed": true}
{"case": "smoke-q4", "arm": "mg64-modal8_muladd", "rep": 4, "iterations": 1, "solver_seconds": 0.0010584844276309013, "physical_passed": true}
{"case": "optimized-q64", "products_ms_median": {"fused_ai_fp64": 0.6103551864624024, "fused_fp64": 0.6212607860565186, "node_fp64": 0.8212479591369629, "dense8": 0.6359551906585693, "modal8": 0.46140317916870116, "modal8_muladd": 0.27489280700683594, "modal8_signbit": 0.2926079988479614}}
{"case": "optimized-q64", "arm": "mg32-fused_ai64-node32", "rep": 0, "iterations": 13, "solver_seconds": 0.10823197197169065, "physical_passed": true}
{"case": "optimized-q64", "arm": "mg64-modal8_signbit", "rep": 0, "iterations": 13, "solver_seconds": 0.1159782949835062, "physical_passed": true}
{"case": "optimized-q64", "arm": "mg32-node64-node32", "rep": 0, "iterations": 13, "solver_seconds": 0.11442134249955416, "physical_passed": true}
{"case": "optimized-q64", "arm": "mg32-modal8_muladd-node32", "rep": 0, "iterations": 13, "solver_seconds": 0.13969374168664217, "physical_passed": true}
{"case": "optimized-q64", "arm": "mg64-fused_ai", "rep": 0, "iterations": 13, "solver_seconds": 0.15425456687808037, "physical_passed": true}
{"case": "optimized-q64", "arm": "mg64-fused", "rep": 0, "iterations": 13, "solver_seconds": 0.15472656395286322, "physical_passed": true}
{"case": "optimized-q64", "arm": "mg32-modal8-node32", "rep": 0, "iterations": 13, "solver_seconds": 0.11134038213640451, "physical_passed": true}
{"case": "optimized-q64", "arm": "mg64-modal8_muladd", "rep": 0, "iterations": 13, "solver_seconds": 0.11877620220184326, "physical_passed": true}
{"case": "optimized-q64", "arm": "mg64-dense8", "rep": 0, "iterations": 13, "solver_seconds": 0.15157500188797712, "physical_passed": true}
{"case": "optimized-q64", "arm": "mg64-node", "rep": 0, "iterations": 13, "solver_seconds": 0.17531091906130314, "physical_passed": true}
{"case": "optimized-q64", "arm": "mg64-modal8", "rep": 0, "iterations": 13, "solver_seconds": 0.12923351023346186, "physical_passed": true}
{"case": "optimized-q64", "arm": "mg64-modal8", "rep": 1, "iterations": 13, "solver_seconds": 0.12913664057850838, "physical_passed": true}
{"case": "optimized-q64", "arm": "mg32-modal8-node32", "rep": 1, "iterations": 13, "solver_seconds": 0.10430385731160641, "physical_passed": true}
{"case": "optimized-q64", "arm": "mg32-modal8_muladd-node32", "rep": 1, "iterations": 13, "solver_seconds": 0.1012925785034895, "physical_passed": true}
{"case": "optimized-q64", "arm": "mg64-dense8", "rep": 1, "iterations": 13, "solver_seconds": 0.1514629302546382, "physical_passed": true}
{"case": "optimized-q64", "arm": "mg64-node", "rep": 1, "iterations": 13, "solver_seconds": 0.17521400935947895, "physical_passed": true}
{"case": "optimized-q64", "arm": "mg32-fused_ai64-node32", "rep": 1, "iterations": 13, "solver_seconds": 0.10898855049163103, "physical_passed": true}
{"case": "optimized-q64", "arm": "mg64-modal8_muladd", "rep": 1, "iterations": 13, "solver_seconds": 0.11381145473569632, "physical_passed": true}
{"case": "optimized-q64", "arm": "mg32-node64-node32", "rep": 1, "iterations": 13, "solver_seconds": 0.11386136617511511, "physical_passed": true}
{"case": "optimized-q64", "arm": "mg64-modal8_signbit", "rep": 1, "iterations": 13, "solver_seconds": 0.11556694936007261, "physical_passed": true}
{"case": "optimized-q64", "arm": "mg64-fused", "rep": 1, "iterations": 13, "solver_seconds": 0.15428256802260876, "physical_passed": true}
{"case": "optimized-q64", "arm": "mg64-fused_ai", "rep": 1, "iterations": 13, "solver_seconds": 0.14809290505945683, "physical_passed": true}
{"case": "optimized-q64", "arm": "mg64-modal8", "rep": 2, "iterations": 13, "solver_seconds": 0.12949870619922876, "physical_passed": true}
{"case": "optimized-q64", "arm": "mg64-modal8_signbit", "rep": 2, "iterations": 13, "solver_seconds": 0.11539119575172663, "physical_passed": true}
{"case": "optimized-q64", "arm": "mg64-fused", "rep": 2, "iterations": 13, "solver_seconds": 0.1544156987220049, "physical_passed": true}
{"case": "optimized-q64", "arm": "mg64-modal8_muladd", "rep": 2, "iterations": 13, "solver_seconds": 0.11716619040817022, "physical_passed": true}
{"case": "optimized-q64", "arm": "mg32-modal8-node32", "rep": 2, "iterations": 13, "solver_seconds": 0.10553568508476019, "physical_passed": true}
{"case": "optimized-q64", "arm": "mg64-node", "rep": 2, "iterations": 13, "solver_seconds": 0.17531009018421173, "physical_passed": true}
{"case": "optimized-q64", "arm": "mg32-modal8_muladd-node32", "rep": 2, "iterations": 13, "solver_seconds": 0.10012605227530003, "physical_passed": true}
{"case": "optimized-q64", "arm": "mg64-dense8", "rep": 2, "iterations": 13, "solver_seconds": 0.1516526723280549, "physical_passed": true}
{"case": "optimized-q64", "arm": "mg32-node64-node32", "rep": 2, "iterations": 13, "solver_seconds": 0.11664588376879692, "physical_passed": true}
{"case": "optimized-q64", "arm": "mg64-fused_ai", "rep": 2, "iterations": 13, "solver_seconds": 0.14820129703730345, "physical_passed": true}
{"case": "optimized-q64", "arm": "mg32-fused_ai64-node32", "rep": 2, "iterations": 13, "solver_seconds": 0.10870535671710968, "physical_passed": true}
{"case": "optimized-q64", "arm": "mg32-fused_ai64-node32", "rep": 3, "iterations": 13, "solver_seconds": 0.10872342810034752, "physical_passed": true}
{"case": "optimized-q64", "arm": "mg64-modal8_muladd", "rep": 3, "iterations": 13, "solver_seconds": 0.1137615842744708, "physical_passed": true}
{"case": "optimized-q64", "arm": "mg32-modal8-node32", "rep": 3, "iterations": 13, "solver_seconds": 0.10511493869125843, "physical_passed": true}
{"case": "optimized-q64", "arm": "mg64-modal8", "rep": 3, "iterations": 13, "solver_seconds": 0.12895566876977682, "physical_passed": true}
{"case": "optimized-q64", "arm": "mg64-dense8", "rep": 3, "iterations": 13, "solver_seconds": 0.15153047069907188, "physical_passed": true}
{"case": "optimized-q64", "arm": "mg64-fused", "rep": 3, "iterations": 13, "solver_seconds": 0.15430519729852676, "physical_passed": true}
{"case": "optimized-q64", "arm": "mg64-modal8_signbit", "rep": 3, "iterations": 13, "solver_seconds": 0.1155146174132824, "physical_passed": true}
{"case": "optimized-q64", "arm": "mg64-fused_ai", "rep": 3, "iterations": 13, "solver_seconds": 0.14854168146848679, "physical_passed": true}
{"case": "optimized-q64", "arm": "mg32-modal8_muladd-node32", "rep": 3, "iterations": 13, "solver_seconds": 0.10029734391719103, "physical_passed": true}
{"case": "optimized-q64", "arm": "mg64-node", "rep": 3, "iterations": 13, "solver_seconds": 0.17700025159865618, "physical_passed": true}
{"case": "optimized-q64", "arm": "mg32-node64-node32", "rep": 3, "iterations": 13, "solver_seconds": 0.11495647020637989, "physical_passed": true}
{"case": "optimized-q64", "arm": "mg32-modal8_muladd-node32", "rep": 4, "iterations": 13, "solver_seconds": 0.10180896427482367, "physical_passed": true}
{"case": "optimized-q64", "arm": "mg64-fused", "rep": 4, "iterations": 13, "solver_seconds": 0.15454393159598112, "physical_passed": true}
{"case": "optimized-q64", "arm": "mg64-modal8_signbit", "rep": 4, "iterations": 13, "solver_seconds": 0.11541632749140263, "physical_passed": true}
{"case": "optimized-q64", "arm": "mg32-node64-node32", "rep": 4, "iterations": 13, "solver_seconds": 0.11902218498289585, "physical_passed": true}
{"case": "optimized-q64", "arm": "mg64-fused_ai", "rep": 4, "iterations": 13, "solver_seconds": 0.15021800342947245, "physical_passed": true}
{"case": "optimized-q64", "arm": "mg32-modal8-node32", "rep": 4, "iterations": 13, "solver_seconds": 0.1048908457159996, "physical_passed": true}
{"case": "optimized-q64", "arm": "mg64-modal8", "rep": 4, "iterations": 13, "solver_seconds": 0.12981493957340717, "physical_passed": true}
{"case": "optimized-q64", "arm": "mg32-fused_ai64-node32", "rep": 4, "iterations": 13, "solver_seconds": 0.11337387934327126, "physical_passed": true}
{"case": "optimized-q64", "arm": "mg64-dense8", "rep": 4, "iterations": 13, "solver_seconds": 0.15304268151521683, "physical_passed": true}
{"case": "optimized-q64", "arm": "mg64-node", "rep": 4, "iterations": 13, "solver_seconds": 0.17514510732144117, "physical_passed": true}
{"case": "optimized-q64", "arm": "mg64-modal8_muladd", "rep": 4, "iterations": 13, "solver_seconds": 0.11409991979598999, "physical_passed": true}
{"case": "optimized-q96", "products_ms_median": {"fused_ai_fp64": 2.045747184753418, "fused_fp64": 2.074777603149414, "node_fp64": 2.715852737426758, "dense8": 2.1324800491333007, "modal8": 1.5441920280456543, "modal8_muladd": 0.9102335929870605, "modal8_signbit": 0.9709487915039062}}
{"case": "optimized-q96", "arm": "mg32-modal8-node32", "rep": 0, "iterations": 24, "solver_seconds": 0.38927747681736946, "physical_passed": true}
{"case": "optimized-q96", "arm": "mg32-modal8_muladd-node32", "rep": 0, "iterations": 24, "solver_seconds": 0.35643912851810455, "physical_passed": true}
{"case": "optimized-q96", "arm": "mg32-fused_ai64-node32", "rep": 0, "iterations": 24, "solver_seconds": 0.41604441590607166, "physical_passed": true}
{"case": "optimized-q96", "arm": "mg64-fused_ai", "rep": 0, "iterations": 24, "solver_seconds": 0.8929986394941807, "physical_passed": true}
{"case": "optimized-q96", "arm": "mg64-fused", "rep": 0, "iterations": 24, "solver_seconds": 0.9010698171332479, "physical_passed": true}
{"case": "optimized-q96", "arm": "mg32-node64-node32", "rep": 0, "iterations": 24, "solver_seconds": 0.4427792150527239, "physical_passed": true}
{"case": "optimized-q96", "arm": "mg64-dense8", "rep": 0, "iterations": 24, "solver_seconds": 0.9138941392302513, "physical_passed": true}
{"case": "optimized-q96", "arm": "mg64-modal8_muladd", "rep": 0, "iterations": 24, "solver_seconds": 0.6208848217502236, "physical_passed": true}
{"case": "optimized-q96", "arm": "mg64-modal8_signbit", "rep": 0, "iterations": 24, "solver_seconds": 0.6353692356497049, "physical_passed": true}
{"case": "optimized-q96", "arm": "mg64-modal8", "rep": 0, "iterations": 24, "solver_seconds": 0.781700087711215, "physical_passed": true}
{"case": "optimized-q96", "arm": "mg64-node", "rep": 0, "iterations": 24, "solver_seconds": 1.0497816307470202, "physical_passed": true}
{"case": "optimized-q96", "arm": "mg32-modal8_muladd-node32", "rep": 1, "iterations": 24, "solver_seconds": 0.35999130457639694, "physical_passed": true}
{"case": "optimized-q96", "arm": "mg64-modal8_signbit", "rep": 1, "iterations": 24, "solver_seconds": 0.6355833085253835, "physical_passed": true}
{"case": "optimized-q96", "arm": "mg64-dense8", "rep": 1, "iterations": 24, "solver_seconds": 0.9142616745084524, "physical_passed": true}
{"case": "optimized-q96", "arm": "mg32-fused_ai64-node32", "rep": 1, "iterations": 24, "solver_seconds": 0.41116864047944546, "physical_passed": true}
{"case": "optimized-q96", "arm": "mg64-fused_ai", "rep": 1, "iterations": 24, "solver_seconds": 0.8994060344994068, "physical_passed": true}
{"case": "optimized-q96", "arm": "mg32-node64-node32", "rep": 1, "iterations": 24, "solver_seconds": 0.4482934381812811, "physical_passed": true}
{"case": "optimized-q96", "arm": "mg64-node", "rep": 1, "iterations": 24, "solver_seconds": 1.049860511906445, "physical_passed": true}
{"case": "optimized-q96", "arm": "mg64-modal8_muladd", "rep": 1, "iterations": 24, "solver_seconds": 0.6210994245484471, "physical_passed": true}
{"case": "optimized-q96", "arm": "mg32-modal8-node32", "rep": 1, "iterations": 24, "solver_seconds": 0.3932873420417309, "physical_passed": true}
{"case": "optimized-q96", "arm": "mg64-fused", "rep": 1, "iterations": 24, "solver_seconds": 0.9008815148845315, "physical_passed": true}
{"case": "optimized-q96", "arm": "mg64-modal8", "rep": 1, "iterations": 24, "solver_seconds": 0.7777658756822348, "physical_passed": true}
{"case": "optimized-q96", "arm": "mg64-modal8_signbit", "rep": 2, "iterations": 24, "solver_seconds": 0.6363040879368782, "physical_passed": true}
{"case": "optimized-q96", "arm": "mg32-modal8-node32", "rep": 2, "iterations": 24, "solver_seconds": 0.38387673534452915, "physical_passed": true}
{"case": "optimized-q96", "arm": "mg32-modal8_muladd-node32", "rep": 2, "iterations": 24, "solver_seconds": 0.3579520480707288, "physical_passed": true}
{"case": "optimized-q96", "arm": "mg64-fused", "rep": 2, "iterations": 24, "solver_seconds": 0.901009357534349, "physical_passed": true}
{"case": "optimized-q96", "arm": "mg64-modal8_muladd", "rep": 2, "iterations": 24, "solver_seconds": 0.6210938850417733, "physical_passed": true}
{"case": "optimized-q96", "arm": "mg32-node64-node32", "rep": 2, "iterations": 24, "solver_seconds": 0.4394133985042572, "physical_passed": true}
{"case": "optimized-q96", "arm": "mg64-fused_ai", "rep": 2, "iterations": 24, "solver_seconds": 0.8929496984928846, "physical_passed": true}
{"case": "optimized-q96", "arm": "mg64-node", "rep": 2, "iterations": 24, "solver_seconds": 1.04955720808357, "physical_passed": true}
{"case": "optimized-q96", "arm": "mg64-dense8", "rep": 2, "iterations": 24, "solver_seconds": 0.9143766863271594, "physical_passed": true}
{"case": "optimized-q96", "arm": "mg32-fused_ai64-node32", "rep": 2, "iterations": 24, "solver_seconds": 0.4101224569603801, "physical_passed": true}
{"case": "optimized-q96", "arm": "mg64-modal8", "rep": 2, "iterations": 24, "solver_seconds": 0.7729989914223552, "physical_passed": true}
{"case": "optimized-q96", "arm": "mg32-node64-node32", "rep": 3, "iterations": 24, "solver_seconds": 0.4428621055558324, "physical_passed": true}
{"case": "optimized-q96", "arm": "mg64-modal8", "rep": 3, "iterations": 24, "solver_seconds": 0.7730690930038691, "physical_passed": true}
{"case": "optimized-q96", "arm": "mg64-dense8", "rep": 3, "iterations": 24, "solver_seconds": 0.9146088091656566, "physical_passed": true}
{"case": "optimized-q96", "arm": "mg32-modal8-node32", "rep": 3, "iterations": 24, "solver_seconds": 0.38378702476620674, "physical_passed": true}
{"case": "optimized-q96", "arm": "mg64-modal8_muladd", "rep": 3, "iterations": 24, "solver_seconds": 0.6202094936743379, "physical_passed": true}
{"case": "optimized-q96", "arm": "mg64-node", "rep": 3, "iterations": 24, "solver_seconds": 1.0501602664589882, "physical_passed": true}
{"case": "optimized-q96", "arm": "mg64-fused", "rep": 3, "iterations": 24, "solver_seconds": 0.9007963938638568, "physical_passed": true}
{"case": "optimized-q96", "arm": "mg32-modal8_muladd-node32", "rep": 3, "iterations": 24, "solver_seconds": 0.3652593865990639, "physical_passed": true}
{"case": "optimized-q96", "arm": "mg64-modal8_signbit", "rep": 3, "iterations": 24, "solver_seconds": 0.6356661198660731, "physical_passed": true}
{"case": "optimized-q96", "arm": "mg64-fused_ai", "rep": 3, "iterations": 24, "solver_seconds": 0.8933854149654508, "physical_passed": true}
{"case": "optimized-q96", "arm": "mg32-fused_ai64-node32", "rep": 3, "iterations": 24, "solver_seconds": 0.4080458004027605, "physical_passed": true}
{"case": "optimized-q96", "arm": "mg64-dense8", "rep": 4, "iterations": 24, "solver_seconds": 0.9138525482267141, "physical_passed": true}
{"case": "optimized-q96", "arm": "mg64-node", "rep": 4, "iterations": 24, "solver_seconds": 1.0498151825740933, "physical_passed": true}
{"case": "optimized-q96", "arm": "mg32-node64-node32", "rep": 4, "iterations": 24, "solver_seconds": 0.4429340371862054, "physical_passed": true}
{"case": "optimized-q96", "arm": "mg32-modal8-node32", "rep": 4, "iterations": 24, "solver_seconds": 0.38377404399216175, "physical_passed": true}
{"case": "optimized-q96", "arm": "mg32-fused_ai64-node32", "rep": 4, "iterations": 24, "solver_seconds": 0.40783134661614895, "physical_passed": true}
{"case": "optimized-q96", "arm": "mg64-modal8_signbit", "rep": 4, "iterations": 24, "solver_seconds": 0.635428006760776, "physical_passed": true}
{"case": "optimized-q96", "arm": "mg64-fused", "rep": 4, "iterations": 24, "solver_seconds": 0.9010891085490584, "physical_passed": true}
{"case": "optimized-q96", "arm": "mg64-modal8_muladd", "rep": 4, "iterations": 24, "solver_seconds": 0.6210216339677572, "physical_passed": true}
{"case": "optimized-q96", "arm": "mg32-modal8_muladd-node32", "rep": 4, "iterations": 24, "solver_seconds": 0.35321977362036705, "physical_passed": true}
{"case": "optimized-q96", "arm": "mg64-fused_ai", "rep": 4, "iterations": 24, "solver_seconds": 0.8928305376321077, "physical_passed": true}
{"case": "optimized-q96", "arm": "mg64-modal8", "rep": 4, "iterations": 24, "solver_seconds": 0.7729871710762382, "physical_passed": true}
{"case": "uniform-q64", "products_ms_median": {"fused_ai_fp64": 0.6102528095245361, "fused_fp64": 0.6213632106781006, "node_fp64": 0.820854377746582, "dense8": 0.6360064029693604, "modal8": 0.46142239570617677, "modal8_muladd": 0.27494399547576903, "modal8_signbit": 0.2926079988479614}}
{"case": "uniform-q64", "arm": "mg32-modal8-node32", "rep": 0, "iterations": 9, "solver_seconds": 0.07264828402549028, "physical_passed": true}
{"case": "uniform-q64", "arm": "mg32-fused_ai64-node32", "rep": 0, "iterations": 9, "solver_seconds": 0.07705999352037907, "physical_passed": true}
{"case": "uniform-q64", "arm": "mg32-node64-node32", "rep": 0, "iterations": 9, "solver_seconds": 0.08074582275003195, "physical_passed": true}
{"case": "uniform-q64", "arm": "mg64-dense8", "rep": 0, "iterations": 9, "solver_seconds": 0.10562187526375055, "physical_passed": true}
{"case": "uniform-q64", "arm": "mg32-modal8_muladd-node32", "rep": 0, "iterations": 9, "solver_seconds": 0.07049126550555229, "physical_passed": true}
{"case": "uniform-q64", "arm": "mg64-modal8_muladd", "rep": 0, "iterations": 9, "solver_seconds": 0.08021731581538916, "physical_passed": true}
{"case": "uniform-q64", "arm": "mg64-node", "rep": 0, "iterations": 9, "solver_seconds": 0.12164433114230633, "physical_passed": true}
{"case": "uniform-q64", "arm": "mg64-fused_ai", "rep": 0, "iterations": 9, "solver_seconds": 0.10265029687434435, "physical_passed": true}
{"case": "uniform-q64", "arm": "mg64-fused", "rep": 0, "iterations": 9, "solver_seconds": 0.10675911139696836, "physical_passed": true}
{"case": "uniform-q64", "arm": "mg64-modal8_signbit", "rep": 0, "iterations": 9, "solver_seconds": 0.08088133297860622, "physical_passed": true}
{"case": "uniform-q64", "arm": "mg64-modal8", "rep": 0, "iterations": 9, "solver_seconds": 0.08998839743435383, "physical_passed": true}
{"case": "uniform-q64", "arm": "mg64-node", "rep": 1, "iterations": 9, "solver_seconds": 0.12161000072956085, "physical_passed": true}
{"case": "uniform-q64", "arm": "mg64-modal8_muladd", "rep": 1, "iterations": 9, "solver_seconds": 0.08064270112663507, "physical_passed": true}
{"case": "uniform-q64", "arm": "mg64-fused", "rep": 1, "iterations": 9, "solver_seconds": 0.1067660404369235, "physical_passed": true}
{"case": "uniform-q64", "arm": "mg64-modal8", "rep": 1, "iterations": 9, "solver_seconds": 0.09007337689399719, "physical_passed": true}
{"case": "uniform-q64", "arm": "mg32-node64-node32", "rep": 1, "iterations": 9, "solver_seconds": 0.08069319184869528, "physical_passed": true}
{"case": "uniform-q64", "arm": "mg32-modal8-node32", "rep": 1, "iterations": 9, "solver_seconds": 0.07416464388370514, "physical_passed": true}
{"case": "uniform-q64", "arm": "mg64-modal8_signbit", "rep": 1, "iterations": 9, "solver_seconds": 0.08136249147355556, "physical_passed": true}
{"case": "uniform-q64", "arm": "mg64-fused_ai", "rep": 1, "iterations": 9, "solver_seconds": 0.10267965588718653, "physical_passed": true}
{"case": "uniform-q64", "arm": "mg32-fused_ai64-node32", "rep": 1, "iterations": 9, "solver_seconds": 0.07661042641848326, "physical_passed": true}
{"case": "uniform-q64", "arm": "mg64-dense8", "rep": 1, "iterations": 9, "solver_seconds": 0.10503050778061152, "physical_passed": true}
{"case": "uniform-q64", "arm": "mg32-modal8_muladd-node32", "rep": 1, "iterations": 9, "solver_seconds": 0.07112927455455065, "physical_passed": true}
{"case": "uniform-q64", "arm": "mg32-node64-node32", "rep": 2, "iterations": 9, "solver_seconds": 0.0842895396053791, "physical_passed": true}
{"case": "uniform-q64", "arm": "mg64-fused_ai", "rep": 2, "iterations": 9, "solver_seconds": 0.10278973821550608, "physical_passed": true}
{"case": "uniform-q64", "arm": "mg64-node", "rep": 2, "iterations": 9, "solver_seconds": 0.12157075945287943, "physical_passed": true}
{"case": "uniform-q64", "arm": "mg64-modal8_signbit", "rep": 2, "iterations": 9, "solver_seconds": 0.08094062563031912, "physical_passed": true}
{"case": "uniform-q64", "arm": "mg64-modal8", "rep": 2, "iterations": 9, "solver_seconds": 0.09004310704767704, "physical_passed": true}
{"case": "uniform-q64", "arm": "mg32-modal8_muladd-node32", "rep": 2, "iterations": 9, "solver_seconds": 0.07021655142307281, "physical_passed": true}
{"case": "uniform-q64", "arm": "mg64-modal8_muladd", "rep": 2, "iterations": 9, "solver_seconds": 0.08947777934372425, "physical_passed": true}
{"case": "uniform-q64", "arm": "mg32-fused_ai64-node32", "rep": 2, "iterations": 9, "solver_seconds": 0.07631795387715101, "physical_passed": true}
{"case": "uniform-q64", "arm": "mg64-dense8", "rep": 2, "iterations": 9, "solver_seconds": 0.10530230216681957, "physical_passed": true}
{"case": "uniform-q64", "arm": "mg64-fused", "rep": 2, "iterations": 9, "solver_seconds": 0.10678897146135569, "physical_passed": true}
{"case": "uniform-q64", "arm": "mg32-modal8-node32", "rep": 2, "iterations": 9, "solver_seconds": 0.07479303237050772, "physical_passed": true}
{"case": "uniform-q64", "arm": "mg32-modal8_muladd-node32", "rep": 3, "iterations": 9, "solver_seconds": 0.07102850172668695, "physical_passed": true}
{"case": "uniform-q64", "arm": "mg32-modal8-node32", "rep": 3, "iterations": 9, "solver_seconds": 0.07378923892974854, "physical_passed": true}
{"case": "uniform-q64", "arm": "mg64-modal8_signbit", "rep": 3, "iterations": 9, "solver_seconds": 0.08067064080387354, "physical_passed": true}
{"case": "uniform-q64", "arm": "mg64-fused", "rep": 3, "iterations": 9, "solver_seconds": 0.1071094861254096, "physical_passed": true}
{"case": "uniform-q64", "arm": "mg64-node", "rep": 3, "iterations": 9, "solver_seconds": 0.12151487916707993, "physical_passed": true}
{"case": "uniform-q64", "arm": "mg64-dense8", "rep": 3, "iterations": 9, "solver_seconds": 0.105089807882905, "physical_passed": true}
{"case": "uniform-q64", "arm": "mg32-node64-node32", "rep": 3, "iterations": 9, "solver_seconds": 0.08015214558690786, "physical_passed": true}
{"case": "uniform-q64", "arm": "mg64-modal8", "rep": 3, "iterations": 9, "solver_seconds": 0.08994377590715885, "physical_passed": true}
{"case": "uniform-q64", "arm": "mg64-modal8_muladd", "rep": 3, "iterations": 9, "solver_seconds": 0.0800823038443923, "physical_passed": true}
{"case": "uniform-q64", "arm": "mg32-fused_ai64-node32", "rep": 3, "iterations": 9, "solver_seconds": 0.07759222015738487, "physical_passed": true}
{"case": "uniform-q64", "arm": "mg64-fused_ai", "rep": 3, "iterations": 9, "solver_seconds": 0.10380606260150671, "physical_passed": true}
{"case": "uniform-q64", "arm": "mg32-modal8_muladd-node32", "rep": 4, "iterations": 9, "solver_seconds": 0.07038691453635693, "physical_passed": true}
{"case": "uniform-q64", "arm": "mg64-dense8", "rep": 4, "iterations": 9, "solver_seconds": 0.10504189785569906, "physical_passed": true}
{"case": "uniform-q64", "arm": "mg64-modal8", "rep": 4, "iterations": 9, "solver_seconds": 0.08992604538798332, "physical_passed": true}
{"case": "uniform-q64", "arm": "mg32-node64-node32", "rep": 4, "iterations": 9, "solver_seconds": 0.08064866065979004, "physical_passed": true}
{"case": "uniform-q64", "arm": "mg64-node", "rep": 4, "iterations": 9, "solver_seconds": 0.12163462955504656, "physical_passed": true}
{"case": "uniform-q64", "arm": "mg64-fused_ai", "rep": 4, "iterations": 9, "solver_seconds": 0.10274429712444544, "physical_passed": true}
{"case": "uniform-q64", "arm": "mg32-fused_ai64-node32", "rep": 4, "iterations": 9, "solver_seconds": 0.07737274654209614, "physical_passed": true}
{"case": "uniform-q64", "arm": "mg32-modal8-node32", "rep": 4, "iterations": 9, "solver_seconds": 0.0739657524973154, "physical_passed": true}
{"case": "uniform-q64", "arm": "mg64-modal8_muladd", "rep": 4, "iterations": 9, "solver_seconds": 0.08013820368796587, "physical_passed": true}
{"case": "uniform-q64", "arm": "mg64-modal8_signbit", "rep": 4, "iterations": 9, "solver_seconds": 0.08091580402106047, "physical_passed": true}
{"case": "uniform-q64", "arm": "mg64-fused", "rep": 4, "iterations": 9, "solver_seconds": 0.106734081171453, "physical_passed": true}
